[2026-09-14 12:19:53 UTC] [INFO    ] [STEP 041] LOGGER INITIALIZED: step_041_envelope_heuristic_sensitivity (Step 041)
[2026-09-14 12:19:53 UTC] [DEBUG   ] [STEP 041] Log file: /Users/matthewsmawfield/www/Temporal Equivalence Principle/TEP-EFA/logs/step_041_envelope_heuristic_sensitivity.log
[2026-09-14 12:19:53 UTC] [DEBUG   ] [STEP 041] Project root: /Users/matthewsmawfield/www/Temporal Equivalence Principle/TEP-EFA
[2026-09-14 12:19:53 UTC] [INFO    ] [STEP 041] ================================================================================
[2026-09-14 12:19:53 UTC] [INFO    ] [STEP 041] STEP 041: GEOMETRY ENVELOPE HEURISTIC SENSITIVITY
[2026-09-14 12:19:53 UTC] [INFO    ] [STEP 041] ================================================================================
[2026-09-14 12:19:56 UTC] [INFO    ] [STEP 041] Monte Carlo parallel workers: 10 (cpu_count=15)
[2026-09-14 12:20:07 UTC] [INFO    ] [STEP 041] ✓ Wrote /Users/matthewsmawfield/www/Temporal Equivalence Principle/TEP-EFA/results/step041_envelope_heuristic_sensitivity.json
[2026-09-14 12:20:07 UTC] [INFO    ] [STEP 041]   Output: step041_envelope_heuristic_sensitivity.json (Envelope heuristic sensitivity)
[2026-09-14 12:20:07 UTC] [INFO    ] [STEP 041] 
[2026-09-14 12:20:07 UTC] [INFO    ] [STEP 041] ================================================================================
[2026-09-14 12:20:07 UTC] [INFO    ] [STEP 041] STEP SUMMARY: step_041_envelope_heuristic_sensitivity
[2026-09-14 12:20:07 UTC] [INFO    ] [STEP 041] ================================================================================
[2026-09-14 12:20:07 UTC] [INFO    ] [STEP 041] Step Number: 041
[2026-09-14 12:20:07 UTC] [INFO    ] [STEP 041] Status: SUCCESS
[2026-09-14 12:20:07 UTC] [INFO    ] [STEP 041] Duration: 14.31s
[2026-09-14 12:20:07 UTC] [INFO    ] [STEP 041] Calculations Logged: 0
[2026-09-14 12:20:07 UTC] [INFO    ] [STEP 041] Output Files: 1
[2026-09-14 12:20:07 UTC] [INFO    ] [STEP 041] Log file: /Users/matthewsmawfield/www/Temporal Equivalence Principle/TEP-EFA/logs/step_041_envelope_heuristic_sensitivity.log
[2026-09-14 12:20:07 UTC] [INFO    ] [STEP 041] 
[2026-09-14 12:20:07 UTC] [INFO    ] [STEP 041] Generated 1 output file(s):
[2026-09-14 12:20:07 UTC] [INFO    ] [STEP 041]   • step041_envelope_heuristic_sensitivity.json: 231.87 KB - Envelope heuristic sensitivity
[2026-09-14 12:20:07 UTC] [INFO    ] [STEP 041] ================================================================================
[2026-09-14 12:20:07 UTC] [INFO    ] [STEP 041] STEP 041 COMPLETE: SUCCESS
[2026-09-14 12:20:07 UTC] [INFO    ] [STEP 041] Provenance data saved to /Users/matthewsmawfield/www/Temporal Equivalence Principle/TEP-EFA/results/provenance/step_041_envelope_heuristic_sensitivity_provenance.json
[2026-09-14 11:20:07 UTC] [INFO    ] [STEP 041] 
[2026-09-14 11:20:07 UTC] [INFO    ] [STEP 041] ================================================================================
[2026-09-14 11:20:07 UTC] [INFO    ] [STEP 041] EXECUTIVE SUMMARY
[2026-09-14 11:20:07 UTC] [INFO    ] [STEP 041] ================================================================================
[2026-09-14 11:20:07 UTC] [INFO    ] [STEP 041] Step: step_041_envelope_heuristic_sensitivity (Step 041)
[2026-09-14 11:20:07 UTC] [INFO    ] [STEP 041] Status: SUCCESS
[2026-09-14 11:20:07 UTC] [INFO    ] [STEP 041] Duration: 14.31s
[2026-09-14 11:20:07 UTC] [INFO    ] [STEP 041] Calculations: 0
[2026-09-14 11:20:07 UTC] [INFO    ] [STEP 041] Output Files: 1
[2026-09-14 11:20:07 UTC] [INFO    ] [STEP 041] Key Outputs:
[2026-09-14 11:20:07 UTC] [INFO    ] [STEP 041]   - step041_envelope_heuristic_sensitivity.json (231.87 KB)
[2026-09-14 11:20:07 UTC] [INFO    ] [STEP 041] ================================================================================
