[INFO] [STEP 034] LOGGER INITIALIZED: step_034_covariant_holonomy (Step 034)
[INFO] [STEP 034] ================================================================================
[INFO] [STEP 034] STEP 034: COVARIANT TEMPORAL SHEAR IMPULSE
[INFO] [STEP 034] ================================================================================
[INFO] [STEP 034] Computing exact metric time-transport non-closure (temporal shear impulse) around DSN tracking loop.
[INFO] [STEP 034] Using GW170817 multi-messenger disformal bound: (B/A)|grad phi|^2 = 1e-15
[INFO] [STEP 034] Loop proper-time non-closure (H): 0.02 femtoseconds
[INFO] [STEP 034] Apparent kinematic velocity mismatch: 0.000150 mm/s
[INFO] [STEP 034] ✓ The covariant ray-trace confirms that a disformal metric perturbation bounded 
[INFO] [STEP 034] ✓ by GW170817 yields femtosecond-scale temporal shear impulse on planetary baselines.
[INFO] [STEP 034] ✓ This physically isolates the conformal gradient (classical scalar force) as the 
[INFO] [STEP 034] ✓ dominant driver of the mm/s-scale Flyby Anomaly, preserving theoretical purity.
[INFO] [STEP 034] Exported temporal shear impulse verification to /Users/matthewsmawfield/www/Temporal Equivalence Principle/TEP-EFA/results/step034_holonomy_results.json
[INFO] [STEP 034] 
[INFO] [STEP 034] ================================================================================
[INFO] [STEP 034] STEP SUMMARY: step_034_covariant_holonomy
[INFO] [STEP 034] ================================================================================
[INFO] [STEP 034] Step Number: 034
[INFO] [STEP 034] Status: SUCCESS
[INFO] [STEP 034] Duration: 0.00s
[INFO] [STEP 034] Calculations Logged: 0
[INFO] [STEP 034] Output Files: 0
[INFO] [STEP 034] Log file: /Users/matthewsmawfield/www/Temporal Equivalence Principle/TEP-EFA/logs/step_034_covariant_holonomy.log
[INFO] [STEP 034] No output files generated
[INFO] [STEP 034] ================================================================================
[INFO] [STEP 034] STEP 034 COMPLETE: SUCCESS
[INFO] [STEP 034] Provenance data saved to /Users/matthewsmawfield/www/Temporal Equivalence Principle/TEP-EFA/results/provenance/step_034_covariant_holonomy_provenance.json
