[2026-09-26 15:19:09 UTC] [INFO    ] [STEP 011] LOGGER INITIALIZED: step_011_trajectory_integration (Step 011)
[2026-09-26 15:19:09 UTC] [DEBUG   ] [STEP 011] Log file: /Users/matthewsmawfield/www/Temporal Equivalence Principle/TEP-EFA/logs/step_011_trajectory_integration.log
[2026-09-26 15:19:09 UTC] [DEBUG   ] [STEP 011] Project root: /Users/matthewsmawfield/www/Temporal Equivalence Principle/TEP-EFA
[2026-09-26 15:19:09 UTC] [INFO    ] [STEP 011] ================================================================================
[2026-09-26 15:19:09 UTC] [INFO    ] [STEP 011] STEP 011: 3D TRAJECTORY INTEGRATION WITH β MODULATION
[2026-09-26 15:19:09 UTC] [INFO    ] [STEP 011] ================================================================================
[2026-09-26 15:19:09 UTC] [INFO    ] [STEP 011] Transforming β scatter from limitation to predictive triumph
[2026-09-26 15:19:09 UTC] [DEBUG   ] [CALC-011-0001] CALCULATION: Baseline Coupling
[2026-09-26 15:19:09 UTC] [DEBUG   ] [CALC-011-0001]   FORMULA: β₀ from weighted mean
[2026-09-26 15:19:09 UTC] [DEBUG   ] [CALC-011-0001]   RESULT: 0.0019487725462354747
[2026-09-26 15:19:09 UTC] [INFO    ] [STEP 011] 
Integrating: NEAR
[2026-09-26 15:19:09 UTC] [INFO    ] [STEP 011]   Generated Keplerian ephemeris for NEAR (4320 points)
[2026-09-26 15:19:09 UTC] [INFO    ] [STEP 011]   Integrated Δv: 11.693 mm/s
[2026-09-26 15:19:09 UTC] [INFO    ] [STEP 011]   Perigee Δv: 1.527 mm/s
[2026-09-26 15:19:09 UTC] [INFO    ] [STEP 011]   β_eff: 3.711e-04 (β₀ × 0.190)
[2026-09-26 15:19:09 UTC] [INFO    ] [STEP 011] 
Integrating: Galileo_1990
[2026-09-26 15:19:09 UTC] [INFO    ] [STEP 011]   Generated Keplerian ephemeris for Galileo_1990 (4320 points)
[2026-09-26 15:19:09 UTC] [INFO    ] [STEP 011]   Integrated Δv: 0.822 mm/s
[2026-09-26 15:19:09 UTC] [INFO    ] [STEP 011]   Perigee Δv: 0.137 mm/s
[2026-09-26 15:19:09 UTC] [INFO    ] [STEP 011]   β_eff: 5.462e-04 (β₀ × 0.280)
[2026-09-26 15:19:09 UTC] [INFO    ] [STEP 011] 
Integrating: Cassini
[2026-09-26 15:19:10 UTC] [INFO    ] [STEP 011]   Generated Keplerian ephemeris for Cassini (4320 points)
[2026-09-26 15:19:10 UTC] [INFO    ] [STEP 011]   Integrated Δv: -0.004 mm/s
[2026-09-26 15:19:10 UTC] [INFO    ] [STEP 011]   Perigee Δv: -0.000 mm/s
[2026-09-26 15:19:10 UTC] [INFO    ] [STEP 011]   β_eff: 6.884e-04 (β₀ × 0.353)
[2026-09-26 15:19:10 UTC] [INFO    ] [STEP 011] 
Integrating: Galileo_1992
[2026-09-26 15:19:10 UTC] [INFO    ] [STEP 011]   Generated Keplerian ephemeris for Galileo_1992 (4320 points)
[2026-09-26 15:19:10 UTC] [INFO    ] [STEP 011]   Integrated Δv: 0.628 mm/s
[2026-09-26 15:19:10 UTC] [INFO    ] [STEP 011]   Perigee Δv: -0.035 mm/s
[2026-09-26 15:19:10 UTC] [INFO    ] [STEP 011]   β_eff: 2.935e-04 (β₀ × 0.151)
[2026-09-26 15:19:10 UTC] [INFO    ] [STEP 011] 
Integrating: Rosetta_2005
[2026-09-26 15:19:10 UTC] [INFO    ] [STEP 011]   Generated Keplerian ephemeris for Rosetta_2005 (4320 points)
[2026-09-26 15:19:10 UTC] [INFO    ] [STEP 011]   Integrated Δv: 0.446 mm/s
[2026-09-26 15:19:10 UTC] [INFO    ] [STEP 011]   Perigee Δv: 0.176 mm/s
[2026-09-26 15:19:10 UTC] [INFO    ] [STEP 011]   β_eff: 7.620e-04 (β₀ × 0.391)
[2026-09-26 15:19:10 UTC] [INFO    ] [STEP 011] 
Integrating: Rosetta_2007
[2026-09-26 15:19:10 UTC] [INFO    ] [STEP 011]   Generated Keplerian ephemeris for Rosetta_2007 (4320 points)
[2026-09-26 15:19:10 UTC] [INFO    ] [STEP 011]   Integrated Δv: 0.000 mm/s
[2026-09-26 15:19:10 UTC] [INFO    ] [STEP 011]   Perigee Δv: 0.000 mm/s
[2026-09-26 15:19:10 UTC] [INFO    ] [STEP 011]   β_eff: 1.543e-04 (β₀ × 0.079)
[2026-09-26 15:19:10 UTC] [INFO    ] [STEP 011] 
Integrating: Rosetta_2009
[2026-09-26 15:19:10 UTC] [INFO    ] [STEP 011]   Generated Keplerian ephemeris for Rosetta_2009 (4320 points)
[2026-09-26 15:19:11 UTC] [INFO    ] [STEP 011]   Integrated Δv: 0.010 mm/s
[2026-09-26 15:19:11 UTC] [INFO    ] [STEP 011]   Perigee Δv: 0.001 mm/s
[2026-09-26 15:19:11 UTC] [INFO    ] [STEP 011]   β_eff: 5.418e-04 (β₀ × 0.278)
[2026-09-26 15:19:11 UTC] [INFO    ] [STEP 011] 
Integrating: MESSENGER_2005
[2026-09-26 15:19:11 UTC] [INFO    ] [STEP 011]   Generated Keplerian ephemeris for MESSENGER_2005 (4320 points)
[2026-09-26 15:19:11 UTC] [INFO    ] [STEP 011]   Integrated Δv: 0.000 mm/s
[2026-09-26 15:19:11 UTC] [INFO    ] [STEP 011]   Perigee Δv: 0.000 mm/s
[2026-09-26 15:19:11 UTC] [INFO    ] [STEP 011]   β_eff: 6.601e-04 (β₀ × 0.339)
[2026-09-26 15:19:11 UTC] [INFO    ] [STEP 011] 
Integrating: Juno
[2026-09-26 15:19:11 UTC] [INFO    ] [STEP 011]   Generated Keplerian ephemeris for Juno (4320 points)
[2026-09-26 15:19:11 UTC] [INFO    ] [STEP 011]   Integrated Δv: 0.159 mm/s
[2026-09-26 15:19:11 UTC] [INFO    ] [STEP 011]   Perigee Δv: 0.013 mm/s
[2026-09-26 15:19:11 UTC] [INFO    ] [STEP 011]   β_eff: 4.902e-04 (β₀ × 0.252)
[2026-09-26 15:19:11 UTC] [INFO    ] [STEP 011] 
Integrating: Stardust
[2026-09-26 15:19:11 UTC] [INFO    ] [STEP 011]   Generated Keplerian ephemeris for Stardust (4320 points)
[2026-09-26 15:19:11 UTC] [INFO    ] [STEP 011]   Integrated Δv: 0.000 mm/s
[2026-09-26 15:19:11 UTC] [INFO    ] [STEP 011]   Perigee Δv: -0.000 mm/s
[2026-09-26 15:19:11 UTC] [INFO    ] [STEP 011]   β_eff: 1.046e-04 (β₀ × 0.054)
[2026-09-26 15:19:11 UTC] [INFO    ] [STEP 011] 
Integrating: OSIRIS-REx
[2026-09-26 15:19:11 UTC] [INFO    ] [STEP 011]   Generated Keplerian ephemeris for OSIRIS-REx (4320 points)
[2026-09-26 15:19:11 UTC] [INFO    ] [STEP 011]   Integrated Δv: 0.000 mm/s
[2026-09-26 15:19:11 UTC] [INFO    ] [STEP 011]   Perigee Δv: 0.000 mm/s
[2026-09-26 15:19:11 UTC] [INFO    ] [STEP 011]   β_eff: 3.975e-07 (β₀ × 0.000)
[2026-09-26 15:19:11 UTC] [INFO    ] [STEP 011] 
Integrating: BepiColombo
[2026-09-26 15:19:12 UTC] [INFO    ] [STEP 011]   Generated Keplerian ephemeris for BepiColombo (4320 points)
[2026-09-26 15:19:12 UTC] [INFO    ] [STEP 011]   Integrated Δv: nan mm/s
[2026-09-26 15:19:12 UTC] [INFO    ] [STEP 011]   Perigee Δv: -0.000 mm/s
[2026-09-26 15:19:12 UTC] [INFO    ] [STEP 011]   β_eff: 3.533e-06 (β₀ × 0.002)
[2026-09-26 15:19:12 UTC] [INFO    ] [STEP 011] ✓ 
Full 3D integration complete. Results saved to: /Users/matthewsmawfield/www/Temporal Equivalence Principle/TEP-EFA/results/step011_trajectory_integration.json
[2026-09-26 15:19:12 UTC] [INFO    ] [STEP 011] β_eff range: 1916.65× (explains observed heterogeneity)
[2026-09-26 15:19:12 UTC] [INFO    ] [STEP 011] 
[2026-09-26 15:19:12 UTC] [INFO    ] [STEP 011] ================================================================================
[2026-09-26 15:19:12 UTC] [INFO    ] [STEP 011] STEP SUMMARY: step_011_trajectory_integration
[2026-09-26 15:19:12 UTC] [INFO    ] [STEP 011] ================================================================================
[2026-09-26 15:19:12 UTC] [INFO    ] [STEP 011] Step Number: 011
[2026-09-26 15:19:12 UTC] [INFO    ] [STEP 011] Status: SUCCESS
[2026-09-26 15:19:12 UTC] [INFO    ] [STEP 011] Duration: 2.70s
[2026-09-26 15:19:12 UTC] [INFO    ] [STEP 011] Calculations Logged: 1
[2026-09-26 15:19:12 UTC] [INFO    ] [STEP 011] Output Files: 0
[2026-09-26 15:19:12 UTC] [INFO    ] [STEP 011] Log file: /Users/matthewsmawfield/www/Temporal Equivalence Principle/TEP-EFA/logs/step_011_trajectory_integration.log
[2026-09-26 15:19:12 UTC] [INFO    ] [STEP 011] No output files generated
[2026-09-26 15:19:12 UTC] [INFO    ] [STEP 011] ================================================================================
[2026-09-26 15:19:12 UTC] [INFO    ] [STEP 011] STEP 011 COMPLETE: SUCCESS
[2026-09-26 15:19:12 UTC] [INFO    ] [STEP 011] Provenance data saved to /Users/matthewsmawfield/www/Temporal Equivalence Principle/TEP-EFA/results/provenance/step_011_trajectory_integration_provenance.json
[2026-09-26 14:19:12 UTC] [INFO    ] [STEP 011] 
[2026-09-26 14:19:12 UTC] [INFO    ] [STEP 011] ================================================================================
[2026-09-26 14:19:12 UTC] [INFO    ] [STEP 011] EXECUTIVE SUMMARY
[2026-09-26 14:19:12 UTC] [INFO    ] [STEP 011] ================================================================================
[2026-09-26 14:19:12 UTC] [INFO    ] [STEP 011] Step: step_011_trajectory_integration (Step 011)
[2026-09-26 14:19:12 UTC] [INFO    ] [STEP 011] Status: SUCCESS
[2026-09-26 14:19:12 UTC] [INFO    ] [STEP 011] Duration: 2.70s
[2026-09-26 14:19:12 UTC] [INFO    ] [STEP 011] Calculations: 1
[2026-09-26 14:19:12 UTC] [INFO    ] [STEP 011] Output Files: 0
[2026-09-26 14:19:12 UTC] [INFO    ] [STEP 011] ================================================================================
