[INFO] [STEP 012] LOGGER INITIALIZED: step_012_od_filter_simulation (Step 012)
[INFO] [STEP 012] ================================================================================
[INFO] [STEP 012] STEP 012: RIGOROUS ORBIT DETERMINATION FILTER SIMULATION
[INFO] [STEP 012] ================================================================================
[INFO] [STEP 012] Demonstrating OD Suppression Hypothesis with physically-motivated models
[INFO] [STEP 012] Flyby geometry:
[INFO] [STEP 012]   Perigee altitude: 500000 m
[INFO] [STEP 012]   Hyperbolic excess velocity: 10000 m/s
[INFO] [STEP 012]   Arc duration: 7200 s
[INFO] [STEP 012]   Time steps: 721
[INFO] [STEP 012] TEP model parameters:
[INFO] [STEP 012]   Coupling strength (alpha): 2.00e-07 m/s^2
[INFO] [STEP 012]   Length scale (lambda): 1000000 m
[INFO] [STEP 012] ✓ Physics models initialized successfully
[INFO] [STEP 012] energy_conservation: PASS
[INFO] [STEP 012]   initial_energy: 49999993.918193
[INFO] [STEP 012]   final_energy: 49999987.9088765
[INFO] [STEP 012]   relative_drift: -1.2018634455002377e-07
[INFO] [STEP 012] angular_momentum_conservation: PASS
[INFO] [STEP 012]   initial_h: 50494136245.42526
[INFO] [STEP 012]   final_h: 50494135773.714874
[INFO] [STEP 012]   relative_drift: -9.341884489138685e-09
[INFO] [STEP 012] tep_acceleration: PASS
[INFO] [STEP 012]   computed_magnitude: 1.213061319425267e-07
[INFO] [STEP 012]   expected_magnitude: 1.213061319425267e-07
[INFO] [STEP 012]   relative_error: 0.0
[INFO] [STEP 012] tep_direction: PASS
[INFO] [STEP 012]   a_x: -1.213061319425267e-07
[INFO] [STEP 012]   a_y: -0.0
[INFO] [STEP 012]   a_z: -0.0
[INFO] [STEP 012]   direction_error: 0.0
[INFO] [STEP 012] ✓ All validation tests passed
[INFO] [STEP 012] Pure Keplerian velocity at perigee: 11983.18 m/s
[INFO] [STEP 012] TEP velocity at perigee: 11983.18 m/s
[INFO] [STEP 012] Injected delta-V (total arc): 0.004 mm/s
[INFO] [STEP 012] Peak TEP acceleration: 10.12 um/s^2
[INFO] [STEP 012] ✓ Truth trajectory generated with TEP force injection
[INFO] [STEP 012] Minimal OD on pure Kepler + paired noise: RMS=0.0983 mm/s (sigma=0.1000 mm/s)
[INFO] [STEP 012] Oracle 6-state OD (TEP dynamics) on TEP measurements: RMS=0.0983 mm/s
[INFO] [STEP 012] Batch least-squares with pure Keplerian dynamics (no empirical accelerations)
[INFO] [STEP 012] Estimation converged: False
[INFO] [STEP 012] Iterations: 30
[INFO] [STEP 012] Post-fit residual RMS: 0.101 mm/s
[INFO] [STEP 012] Detected delta-V (vs Keplerian): 0.044 mm/s
[INFO] [STEP 012] Constant empirical acceleration correction on the same arc
[INFO] [STEP 012] Post-fit residual RMS: 0.102 mm/s
[INFO] [STEP 012] Detected delta-V (vs Keplerian): -0.072 mm/s
[INFO] [STEP 012] Final empirical acceleration: 0.084 um/s^2
[INFO] [STEP 012] Perigee index 497 (t=-430.0 s): |Δr|=0.44 m, |Δv|=27.2175 mm/s
[INFO] [STEP 012] True injected speed delta over arc: 0.004 mm/s
[INFO] [STEP 012] Injected Doppler signal RMS: 0.395 mm/s
[INFO] [STEP 012] Injected Doppler signal peak-to-peak: 6.267 mm/s
[INFO] [STEP 012] 
[INFO] [STEP 012] MINIMAL OD RESULTS:
[INFO] [STEP 012]   Detected delta-V: 0.044 mm/s
[INFO] [STEP 012]   Residual/injected observable fraction: 25.6%
[INFO] [STEP 012]   Observable suppression: 74.4%
[INFO] [STEP 012] 
[INFO] [STEP 012] MODERN OD RESULTS:
[INFO] [STEP 012]   Detected delta-V: -0.072 mm/s
[INFO] [STEP 012]   Residual/injected observable fraction: 25.8%
[INFO] [STEP 012]   Observable suppression: 74.2%
[INFO] [STEP 012]   Minimal residual RMS / noise-only control RMS: 1.027
[INFO] [STEP 012]   Minimal residual RMS / oracle(TEP) control RMS: 1.027
[WARNING] [STEP 012] ⚠ OD suppression is numerically visible, but this synthetic run is not a mission-specific F_OD calibration.
[INFO] [STEP 012] two_station_average_one_way: inj RMS=0.273 mm/s, minimal suppr=64.2%, RMS_tep/RMS_null=1.000
[INFO] [STEP 012] two_station_stacked_one_way: inj RMS=0.333 mm/s, minimal suppr=67.7%, RMS_tep/RMS_null=1.083
[INFO] [STEP 012] one_station_two_way_toy_scale_2: inj RMS=0.791 mm/s, minimal suppr=86.4%, RMS_tep/RMS_null=1.100
[INFO] [STEP 012] Results exported to /Users/matthewsmawfield/www/Temporal Equivalence Principle/TEP-EFA/results/step012_od_simulation_validation.json
[INFO] [STEP 012] 
[INFO] [STEP 012] ================================================================================
[INFO] [STEP 012] STEP SUMMARY: step_012_od_filter_simulation
[INFO] [STEP 012] ================================================================================
[INFO] [STEP 012] Step Number: 012
[INFO] [STEP 012] Status: SUCCESS
[INFO] [STEP 012] Duration: 9.01s
[INFO] [STEP 012] Calculations Logged: 0
[INFO] [STEP 012] Output Files: 0
[INFO] [STEP 012] Log file: /Users/matthewsmawfield/www/Temporal Equivalence Principle/TEP-EFA/logs/step_012_od_filter_simulation.log
[INFO] [STEP 012] No output files generated
[INFO] [STEP 012] ================================================================================
[INFO] [STEP 012] STEP 012 COMPLETE: SUCCESS
[INFO] [STEP 012] Provenance data saved to /Users/matthewsmawfield/www/Temporal Equivalence Principle/TEP-EFA/results/provenance/step_012_od_filter_simulation_provenance.json
[WARNING] [STEP 012] ⚠ This synthetic simulation is diagnostic only:
[WARNING] [STEP 012] ⚠ 1. It is not a mission-specific OD configuration.
[WARNING] [STEP 012] ⚠ 2. It must not be used to compute F_OD survival factors.
[WARNING] [STEP 012] ⚠ 3. Empirical-acceleration OD calibration requires real mission OD settings.
