[INFO] [STEP 019] LOGGER INITIALIZED: step_019_3d_field_integration (Step 019)
[INFO] [STEP 019] LOGGER INITIALIZED: step_019_3d_field_integration (Step 019)
[INFO] [STEP 019] LOGGER INITIALIZED: step_019_3d_field_integration (Step 019)
[INFO] [STEP 019] β = 1.00e-04
[INFO] [STEP 019] J2 = 1.08e-03
[WARNING] [STEP 019] ⚠ Using idealized analytic hypoflyby paths (metadata.trajectory_source); results are diagnostic only, not mission-true arcs.
[INFO] [STEP 019] Processing NEAR...
[INFO] [STEP 019]   3D integration: 8.7040 mm/s
[INFO] [STEP 019]   Simplified: 6.9329 mm/s
[INFO] [STEP 019]   Current: 0.3036 mm/s
[INFO] [STEP 019]   Ratio: 1.26
[INFO] [STEP 019] Processing Galileo_1990...
[INFO] [STEP 019]   3D integration: 8.3963 mm/s
[INFO] [STEP 019]   Simplified: 6.3756 mm/s
[INFO] [STEP 019]   Current: 0.0273 mm/s
[INFO] [STEP 019]   Ratio: 1.32
[INFO] [STEP 019] Processing Cassini...
[INFO] [STEP 019]   3D integration: 8.2474 mm/s
[INFO] [STEP 019]   Simplified: 6.1179 mm/s
[INFO] [STEP 019]   Current: -0.0000 mm/s
[INFO] [STEP 019]   Ratio: 1.35
[INFO] [STEP 019] Processing Galileo_1992...
[INFO] [STEP 019]   3D integration: 8.8865 mm/s
[INFO] [STEP 019]   Simplified: 7.2800 mm/s
[INFO] [STEP 019]   Current: -0.0069 mm/s
[INFO] [STEP 019]   Ratio: 1.22
[INFO] [STEP 019] Processing Rosetta_2005...
[INFO] [STEP 019]   3D integration: 7.7489 mm/s
[INFO] [STEP 019]   Simplified: 5.3081 mm/s
[INFO] [STEP 019]   Current: 0.0350 mm/s
[INFO] [STEP 019]   Ratio: 1.46
[INFO] [STEP 019] Processing Rosetta_2007...
[INFO] [STEP 019]   3D integration: 6.1535 mm/s
[INFO] [STEP 019]   Simplified: 3.2005 mm/s
[INFO] [STEP 019]   Current: 0.0000 mm/s
[INFO] [STEP 019]   Ratio: 1.92
[INFO] [STEP 019] Processing MESSENGER_2005...
[INFO] [STEP 019]   3D integration: 7.5205 mm/s
[INFO] [STEP 019]   Simplified: 4.9630 mm/s
[INFO] [STEP 019]   Current: 0.0000 mm/s
[INFO] [STEP 019]   Ratio: 1.52
[INFO] [STEP 019] Processing Stardust...
[INFO] [STEP 019]   3D integration: 5.8966 mm/s
[INFO] [STEP 019]   Simplified: 2.9218 mm/s
[INFO] [STEP 019]   Current: -0.0001 mm/s
[INFO] [STEP 019]   Ratio: 2.02
[INFO] [STEP 019] Processing OSIRIS-REx...
[INFO] [STEP 019]   3D integration: 3.5475 mm/s
[INFO] [STEP 019]   Simplified: 1.0194 mm/s
[INFO] [STEP 019]   Current: 0.0000 mm/s
[INFO] [STEP 019]   Ratio: 3.48
[INFO] [STEP 019] Processing BepiColombo...
[INFO] [STEP 019]   3D integration: 4.2288 mm/s
[INFO] [STEP 019]   Simplified: 1.4598 mm/s
[INFO] [STEP 019]   Current: -0.0000 mm/s
[INFO] [STEP 019]   Ratio: 2.90
[INFO] [STEP 019] Results saved to: /Users/matthewsmawfield/www/Temporal Equivalence Principle/TEP-EFA/results/step019_3d_field_integration_results.json
[INFO] [STEP 019] 
[INFO] [STEP 019] ================================================================================
[INFO] [STEP 019] STEP SUMMARY: step_019_3d_field_integration
[INFO] [STEP 019] ================================================================================
[INFO] [STEP 019] Step Number: 019
[INFO] [STEP 019] Status: SUCCESS
[INFO] [STEP 019] Duration: 0.00s
[INFO] [STEP 019] Calculations Logged: 0
[INFO] [STEP 019] Output Files: 0
[INFO] [STEP 019] Log file: /Users/matthewsmawfield/www/Temporal Equivalence Principle/TEP-EFA/logs/step_019_3d_field_integration.log
[INFO] [STEP 019] No output files generated
[INFO] [STEP 019] ================================================================================
[INFO] [STEP 019] STEP 019 COMPLETE: SUCCESS
[INFO] [STEP 019] Provenance data saved to /Users/matthewsmawfield/www/Temporal Equivalence Principle/TEP-EFA/results/provenance/step_019_3d_field_integration_provenance.json
