[INFO] [STEP 015] LOGGER INITIALIZED: step_015_hierarchical_bayesian (Step 015)
[INFO] [STEP 015] LOGGER INITIALIZED: step_015_hierarchical_bayesian (Step 015)
[INFO] [STEP 015] Model structure:
[INFO] [STEP 015]   Level 1: Universal parameters (β_0, b_disf, σ, α_res)
[INFO] [STEP 015]   Level 2: Residual geometry modulations
[INFO] [STEP 015]   Level 3: Observations with measurement noise
[INFO] [STEP 015] β_0 ~ LogNormal(ln(4.740e-03), σ_ln=1.084)  # center from Step 008 (overall_analysis.recommended_beta), hierarchical_beta_prior_center=step008_recommended
[INFO] [STEP 015] b_disf ~ LogNormal(ln(0.05), 1.0)  # Disformal coupling strength
[INFO] [STEP 015] σ ~ LogNormal(ln(0.5), 1.0)  # Flyby-to-flyby scatter
[INFO] [STEP 015] α_res ~ Normal(0, 0.3)  # Residual geometry modulation
[INFO] [STEP 015] Loaded 10 flybys with observations
[INFO] [STEP 015] G_i,eff = dv_obs / dv_grad  (reference beta_0 = 1e-4)
[INFO] [STEP 015]   NEAR           : G_eff =  75.81, alt=  539km, v=12.7km/s, asym=+0.625
[INFO] [STEP 015]   Galileo_1990   : G_eff = 168.29, alt=  960km, v=13.7km/s, asym=+0.149
[INFO] [STEP 015]   Cassini        : G_eff = 180305.80, alt= 1175km, v=19.0km/s, asym=-0.022
[INFO] [STEP 015]   Galileo_1992   : G_eff = 307.79, alt=  303km, v=14.1km/s, asym=-0.170
[INFO] [STEP 015]   Rosetta_2005   : G_eff =  51.77, alt= 1955km, v=10.5km/s, asym=+0.173
[INFO] [STEP 015]   Rosetta_2007   : G_eff = 1571.32, alt= 5301km, v=12.5km/s, asym=+0.034
[INFO] [STEP 015]   G_eff vs altitude:   r = -0.133 (p ≈ 0.816)
[INFO] [STEP 015]   G_eff vs velocity:   r = +0.900 (p ≈ 0.011)
[INFO] [STEP 015]   G_eff vs asymmetry:  r = -0.279 (p ≈ 0.619)
[INFO] [STEP 015]   log10|G_eff| = c0 + c1·alt_norm + c2·vel_norm + c3·asym_norm
[INFO] [STEP 015]   c0 = 2.793, c1 = 0.510, c2 = 1.202, c3 = -0.032
[INFO] [STEP 015]   R² = 0.968
[INFO] [STEP 015]   Median G_eff = 238.04
[INFO] [STEP 015]   Mean   G_eff = 30413.46 ± 67035.95
[INFO] [STEP 015]   Range: [51.77, 180305.80]
[INFO] [STEP 015] 
[INFO] [STEP 015]   If beta_0 = 1.00e-4 (theoretical reference):
[INFO] [STEP 015]     The effective geometry factor varies by a factor of 3482.7 across flybys.
[INFO] [STEP 015]     This confirms geometry-dependent TEP coupling.
[INFO] [STEP 015] 
[INFO] [STEP 015]   Empirically, the median implied coupling is:
[INFO] [STEP 015]     beta_0,implied = 1e-4 × G_eff,median = 2.38e-02
[INFO] [STEP 015] MCMC init: log β_0 = ln(4.740427e-03) from Step 008 (overall_analysis.recommended_beta), prior σ_lnβ = 1.0840
[INFO] [STEP 015] Running 2000 steps with 32 walkers...
  0%|          | 0/2000 [00:00<?, ?it/s] 11%|█         | 223/2000 [00:00<00:00, 2220.89it/s] 22%|██▏       | 446/2000 [00:00<00:00, 2218.18it/s] 34%|███▎      | 674/2000 [00:00<00:00, 2245.64it/s] 45%|████▌     | 900/2000 [00:00<00:00, 2250.64it/s] 56%|█████▋    | 1126/2000 [00:00<00:00, 2249.44it/s] 68%|██████▊   | 1353/2000 [00:00<00:00, 2253.73it/s] 79%|███████▉  | 1579/2000 [00:00<00:00, 2251.55it/s] 90%|█████████ | 1805/2000 [00:00<00:00, 2243.12it/s]100%|██████████| 2000/2000 [00:00<00:00, 2245.05it/s]
[INFO] [STEP 015]   NEAR           : obs =   13.46, pred =   13.35 ±  2.04 mm/s, residual = +0.11 mm/s
[INFO] [STEP 015]   Galileo_1990   : obs =    3.92, pred =    1.27 ±  0.31 mm/s, residual = +2.65 mm/s
[INFO] [STEP 015]   Cassini        : obs =   -2.00, pred =   -0.00 ±  0.00 mm/s, residual = -2.00 mm/s
[INFO] [STEP 015]   Galileo_1992   : obs =   -4.60, pred =   -0.43 ±  0.37 mm/s, residual = -4.17 mm/s
[INFO] [STEP 015]   Rosetta_2005   : obs =    1.80, pred =    1.68 ±  0.54 mm/s, residual = +0.12 mm/s
[INFO] [STEP 015]   Rosetta_2007   : obs =    0.02, pred =    0.00 ±  0.00 mm/s, residual = +0.02 mm/s
[INFO] [STEP 015]   MESSENGER_2005 : obs =    0.02, pred =    0.00 ±  0.00 mm/s, residual = +0.02 mm/s
[INFO] [STEP 015] Likelihood profile (prior-free): max at β_0 = 1.814e-02; ΔLL(Step-008 center vs max) = -12.91
[INFO] [STEP 015] β_0 = 1.62e-02 ± 9.03e-03
[INFO] [STEP 015] σ = 1.73e+00 ± 6.68e-01
[INFO] [STEP 015] α_res = 0.086 ± 0.281
RuntimeWarning: This platform does not support extended precision floating-point, and PINT will run at reduced precision.
[INFO] [STEP 015] Corner plot saved to: /Users/matthewsmawfield/www/Temporal Equivalence Principle/TEP-EFA/results/step015_hierarchical_bayesian_corner.png
[INFO] [STEP 015]   Output: step015_hierarchical_bayesian_corner.png (Hierarchical Bayesian corner plot)
[INFO] [STEP 015] Results saved to: /Users/matthewsmawfield/www/Temporal Equivalence Principle/TEP-EFA/results/step015_hierarchical_bayesian_results.json
[INFO] [STEP 015] 
[INFO] [STEP 015] ================================================================================
[INFO] [STEP 015] STEP SUMMARY: step_015_hierarchical_bayesian
[INFO] [STEP 015] ================================================================================
[INFO] [STEP 015] Step Number: 015
[INFO] [STEP 015] Status: SUCCESS
[INFO] [STEP 015] Duration: 0.00s
[INFO] [STEP 015] Calculations Logged: 0
[INFO] [STEP 015] Output Files: 1
[INFO] [STEP 015] Log file: /Users/matthewsmawfield/www/Temporal Equivalence Principle/TEP-EFA/logs/step_015_hierarchical_bayesian.log
[INFO] [STEP 015] 
[INFO] [STEP 015] Generated 1 output file(s):
[INFO] [STEP 015]   • step015_hierarchical_bayesian_corner.png: 211.33 KB - Hierarchical Bayesian corner plot
[INFO] [STEP 015] ================================================================================
[INFO] [STEP 015] STEP 015 COMPLETE: SUCCESS
[INFO] [STEP 015] Provenance data saved to /Users/matthewsmawfield/www/Temporal Equivalence Principle/TEP-EFA/results/provenance/step_015_hierarchical_bayesian_provenance.json
