[2026-09-26 15:48:36 UTC] [INFO    ] [STEP 018] LOGGER INITIALIZED: step_018_space_weather (Step 018)
[2026-09-26 15:48:36 UTC] [DEBUG   ] [STEP 018] Log file: /Users/matthewsmawfield/www/Temporal Equivalence Principle/TEP-EFA/logs/step_018_space_weather.log
[2026-09-26 15:48:36 UTC] [DEBUG   ] [STEP 018] Project root: /Users/matthewsmawfield/www/Temporal Equivalence Principle/TEP-EFA
[2026-09-26 15:48:36 UTC] [INFO    ] [STEP 018] ================================================================================
[2026-09-26 15:48:36 UTC] [INFO    ] [STEP 018] STEP 018: EMPIRICAL SPACE WEATHER CORRELATION
[2026-09-26 15:48:36 UTC] [INFO    ] [STEP 018] ================================================================================
[2026-09-26 15:48:36 UTC] [INFO    ] [STEP 018] Matching historical flybys to Celestrak SW-All data (Kp, F10.7)
[2026-09-26 15:48:37 UTC] [DEBUG   ] [STEP 018] 
[2026-09-26 15:48:37 UTC] [DEBUG   ] [STEP 018] ================================================================================
[2026-09-26 15:48:37 UTC] [DEBUG   ] [STEP 018] SECTION: CORRELATION RESULTS (EXPLORATORY ANALYSIS)
[2026-09-26 15:48:37 UTC] [DEBUG   ] [STEP 018] ================================================================================
[2026-09-26 15:48:37 UTC] [INFO    ] [STEP 018] Matched 6 flybys with fitted β values.
[2026-09-26 15:48:37 UTC] [INFO    ] [STEP 018] Pearson r against space-weather plasma index: 0.0188
[2026-09-26 15:48:37 UTC] [INFO    ] [STEP 018] 95% CI: [-0.805, 0.818]
[2026-09-26 15:48:37 UTC] [INFO    ] [STEP 018] P-value: 0.9718
[2026-09-26 15:48:37 UTC] [INFO    ] [STEP 018] Status: preliminary
[2026-09-26 15:48:37 UTC] [INFO    ] [STEP 018] Correlation not significant (p=0.97) - as expected with n=6
[2026-09-26 15:48:37 UTC] [INFO    ] [STEP 018] Interpretation: r=0.02, p=0.97 (n=6): Not statistically significant. With n=4, chance of false positive is high. This is an exploratory observation requiring validation with n>10.
[2026-09-26 15:48:37 UTC] [INFO    ] [STEP 018] ✓ Space weather correlation isolated. Conformal parameters bridged. Report: /Users/matthewsmawfield/www/Temporal Equivalence Principle/TEP-EFA/results/step018_space_weather.json
[2026-09-26 15:48:37 UTC] [INFO    ] [STEP 018] 
[2026-09-26 15:48:37 UTC] [INFO    ] [STEP 018] ================================================================================
[2026-09-26 15:48:37 UTC] [INFO    ] [STEP 018] STEP SUMMARY: step_018_space_weather
[2026-09-26 15:48:37 UTC] [INFO    ] [STEP 018] ================================================================================
[2026-09-26 15:48:37 UTC] [INFO    ] [STEP 018] Step Number: 018
[2026-09-26 15:48:37 UTC] [INFO    ] [STEP 018] Status: SUCCESS
[2026-09-26 15:48:37 UTC] [INFO    ] [STEP 018] Duration: 0.04s
[2026-09-26 15:48:37 UTC] [INFO    ] [STEP 018] Calculations Logged: 0
[2026-09-26 15:48:37 UTC] [INFO    ] [STEP 018] Output Files: 0
[2026-09-26 15:48:37 UTC] [INFO    ] [STEP 018] Log file: /Users/matthewsmawfield/www/Temporal Equivalence Principle/TEP-EFA/logs/step_018_space_weather.log
[2026-09-26 15:48:37 UTC] [INFO    ] [STEP 018] No output files generated
[2026-09-26 15:48:37 UTC] [INFO    ] [STEP 018] ================================================================================
[2026-09-26 15:48:37 UTC] [INFO    ] [STEP 018] STEP 018 COMPLETE: SUCCESS
[2026-09-26 15:48:37 UTC] [INFO    ] [STEP 018] Provenance data saved to /Users/matthewsmawfield/www/Temporal Equivalence Principle/TEP-EFA/results/provenance/step_018_space_weather_provenance.json
[2026-09-26 14:48:37 UTC] [INFO    ] [STEP 018] 
[2026-09-26 14:48:37 UTC] [INFO    ] [STEP 018] ================================================================================
[2026-09-26 14:48:37 UTC] [INFO    ] [STEP 018] EXECUTIVE SUMMARY
[2026-09-26 14:48:37 UTC] [INFO    ] [STEP 018] ================================================================================
[2026-09-26 14:48:37 UTC] [INFO    ] [STEP 018] Step: step_018_space_weather (Step 018)
[2026-09-26 14:48:37 UTC] [INFO    ] [STEP 018] Status: SUCCESS
[2026-09-26 14:48:37 UTC] [INFO    ] [STEP 018] Duration: 0.04s
[2026-09-26 14:48:37 UTC] [INFO    ] [STEP 018] Calculations: 0
[2026-09-26 14:48:37 UTC] [INFO    ] [STEP 018] Output Files: 0
[2026-09-26 14:48:37 UTC] [INFO    ] [STEP 018] ================================================================================
