[2026-09-26 15:21:43 UTC] [INFO    ] [STEP 042] LOGGER INITIALIZED: step_042_time_resolved_cosmography (Step 042)
[2026-09-26 15:21:43 UTC] [DEBUG   ] [STEP 042] Log file: /Users/matthewsmawfield/www/Temporal Equivalence Principle/TEP-EFA/logs/step_042_time_resolved_cosmography.log
[2026-09-26 15:21:43 UTC] [DEBUG   ] [STEP 042] Project root: /Users/matthewsmawfield/www/Temporal Equivalence Principle/TEP-EFA
[2026-09-26 15:21:43 UTC] [INFO    ] [STEP 042] ================================================================================
[2026-09-26 15:21:43 UTC] [INFO    ] [STEP 042] STEP 042: TIME-RESOLVED COSMOGRAPHIC GEOMETRY ALONG FLYBY ARCS
[2026-09-26 15:21:43 UTC] [INFO    ] [STEP 042] ================================================================================
[2026-09-26 15:21:43 UTC] [INFO    ] [STEP 042] Using Earth/Sun ephemeris from Astropy (TEP_SOLAR_SYSTEM_EPHEMERIS='de440') and the same CMB/solar modulation functions as Step 040.
[2026-09-26 15:21:43 UTC] [DEBUG   ] [STEP 042] 
[2026-09-26 15:21:43 UTC] [DEBUG   ] [STEP 042] --- BepiColombo ---
[2026-09-26 15:21:43 UTC] [INFO    ] [STEP 042]   Arc epochs: 4320
[2026-09-26 15:21:44 UTC] [INFO    ] [STEP 042]   Peak CMB disformal enhancement vs perigee: +43.53 h
[2026-09-26 15:21:44 UTC] [INFO    ] [STEP 042]   Temporal r(disformal, 1/range): -0.9336340233644098
[2026-09-26 15:21:44 UTC] [DEBUG   ] [STEP 042] 
[2026-09-26 15:21:44 UTC] [DEBUG   ] [STEP 042] --- Cassini ---
[2026-09-26 15:21:44 UTC] [INFO    ] [STEP 042]   Arc epochs: 4320
[2026-09-26 15:21:46 UTC] [INFO    ] [STEP 042]   Peak CMB disformal enhancement vs perigee: +44.52 h
[2026-09-26 15:21:46 UTC] [INFO    ] [STEP 042]   Temporal r(disformal, 1/range): -0.9920893591060139
[2026-09-26 15:21:46 UTC] [DEBUG   ] [STEP 042] 
[2026-09-26 15:21:46 UTC] [DEBUG   ] [STEP 042] --- Galileo_1990 ---
[2026-09-26 15:21:46 UTC] [INFO    ] [STEP 042]   Arc epochs: 4320
[2026-09-26 15:21:47 UTC] [INFO    ] [STEP 042]   Peak CMB disformal enhancement vs perigee: +27.40 h
[2026-09-26 15:21:47 UTC] [INFO    ] [STEP 042]   Temporal r(disformal, 1/range): -0.9454592763425079
[2026-09-26 15:21:47 UTC] [DEBUG   ] [STEP 042] 
[2026-09-26 15:21:47 UTC] [DEBUG   ] [STEP 042] --- Galileo_1992 ---
[2026-09-26 15:21:47 UTC] [INFO    ] [STEP 042]   Arc epochs: 4320
[2026-09-26 15:21:48 UTC] [INFO    ] [STEP 042]   Peak CMB disformal enhancement vs perigee: +32.82 h
[2026-09-26 15:21:48 UTC] [INFO    ] [STEP 042]   Temporal r(disformal, 1/range): -0.9409080680297958
[2026-09-26 15:21:48 UTC] [DEBUG   ] [STEP 042] 
[2026-09-26 15:21:48 UTC] [DEBUG   ] [STEP 042] --- Juno ---
[2026-09-26 15:21:48 UTC] [INFO    ] [STEP 042]   Arc epochs: 4320
[2026-09-26 15:21:49 UTC] [INFO    ] [STEP 042]   Peak CMB disformal enhancement vs perigee: +28.58 h
[2026-09-26 15:21:49 UTC] [INFO    ] [STEP 042]   Temporal r(disformal, 1/range): -0.9341239436095921
[2026-09-26 15:21:49 UTC] [DEBUG   ] [STEP 042] 
[2026-09-26 15:21:49 UTC] [DEBUG   ] [STEP 042] --- MESSENGER_2005 ---
[2026-09-26 15:21:49 UTC] [INFO    ] [STEP 042]   Arc epochs: 4320
[2026-09-26 15:21:51 UTC] [INFO    ] [STEP 042]   Peak CMB disformal enhancement vs perigee: +28.77 h
[2026-09-26 15:21:51 UTC] [INFO    ] [STEP 042]   Temporal r(disformal, 1/range): -0.8767374725114215
[2026-09-26 15:21:51 UTC] [DEBUG   ] [STEP 042] 
[2026-09-26 15:21:51 UTC] [DEBUG   ] [STEP 042] --- NEAR ---
[2026-09-26 15:21:51 UTC] [INFO    ] [STEP 042]   Arc epochs: 4320
[2026-09-26 15:21:52 UTC] [INFO    ] [STEP 042]   Peak CMB disformal enhancement vs perigee: +40.60 h
[2026-09-26 15:21:52 UTC] [INFO    ] [STEP 042]   Temporal r(disformal, 1/range): -0.9339366051141875
[2026-09-26 15:21:52 UTC] [DEBUG   ] [STEP 042] 
[2026-09-26 15:21:52 UTC] [DEBUG   ] [STEP 042] --- OSIRIS-REx ---
[2026-09-26 15:21:52 UTC] [INFO    ] [STEP 042]   Arc epochs: 4320
[2026-09-26 15:21:53 UTC] [INFO    ] [STEP 042]   Peak CMB disformal enhancement vs perigee: -40.87 h
[2026-09-26 15:21:53 UTC] [INFO    ] [STEP 042]   Temporal r(disformal, 1/range): -0.9471295676833853
[2026-09-26 15:21:53 UTC] [DEBUG   ] [STEP 042] 
[2026-09-26 15:21:53 UTC] [DEBUG   ] [STEP 042] --- Rosetta_2005 ---
[2026-09-26 15:21:53 UTC] [INFO    ] [STEP 042]   Arc epochs: 4320
[2026-09-26 15:21:54 UTC] [INFO    ] [STEP 042]   Peak CMB disformal enhancement vs perigee: -46.15 h
[2026-09-26 15:21:54 UTC] [INFO    ] [STEP 042]   Temporal r(disformal, 1/range): -0.8619140776062408
[2026-09-26 15:21:54 UTC] [DEBUG   ] [STEP 042] 
[2026-09-26 15:21:54 UTC] [DEBUG   ] [STEP 042] --- Rosetta_2007 ---
[2026-09-26 15:21:54 UTC] [INFO    ] [STEP 042]   Arc epochs: 4320
[2026-09-26 15:21:55 UTC] [INFO    ] [STEP 042]   Peak CMB disformal enhancement vs perigee: +26.98 h
[2026-09-26 15:21:55 UTC] [INFO    ] [STEP 042]   Temporal r(disformal, 1/range): -0.920705174724597
[2026-09-26 15:21:55 UTC] [DEBUG   ] [STEP 042] 
[2026-09-26 15:21:55 UTC] [DEBUG   ] [STEP 042] --- Rosetta_2009 ---
[2026-09-26 15:21:55 UTC] [INFO    ] [STEP 042]   Arc epochs: 4320
[2026-09-26 15:21:57 UTC] [INFO    ] [STEP 042]   Peak CMB disformal enhancement vs perigee: +40.20 h
[2026-09-26 15:21:57 UTC] [INFO    ] [STEP 042]   Temporal r(disformal, 1/range): -0.9372012723508414
[2026-09-26 15:21:57 UTC] [DEBUG   ] [STEP 042] 
[2026-09-26 15:21:57 UTC] [DEBUG   ] [STEP 042] --- Stardust ---
[2026-09-26 15:21:57 UTC] [INFO    ] [STEP 042]   Arc epochs: 4320
[2026-09-26 15:21:58 UTC] [INFO    ] [STEP 042]   Peak CMB disformal enhancement vs perigee: +36.75 h
[2026-09-26 15:21:58 UTC] [INFO    ] [STEP 042]   Temporal r(disformal, 1/range): -0.9486305337348973
[2026-09-26 15:21:58 UTC] [INFO    ] [STEP 042] Pooled epoch table: step042_pooled_geometry_epochs.json (51840 rows)
[2026-09-26 15:22:00 UTC] [INFO    ] [STEP 042] 
Results saved to: /Users/matthewsmawfield/www/Temporal Equivalence Principle/TEP-EFA/results/step042_time_resolved_cosmography.json
[2026-09-26 15:22:00 UTC] [INFO    ] [STEP 042] 
[2026-09-26 15:22:00 UTC] [INFO    ] [STEP 042] ================================================================================
[2026-09-26 15:22:00 UTC] [INFO    ] [STEP 042] STEP SUMMARY: step_042_time_resolved_cosmography
[2026-09-26 15:22:00 UTC] [INFO    ] [STEP 042] ================================================================================
[2026-09-26 15:22:00 UTC] [INFO    ] [STEP 042] Step Number: 042
[2026-09-26 15:22:00 UTC] [INFO    ] [STEP 042] Status: SUCCESS
[2026-09-26 15:22:00 UTC] [INFO    ] [STEP 042] Duration: 12.00s
[2026-09-26 15:22:00 UTC] [INFO    ] [STEP 042] Calculations Logged: 0
[2026-09-26 15:22:00 UTC] [INFO    ] [STEP 042] Output Files: 0
[2026-09-26 15:22:00 UTC] [INFO    ] [STEP 042] Log file: /Users/matthewsmawfield/www/Temporal Equivalence Principle/TEP-EFA/logs/step_042_time_resolved_cosmography.log
[2026-09-26 15:22:00 UTC] [INFO    ] [STEP 042] No output files generated
[2026-09-26 15:22:00 UTC] [INFO    ] [STEP 042] ================================================================================
[2026-09-26 15:22:00 UTC] [INFO    ] [STEP 042] STEP 042 COMPLETE: SUCCESS
[2026-09-26 15:22:00 UTC] [INFO    ] [STEP 042] Provenance data saved to /Users/matthewsmawfield/www/Temporal Equivalence Principle/TEP-EFA/results/provenance/step_042_time_resolved_cosmography_provenance.json
[2026-09-26 14:22:00 UTC] [INFO    ] [STEP 042] 
[2026-09-26 14:22:00 UTC] [INFO    ] [STEP 042] ================================================================================
[2026-09-26 14:22:00 UTC] [INFO    ] [STEP 042] EXECUTIVE SUMMARY
[2026-09-26 14:22:00 UTC] [INFO    ] [STEP 042] ================================================================================
[2026-09-26 14:22:00 UTC] [INFO    ] [STEP 042] Step: step_042_time_resolved_cosmography (Step 042)
[2026-09-26 14:22:00 UTC] [INFO    ] [STEP 042] Status: SUCCESS
[2026-09-26 14:22:00 UTC] [INFO    ] [STEP 042] Duration: 12.00s
[2026-09-26 14:22:00 UTC] [INFO    ] [STEP 042] Calculations: 0
[2026-09-26 14:22:00 UTC] [INFO    ] [STEP 042] Output Files: 0
[2026-09-26 14:22:00 UTC] [INFO    ] [STEP 042] ================================================================================
