[INFO] [STEP 025] LOGGER INITIALIZED: step_025_corrected_uncertainty (Step 025)
[INFO] [STEP 025] ================================================================================
[INFO] [STEP 025] STEP 025: CORRECTED SYSTEMATIC UNCERTAINTY CALCULATION
[INFO] [STEP 025] ================================================================================
[INFO] [STEP 025] Original manuscript claims:
[INFO] [STEP 025]   - '0.03% systematic uncertainty contribution'
[INFO] [STEP 025]   - '102% total relative uncertainty'
[INFO] [STEP 025] 
[INFO] [STEP 025] These are contradictory.
[INFO] [STEP 025] Root cause: Confusion between variance contributions and total relative uncertainty
[INFO] [STEP 025] Corrected Uncertainty Budget:
[INFO] [STEP 025]   Statistical uncertainty: 12.30%
[INFO] [STEP 025]   Systematic uncertainty: 29.17%
[INFO] [STEP 025]   Heterogeneity uncertainty: 149.43%
[INFO] [STEP 025]   Total uncertainty: 152.75%
[INFO] [STEP 025] 
[INFO] [STEP 025] Variance Contributions:
[INFO] [STEP 025]   Statistical: 0.6%
[INFO] [STEP 025]   Systematic: 3.6%
[INFO] [STEP 025]   Heterogeneity: 95.7%
[INFO] [STEP 025]   Total: 100.0%
[INFO] [STEP 025] ✓ Corrected uncertainty calculation complete. Saved to /Users/matthewsmawfield/www/Temporal Equivalence Principle/TEP-EFA/results/step025_corrected_uncertainty.json
[INFO] [STEP 025]   Output: step025_corrected_uncertainty.json (Corrected uncertainty budget)
[INFO] [STEP 025] 
[INFO] [STEP 025] ================================================================================
[INFO] [STEP 025] STEP SUMMARY: step_025_corrected_uncertainty
[INFO] [STEP 025] ================================================================================
[INFO] [STEP 025] Step Number: 025
[INFO] [STEP 025] Status: SUCCESS
[INFO] [STEP 025] Duration: 0.00s
[INFO] [STEP 025] Calculations Logged: 0
[INFO] [STEP 025] Output Files: 1
[INFO] [STEP 025] Log file: /Users/matthewsmawfield/www/Temporal Equivalence Principle/TEP-EFA/logs/step_025_corrected_uncertainty.log
[INFO] [STEP 025] 
[INFO] [STEP 025] Generated 1 output file(s):
[INFO] [STEP 025]   • step025_corrected_uncertainty.json: 1.25 KB - Corrected uncertainty budget
[INFO] [STEP 025] ================================================================================
[INFO] [STEP 025] STEP 025 COMPLETE: SUCCESS
[INFO] [STEP 025] Provenance data saved to /Users/matthewsmawfield/www/Temporal Equivalence Principle/TEP-EFA/results/provenance/step_025_corrected_uncertainty_provenance.json
