[INFO] [STEP 035] LOGGER INITIALIZED: step_035_cross_corpus_export (Step 035)
[INFO] [STEP 035] ================================================================================
[INFO] [STEP 035] STEP 035: TEP CROSS-CORPUS PARAMETER EXPORT
[INFO] [STEP 035] ================================================================================
[INFO] [STEP 035] Step 008 ensemble: beta=4.740427e-03 +/- 1.284638e-03, beta_eff=1.655541e-03, n_fits=6
[INFO] [STEP 035] Extracting verified constants across EFA steps...
[INFO] [STEP 035] Export targets formatted:
[INFO] [STEP 035]  -> CLASS/CAMB (Cosmological Solvers)
[INFO] [STEP 035]  -> Gaia DR3 (Wide Binary Environment)
[INFO] [STEP 035] ✓ Final Manifest Saved: /Users/matthewsmawfield/www/Temporal Equivalence Principle/TEP-EFA/results/tep_universal_constants_manifest.json
[INFO] [STEP 035]   Output: tep_universal_constants_manifest.json (Cross-corpus universal constants manifest)
[INFO] [STEP 035] 
[INFO] [STEP 035] ================================================================================
[INFO] [STEP 035] STEP SUMMARY: step_035_cross_corpus_export
[INFO] [STEP 035] ================================================================================
[INFO] [STEP 035] Step Number: 035
[INFO] [STEP 035] Status: SUCCESS
[INFO] [STEP 035] Duration: 0.00s
[INFO] [STEP 035] Calculations Logged: 0
[INFO] [STEP 035] Output Files: 1
[INFO] [STEP 035] Log file: /Users/matthewsmawfield/www/Temporal Equivalence Principle/TEP-EFA/logs/step_035_cross_corpus_export.log
[INFO] [STEP 035] 
[INFO] [STEP 035] Generated 1 output file(s):
[INFO] [STEP 035]   • tep_universal_constants_manifest.json: 8.75 KB - Cross-corpus universal constants manifest
[INFO] [STEP 035] ================================================================================
[INFO] [STEP 035] STEP 035 COMPLETE: SUCCESS
[INFO] [STEP 035] Provenance data saved to /Users/matthewsmawfield/www/Temporal Equivalence Principle/TEP-EFA/results/provenance/step_035_cross_corpus_export_provenance.json
