[2026-09-26 18:25:57 UTC] [INFO    ] [STEP 040] LOGGER INITIALIZED: step_040_cosmographic_shear (Step 040)
[2026-09-26 18:25:57 UTC] [DEBUG   ] [STEP 040] Log file: /Users/matthewsmawfield/www/Temporal Equivalence Principle/TEP-EFA/logs/step_040_cosmographic_shear.log
[2026-09-26 18:25:57 UTC] [DEBUG   ] [STEP 040] Project root: /Users/matthewsmawfield/www/Temporal Equivalence Principle/TEP-EFA
[2026-09-26 18:25:57 UTC] [INFO    ] [STEP 040] ================================================================================
[2026-09-26 18:25:57 UTC] [INFO    ] [STEP 040] STEP 040: COSMOGRAPHIC TEMPORAL SHEAR MODULATION TEST
[2026-09-26 18:25:57 UTC] [INFO    ] [STEP 040] ================================================================================
[2026-09-26 18:25:57 UTC] [INFO    ] [STEP 040] Testing TEP prediction: temporal shear depends on Earth-Moon
[2026-09-26 18:25:57 UTC] [INFO    ] [STEP 040] orbital velocity, heliocentric distance, and CMB dipole direction.
[2026-09-26 18:25:57 UTC] [INFO    ] [STEP 040] Loaded 12 flybys from catalog
[2026-09-26 18:25:57 UTC] [INFO    ] [STEP 040] Loaded 12 3D state vectors from step_038
[2026-09-26 18:25:57 UTC] [DEBUG   ] [STEP 040] 
[2026-09-26 18:25:57 UTC] [DEBUG   ] [STEP 040] ================================================================================
[2026-09-26 18:25:57 UTC] [DEBUG   ] [STEP 040] SECTION: COMPUTING COSMOGRAPHIC MODULATION FOR EACH FLYBY
[2026-09-26 18:25:57 UTC] [DEBUG   ] [STEP 040] ================================================================================
[2026-09-26 18:25:57 UTC] [DEBUG   ] [STEP 040] 
[2026-09-26 18:25:57 UTC] [DEBUG   ] [STEP 040] --- NEAR ---
[2026-09-26 18:25:57 UTC] [INFO    ] [STEP 040] Date: 1998-01-23
[2026-09-26 18:25:57 UTC] [INFO    ] [STEP 040]   Earth–Sun ephemeris (de440): r = 0.9843 AU, λ_ecl = 122.80 deg
[2026-09-26 18:25:57 UTC] [INFO    ] [STEP 040]   Earth barycentric speed (ICRS): 30.28 km/s
[2026-09-26 18:25:57 UTC] [INFO    ] [STEP 040]   Earth helio-relative speed (ecliptic): 30.26 km/s
[2026-09-26 18:25:57 UTC] [INFO    ] [STEP 040]   Using 3D state vector: speed = 12.71 km/s
[2026-09-26 18:25:57 UTC] [INFO    ] [STEP 040]     ecliptic velocity: [-3.48, -10.50, -6.27] km/s
[2026-09-26 18:25:57 UTC] [INFO    ] [STEP 040]   Sun UCD saturation radius: 0.0019 AU
[2026-09-26 18:25:57 UTC] [INFO    ] [STEP 040]   Heliocentric modulation proxy: 1.0322
[2026-09-26 18:25:57 UTC] [INFO    ] [STEP 040]   Earth radial velocity: 0.18 km/s
[2026-09-26 18:25:57 UTC] [INFO    ] [STEP 040]   SC-orbital alignment: +0.674
[2026-09-26 18:25:57 UTC] [INFO    ] [STEP 040]   Earth barycentric v along CMB dipole: 22.48 km/s
[2026-09-26 18:25:57 UTC] [INFO    ] [STEP 040]   SC v along CMB dipole: 3.10 km/s
[2026-09-26 18:25:57 UTC] [INFO    ] [STEP 040]   Total v along CMB dipole: 25.58 km/s
[2026-09-26 18:25:57 UTC] [INFO    ] [STEP 040]   CMB modulation factor: 0.0692
[2026-09-26 18:25:57 UTC] [INFO    ] [STEP 040]   SC-CMB cos(theta): +0.244
[2026-09-26 18:25:57 UTC] [INFO    ] [STEP 040]   Observed: 13.46 mm/s, Predicted: 0.304 mm/s
[2026-09-26 18:25:57 UTC] [INFO    ] [STEP 040]   Ratio (obs/pred): 44.33, Difference: 13.16 mm/s
[2026-09-26 18:25:57 UTC] [DEBUG   ] [STEP 040] 
[2026-09-26 18:25:57 UTC] [DEBUG   ] [STEP 040] --- Galileo_1990 ---
[2026-09-26 18:25:57 UTC] [INFO    ] [STEP 040] Date: 1990-12-08
[2026-09-26 18:25:57 UTC] [INFO    ] [STEP 040]   Earth–Sun ephemeris (de440): r = 0.9851 AU, λ_ecl = 75.75 deg
[2026-09-26 18:25:57 UTC] [INFO    ] [STEP 040]   Earth barycentric speed (ICRS): 30.22 km/s
[2026-09-26 18:25:57 UTC] [INFO    ] [STEP 040]   Earth helio-relative speed (ecliptic): 30.23 km/s
[2026-09-26 18:25:57 UTC] [INFO    ] [STEP 040]   Using 3D state vector: speed = 13.70 km/s
[2026-09-26 18:25:57 UTC] [INFO    ] [STEP 040]     ecliptic velocity: [-5.33, -12.58, -0.96] km/s
[2026-09-26 18:25:57 UTC] [INFO    ] [STEP 040]   Sun UCD saturation radius: 0.0019 AU
[2026-09-26 18:25:57 UTC] [INFO    ] [STEP 040]   Heliocentric modulation proxy: 1.0305
[2026-09-26 18:25:57 UTC] [INFO    ] [STEP 040]   Earth radial velocity: -0.22 km/s
[2026-09-26 18:25:57 UTC] [INFO    ] [STEP 040]   SC-orbital alignment: +0.158
[2026-09-26 18:25:57 UTC] [INFO    ] [STEP 040]   Earth barycentric v along CMB dipole: 29.52 km/s
[2026-09-26 18:25:57 UTC] [INFO    ] [STEP 040]   SC v along CMB dipole: 3.57 km/s
[2026-09-26 18:25:57 UTC] [INFO    ] [STEP 040]   Total v along CMB dipole: 33.09 km/s
[2026-09-26 18:25:57 UTC] [INFO    ] [STEP 040]   CMB modulation factor: 0.0895
[2026-09-26 18:25:57 UTC] [INFO    ] [STEP 040]   SC-CMB cos(theta): +0.261
[2026-09-26 18:25:57 UTC] [INFO    ] [STEP 040]   Observed: 3.92 mm/s, Predicted: 0.027 mm/s
[2026-09-26 18:25:57 UTC] [INFO    ] [STEP 040]   Ratio (obs/pred): 143.65, Difference: 3.89 mm/s
[2026-09-26 18:25:57 UTC] [DEBUG   ] [STEP 040] 
[2026-09-26 18:25:57 UTC] [DEBUG   ] [STEP 040] --- Cassini ---
[2026-09-26 18:25:57 UTC] [INFO    ] [STEP 040] Date: 1999-08-18
[2026-09-26 18:25:57 UTC] [INFO    ] [STEP 040]   Earth–Sun ephemeris (de440): r = 1.0124 AU, λ_ecl = 324.65 deg
[2026-09-26 18:25:57 UTC] [INFO    ] [STEP 040]   Earth barycentric speed (ICRS): 29.41 km/s
[2026-09-26 18:25:57 UTC] [INFO    ] [STEP 040]   Earth helio-relative speed (ecliptic): 29.42 km/s
[2026-09-26 18:25:57 UTC] [INFO    ] [STEP 040]   Using 3D state vector: speed = 18.89 km/s
[2026-09-26 18:25:57 UTC] [INFO    ] [STEP 040]     ecliptic velocity: [+17.83, -6.20, -0.61] km/s
[2026-09-26 18:25:57 UTC] [INFO    ] [STEP 040]   Sun UCD saturation radius: 0.0019 AU
[2026-09-26 18:25:57 UTC] [INFO    ] [STEP 040]   Heliocentric modulation proxy: 0.9757
[2026-09-26 18:25:57 UTC] [INFO    ] [STEP 040]   Earth radial velocity: -0.34 km/s
[2026-09-26 18:25:57 UTC] [INFO    ] [STEP 040]   SC-orbital alignment: +0.267
[2026-09-26 18:25:57 UTC] [INFO    ] [STEP 040]   Earth barycentric v along CMB dipole: -12.82 km/s
[2026-09-26 18:25:57 UTC] [INFO    ] [STEP 040]   SC v along CMB dipole: -18.07 km/s
[2026-09-26 18:25:57 UTC] [INFO    ] [STEP 040]   Total v along CMB dipole: -30.89 km/s
[2026-09-26 18:25:57 UTC] [INFO    ] [STEP 040]   CMB modulation factor: -0.0835
[2026-09-26 18:25:57 UTC] [INFO    ] [STEP 040]   SC-CMB cos(theta): -0.957
[2026-09-26 18:25:57 UTC] [INFO    ] [STEP 040]   Observed: -2.00 mm/s, Predicted: -0.000 mm/s
[2026-09-26 18:25:57 UTC] [INFO    ] [STEP 040]   Ratio (obs/pred): 188850.40, Difference: -2.00 mm/s
[2026-09-26 18:25:57 UTC] [DEBUG   ] [STEP 040] 
[2026-09-26 18:25:57 UTC] [DEBUG   ] [STEP 040] --- Galileo_1992 ---
[2026-09-26 18:25:57 UTC] [INFO    ] [STEP 040] Date: 1992-12-08
[2026-09-26 18:25:57 UTC] [INFO    ] [STEP 040]   Earth–Sun ephemeris (de440): r = 0.9850 AU, λ_ecl = 76.25 deg
[2026-09-26 18:25:57 UTC] [INFO    ] [STEP 040]   Earth barycentric speed (ICRS): 30.23 km/s
[2026-09-26 18:25:57 UTC] [INFO    ] [STEP 040]   Earth helio-relative speed (ecliptic): 30.22 km/s
[2026-09-26 18:25:57 UTC] [INFO    ] [STEP 040]   Using 3D state vector: speed = 14.02 km/s
[2026-09-26 18:25:57 UTC] [INFO    ] [STEP 040]     ecliptic velocity: [-12.59, -5.22, -3.32] km/s
[2026-09-26 18:25:57 UTC] [INFO    ] [STEP 040]   Sun UCD saturation radius: 0.0019 AU
[2026-09-26 18:25:57 UTC] [INFO    ] [STEP 040]   Heliocentric modulation proxy: 1.0307
[2026-09-26 18:25:57 UTC] [INFO    ] [STEP 040]   Earth radial velocity: -0.23 km/s
[2026-09-26 18:25:57 UTC] [INFO    ] [STEP 040]   SC-orbital alignment: +0.788
[2026-09-26 18:25:57 UTC] [INFO    ] [STEP 040]   Earth barycentric v along CMB dipole: 29.55 km/s
[2026-09-26 18:25:57 UTC] [INFO    ] [STEP 040]   SC v along CMB dipole: 12.12 km/s
[2026-09-26 18:25:57 UTC] [INFO    ] [STEP 040]   Total v along CMB dipole: 41.66 km/s
[2026-09-26 18:25:57 UTC] [INFO    ] [STEP 040]   CMB modulation factor: 0.1127
[2026-09-26 18:25:57 UTC] [INFO    ] [STEP 040]   SC-CMB cos(theta): +0.864
[2026-09-26 18:25:57 UTC] [INFO    ] [STEP 040]   Observed: -4.60 mm/s, Predicted: -0.007 mm/s
[2026-09-26 18:25:57 UTC] [INFO    ] [STEP 040]   Ratio (obs/pred): 664.54, Difference: -4.59 mm/s
[2026-09-26 18:25:57 UTC] [DEBUG   ] [STEP 040] 
[2026-09-26 18:25:57 UTC] [DEBUG   ] [STEP 040] --- Rosetta_2005 ---
[2026-09-26 18:25:57 UTC] [INFO    ] [STEP 040] Date: 2005-03-04
[2026-09-26 18:25:57 UTC] [INFO    ] [STEP 040]   Earth–Sun ephemeris (de440): r = 0.9916 AU, λ_ecl = 163.44 deg
[2026-09-26 18:25:57 UTC] [INFO    ] [STEP 040]   Earth barycentric speed (ICRS): 30.03 km/s
[2026-09-26 18:25:57 UTC] [INFO    ] [STEP 040]   Earth helio-relative speed (ecliptic): 30.04 km/s
[2026-09-26 18:25:57 UTC] [INFO    ] [STEP 040]   Using 3D state vector: speed = 10.51 km/s
[2026-09-26 18:25:57 UTC] [INFO    ] [STEP 040]     ecliptic velocity: [+5.12, -9.08, -1.29] km/s
[2026-09-26 18:25:57 UTC] [INFO    ] [STEP 040]   Sun UCD saturation radius: 0.0019 AU
[2026-09-26 18:25:57 UTC] [INFO    ] [STEP 040]   Heliocentric modulation proxy: 1.0170
[2026-09-26 18:25:57 UTC] [INFO    ] [STEP 040]   Earth radial velocity: 0.44 km/s
[2026-09-26 18:25:57 UTC] [INFO    ] [STEP 040]   SC-orbital alignment: +0.679
[2026-09-26 18:25:57 UTC] [INFO    ] [STEP 040]   Earth barycentric v along CMB dipole: 4.65 km/s
[2026-09-26 18:25:57 UTC] [INFO    ] [STEP 040]   SC v along CMB dipole: -6.02 km/s
[2026-09-26 18:25:57 UTC] [INFO    ] [STEP 040]   Total v along CMB dipole: -1.37 km/s
[2026-09-26 18:25:57 UTC] [INFO    ] [STEP 040]   CMB modulation factor: -0.0037
[2026-09-26 18:25:57 UTC] [INFO    ] [STEP 040]   SC-CMB cos(theta): -0.573
[2026-09-26 18:25:57 UTC] [INFO    ] [STEP 040]   Observed: 1.80 mm/s, Predicted: 0.035 mm/s
[2026-09-26 18:25:57 UTC] [INFO    ] [STEP 040]   Ratio (obs/pred): 51.49, Difference: 1.77 mm/s
[2026-09-26 18:25:57 UTC] [DEBUG   ] [STEP 040] 
[2026-09-26 18:25:57 UTC] [DEBUG   ] [STEP 040] --- Rosetta_2007 ---
[2026-09-26 18:25:57 UTC] [INFO    ] [STEP 040] Date: 2007-11-13
[2026-09-26 18:25:57 UTC] [INFO    ] [STEP 040]   Earth–Sun ephemeris (de440): r = 0.9897 AU, λ_ecl = 50.11 deg
[2026-09-26 18:25:57 UTC] [INFO    ] [STEP 040]   Earth barycentric speed (ICRS): 30.11 km/s
[2026-09-26 18:25:57 UTC] [INFO    ] [STEP 040]   Earth helio-relative speed (ecliptic): 30.10 km/s
[2026-09-26 18:25:57 UTC] [INFO    ] [STEP 040]   Using 3D state vector: speed = 12.40 km/s
[2026-09-26 18:25:57 UTC] [INFO    ] [STEP 040]     ecliptic velocity: [-9.58, -6.88, +3.83] km/s
[2026-09-26 18:25:57 UTC] [INFO    ] [STEP 040]   Sun UCD saturation radius: 0.0019 AU
[2026-09-26 18:25:57 UTC] [INFO    ] [STEP 040]   Heliocentric modulation proxy: 1.0208
[2026-09-26 18:25:57 UTC] [INFO    ] [STEP 040]   Earth radial velocity: -0.40 km/s
[2026-09-26 18:25:57 UTC] [INFO    ] [STEP 040]   SC-orbital alignment: +0.249
[2026-09-26 18:25:57 UTC] [INFO    ] [STEP 040]   Earth barycentric v along CMB dipole: 25.39 km/s
[2026-09-26 18:25:57 UTC] [INFO    ] [STEP 040]   SC v along CMB dipole: 7.58 km/s
[2026-09-26 18:25:57 UTC] [INFO    ] [STEP 040]   Total v along CMB dipole: 32.97 km/s
[2026-09-26 18:25:57 UTC] [INFO    ] [STEP 040]   CMB modulation factor: 0.0891
[2026-09-26 18:25:57 UTC] [INFO    ] [STEP 040]   SC-CMB cos(theta): +0.611
[2026-09-26 18:25:57 UTC] [INFO    ] [STEP 040]   Observed: 0.02 mm/s, Predicted: 0.000 mm/s
[2026-09-26 18:25:57 UTC] [INFO    ] [STEP 040]   Ratio (obs/pred): 1512.56, Difference: 0.02 mm/s
[2026-09-26 18:25:57 UTC] [DEBUG   ] [STEP 040] 
[2026-09-26 18:25:57 UTC] [DEBUG   ] [STEP 040] --- Rosetta_2009 ---
[2026-09-26 18:25:57 UTC] [INFO    ] [STEP 040] Date: 2009-11-13
[2026-09-26 18:25:57 UTC] [INFO    ] [STEP 040]   Earth–Sun ephemeris (de440): r = 0.9897 AU, λ_ecl = 50.60 deg
[2026-09-26 18:25:57 UTC] [INFO    ] [STEP 040]   Earth barycentric speed (ICRS): 30.10 km/s
[2026-09-26 18:25:57 UTC] [INFO    ] [STEP 040]   Earth helio-relative speed (ecliptic): 30.10 km/s
[2026-09-26 18:25:57 UTC] [INFO    ] [STEP 040]   Using 3D state vector: speed = 13.32 km/s
[2026-09-26 18:25:57 UTC] [INFO    ] [STEP 040]     ecliptic velocity: [-12.05, -0.09, +5.66] km/s
[2026-09-26 18:25:57 UTC] [INFO    ] [STEP 040]   Sun UCD saturation radius: 0.0019 AU
[2026-09-26 18:25:57 UTC] [INFO    ] [STEP 040]   Heliocentric modulation proxy: 1.0210
[2026-09-26 18:25:57 UTC] [INFO    ] [STEP 040]   Earth radial velocity: -0.38 km/s
[2026-09-26 18:25:57 UTC] [INFO    ] [STEP 040]   SC-orbital alignment: +0.703
[2026-09-26 18:25:57 UTC] [INFO    ] [STEP 040]   Earth barycentric v along CMB dipole: 25.50 km/s
[2026-09-26 18:25:57 UTC] [INFO    ] [STEP 040]   SC v along CMB dipole: 10.59 km/s
[2026-09-26 18:25:57 UTC] [INFO    ] [STEP 040]   Total v along CMB dipole: 36.09 km/s
[2026-09-26 18:25:57 UTC] [INFO    ] [STEP 040]   CMB modulation factor: 0.0976
[2026-09-26 18:25:57 UTC] [INFO    ] [STEP 040]   SC-CMB cos(theta): +0.796
[2026-09-26 18:25:57 UTC] [INFO    ] [STEP 040]   Observed: 0.00 mm/s, Predicted: 0.000 mm/s
[2026-09-26 18:25:57 UTC] [INFO    ] [STEP 040]   Ratio (obs/pred): 0.00, Difference: -0.00 mm/s
[2026-09-26 18:25:57 UTC] [DEBUG   ] [STEP 040] 
[2026-09-26 18:25:57 UTC] [DEBUG   ] [STEP 040] --- MESSENGER_2005 ---
[2026-09-26 18:25:57 UTC] [INFO    ] [STEP 040] Date: 2005-08-02
[2026-09-26 18:25:57 UTC] [INFO    ] [STEP 040]   Earth–Sun ephemeris (de440): r = 1.0149 AU, λ_ecl = 309.74 deg
[2026-09-26 18:25:57 UTC] [INFO    ] [STEP 040]   Earth barycentric speed (ICRS): 29.36 km/s
[2026-09-26 18:25:57 UTC] [INFO    ] [STEP 040]   Earth helio-relative speed (ecliptic): 29.36 km/s
[2026-09-26 18:25:57 UTC] [INFO    ] [STEP 040]   Using 3D state vector: speed = 10.36 km/s
[2026-09-26 18:25:57 UTC] [INFO    ] [STEP 040]     ecliptic velocity: [-2.20, -9.30, +4.00] km/s
[2026-09-26 18:25:57 UTC] [INFO    ] [STEP 040]   Sun UCD saturation radius: 0.0019 AU
[2026-09-26 18:25:57 UTC] [INFO    ] [STEP 040]   Heliocentric modulation proxy: 0.9709
[2026-09-26 18:25:57 UTC] [INFO    ] [STEP 040]   Earth radial velocity: -0.22 km/s
[2026-09-26 18:25:57 UTC] [INFO    ] [STEP 040]   SC-orbital alignment: -0.741
[2026-09-26 18:25:57 UTC] [INFO    ] [STEP 040]   Earth barycentric v along CMB dipole: -19.08 km/s
[2026-09-26 18:25:57 UTC] [INFO    ] [STEP 040]   SC v along CMB dipole: 0.04 km/s
[2026-09-26 18:25:57 UTC] [INFO    ] [STEP 040]   Total v along CMB dipole: -19.04 km/s
[2026-09-26 18:25:57 UTC] [INFO    ] [STEP 040]   CMB modulation factor: -0.0515
[2026-09-26 18:25:57 UTC] [INFO    ] [STEP 040]   SC-CMB cos(theta): +0.004
[2026-09-26 18:25:57 UTC] [INFO    ] [STEP 040]   Observed: 0.02 mm/s, Predicted: 0.000 mm/s
[2026-09-26 18:25:57 UTC] [INFO    ] [STEP 040]   Ratio (obs/pred): 339558.33, Difference: 0.02 mm/s
[2026-09-26 18:25:57 UTC] [DEBUG   ] [STEP 040] 
[2026-09-26 18:25:57 UTC] [DEBUG   ] [STEP 040] --- Juno ---
[2026-09-26 18:25:57 UTC] [INFO    ] [STEP 040] Date: 2013-10-09
[2026-09-26 18:25:57 UTC] [INFO    ] [STEP 040]   Earth–Sun ephemeris (de440): r = 0.9989 AU, λ_ecl = 15.68 deg
[2026-09-26 18:25:57 UTC] [INFO    ] [STEP 040]   Earth barycentric speed (ICRS): 29.82 km/s
[2026-09-26 18:25:57 UTC] [INFO    ] [STEP 040]   Earth helio-relative speed (ecliptic): 29.82 km/s
[2026-09-26 18:25:57 UTC] [INFO    ] [STEP 040]   Using 3D state vector: speed = 14.86 km/s
[2026-09-26 18:25:57 UTC] [INFO    ] [STEP 040]     ecliptic velocity: [+8.29, +12.14, +2.20] km/s
[2026-09-26 18:25:57 UTC] [INFO    ] [STEP 040]   Sun UCD saturation radius: 0.0019 AU
[2026-09-26 18:25:57 UTC] [INFO    ] [STEP 040]   Heliocentric modulation proxy: 1.0021
[2026-09-26 18:25:57 UTC] [INFO    ] [STEP 040]   Earth radial velocity: -0.51 km/s
[2026-09-26 18:25:57 UTC] [INFO    ] [STEP 040]   SC-orbital alignment: +0.623
[2026-09-26 18:25:57 UTC] [INFO    ] [STEP 040]   Earth barycentric v along CMB dipole: 12.35 km/s
[2026-09-26 18:25:57 UTC] [INFO    ] [STEP 040]   SC v along CMB dipole: -6.74 km/s
[2026-09-26 18:25:57 UTC] [INFO    ] [STEP 040]   Total v along CMB dipole: 5.61 km/s
[2026-09-26 18:25:57 UTC] [INFO    ] [STEP 040]   CMB modulation factor: 0.0152
[2026-09-26 18:25:57 UTC] [INFO    ] [STEP 040]   SC-CMB cos(theta): -0.454
[2026-09-26 18:25:57 UTC] [INFO    ] [STEP 040]   Observed: 0.00 mm/s, Predicted: 0.003 mm/s
[2026-09-26 18:25:57 UTC] [INFO    ] [STEP 040]   Ratio (obs/pred): 0.00, Difference: -0.00 mm/s
[2026-09-26 18:25:57 UTC] [DEBUG   ] [STEP 040] 
[2026-09-26 18:25:57 UTC] [DEBUG   ] [STEP 040] --- Stardust ---
[2026-09-26 18:25:57 UTC] [INFO    ] [STEP 040] Date: 2001-01-15
[2026-09-26 18:25:57 UTC] [INFO    ] [STEP 040]   Earth–Sun ephemeris (de440): r = 0.9836 AU, λ_ecl = 114.89 deg
[2026-09-26 18:25:57 UTC] [INFO    ] [STEP 040]   Earth barycentric speed (ICRS): 30.26 km/s
[2026-09-26 18:25:57 UTC] [INFO    ] [STEP 040]   Earth helio-relative speed (ecliptic): 30.27 km/s
[2026-09-26 18:25:57 UTC] [INFO    ] [STEP 040]   Using 3D state vector: speed = 10.30 km/s
[2026-09-26 18:25:57 UTC] [INFO    ] [STEP 040]     ecliptic velocity: [-6.98, -7.31, +1.99] km/s
[2026-09-26 18:25:57 UTC] [INFO    ] [STEP 040]   Sun UCD saturation radius: 0.0019 AU
[2026-09-26 18:25:57 UTC] [INFO    ] [STEP 040]   Heliocentric modulation proxy: 1.0335
[2026-09-26 18:25:57 UTC] [INFO    ] [STEP 040]   Earth radial velocity: 0.11 km/s
[2026-09-26 18:25:57 UTC] [INFO    ] [STEP 040]   SC-orbital alignment: +0.912
[2026-09-26 18:25:57 UTC] [INFO    ] [STEP 040]   Earth barycentric v along CMB dipole: 24.89 km/s
[2026-09-26 18:25:57 UTC] [INFO    ] [STEP 040]   SC v along CMB dipole: 5.35 km/s
[2026-09-26 18:25:57 UTC] [INFO    ] [STEP 040]   Total v along CMB dipole: 30.24 km/s
[2026-09-26 18:25:57 UTC] [INFO    ] [STEP 040]   CMB modulation factor: 0.0818
[2026-09-26 18:25:57 UTC] [INFO    ] [STEP 040]   SC-CMB cos(theta): +0.519
[2026-09-26 18:25:57 UTC] [INFO    ] [STEP 040]   No prediction available or zero prediction
[2026-09-26 18:25:57 UTC] [DEBUG   ] [STEP 040] 
[2026-09-26 18:25:57 UTC] [DEBUG   ] [STEP 040] --- OSIRIS-REx ---
[2026-09-26 18:25:57 UTC] [INFO    ] [STEP 040] Date: 2017-09-22
[2026-09-26 18:25:57 UTC] [INFO    ] [STEP 040]   Earth–Sun ephemeris (de440): r = 1.0038 AU, λ_ecl = 358.94 deg
[2026-09-26 18:25:57 UTC] [INFO    ] [STEP 040]   Earth barycentric speed (ICRS): 29.69 km/s
[2026-09-26 18:25:57 UTC] [INFO    ] [STEP 040]   Earth helio-relative speed (ecliptic): 29.68 km/s
[2026-09-26 18:25:57 UTC] [INFO    ] [STEP 040]   Using 3D state vector: speed = 8.52 km/s
[2026-09-26 18:25:57 UTC] [INFO    ] [STEP 040]     ecliptic velocity: [-8.19, -0.12, +2.36] km/s
[2026-09-26 18:25:57 UTC] [INFO    ] [STEP 040]   Sun UCD saturation radius: 0.0019 AU
[2026-09-26 18:25:57 UTC] [INFO    ] [STEP 040]   Heliocentric modulation proxy: 0.9925
[2026-09-26 18:25:57 UTC] [INFO    ] [STEP 040]   Earth radial velocity: -0.49 km/s
[2026-09-26 18:25:57 UTC] [INFO    ] [STEP 040]   SC-orbital alignment: -0.016
[2026-09-26 18:25:57 UTC] [INFO    ] [STEP 040]   Earth barycentric v along CMB dipole: 4.18 km/s
[2026-09-26 18:25:57 UTC] [INFO    ] [STEP 040]   SC v along CMB dipole: 7.47 km/s
[2026-09-26 18:25:57 UTC] [INFO    ] [STEP 040]   Total v along CMB dipole: 11.65 km/s
[2026-09-26 18:25:57 UTC] [INFO    ] [STEP 040]   CMB modulation factor: 0.0315
[2026-09-26 18:25:57 UTC] [INFO    ] [STEP 040]   SC-CMB cos(theta): +0.877
[2026-09-26 18:25:57 UTC] [INFO    ] [STEP 040]   No prediction available or zero prediction
[2026-09-26 18:25:57 UTC] [DEBUG   ] [STEP 040] 
[2026-09-26 18:25:57 UTC] [DEBUG   ] [STEP 040] --- BepiColombo ---
[2026-09-26 18:25:57 UTC] [INFO    ] [STEP 040] Date: 2020-04-10
[2026-09-26 18:25:57 UTC] [INFO    ] [STEP 040]   Earth–Sun ephemeris (de440): r = 1.0018 AU, λ_ecl = 200.31 deg
[2026-09-26 18:25:57 UTC] [INFO    ] [STEP 040]   Earth barycentric speed (ICRS): 29.72 km/s
[2026-09-26 18:25:57 UTC] [INFO    ] [STEP 040]   Earth helio-relative speed (ecliptic): 29.72 km/s
[2026-09-26 18:25:57 UTC] [INFO    ] [STEP 040]   Using 3D state vector: speed = 7.59 km/s
[2026-09-26 18:25:57 UTC] [INFO    ] [STEP 040]     ecliptic velocity: [-7.32, +1.39, -1.46] km/s
[2026-09-26 18:25:57 UTC] [INFO    ] [STEP 040]   Sun UCD saturation radius: 0.0019 AU
[2026-09-26 18:25:57 UTC] [INFO    ] [STEP 040]   Heliocentric modulation proxy: 0.9963
[2026-09-26 18:25:57 UTC] [INFO    ] [STEP 040]   Earth radial velocity: 0.50 km/s
[2026-09-26 18:25:57 UTC] [INFO    ] [STEP 040]   SC-orbital alignment: -0.492
[2026-09-26 18:25:57 UTC] [INFO    ] [STEP 040]   Earth barycentric v along CMB dipole: -13.54 km/s
[2026-09-26 18:25:57 UTC] [INFO    ] [STEP 040]   SC v along CMB dipole: 7.59 km/s
[2026-09-26 18:25:57 UTC] [INFO    ] [STEP 040]   Total v along CMB dipole: -5.95 km/s
[2026-09-26 18:25:57 UTC] [INFO    ] [STEP 040]   CMB modulation factor: -0.0161
[2026-09-26 18:25:57 UTC] [INFO    ] [STEP 040]   SC-CMB cos(theta): +0.999
[2026-09-26 18:25:57 UTC] [INFO    ] [STEP 040]   No prediction available or zero prediction
[2026-09-26 18:25:57 UTC] [DEBUG   ] [STEP 040] 
[2026-09-26 18:25:57 UTC] [DEBUG   ] [STEP 040] ================================================================================
[2026-09-26 18:25:57 UTC] [DEBUG   ] [STEP 040] SECTION: CORRELATION ANALYSIS
[2026-09-26 18:25:57 UTC] [DEBUG   ] [STEP 040] ================================================================================
[2026-09-26 18:25:57 UTC] [INFO    ] [STEP 040] Usable flybys for correlation: 9
[2026-09-26 18:25:57 UTC] [INFO    ] [STEP 040]   Ratio vs Heliocentric Distance: r=+0.894, p=0.001, n=9 ***
[2026-09-26 18:25:57 UTC] [INFO    ] [STEP 040]   Ratio vs Heliocentric Modulation: r=-0.889, p=0.001, n=9 ***
[2026-09-26 18:25:57 UTC] [INFO    ] [STEP 040]   Ratio vs Radial Velocity: r=-0.136, p=0.727, n=9
[2026-09-26 18:25:57 UTC] [INFO    ] [STEP 040]   Ratio vs CMB Modulation Factor: r=-0.759, p=0.018, n=9 ***
[2026-09-26 18:25:57 UTC] [INFO    ] [STEP 040]   Ratio vs CMB Solar Modulation: r=-0.759, p=0.018, n=9 ***
[2026-09-26 18:25:57 UTC] [INFO    ] [STEP 040]   Ratio vs Earth Orbital Speed: r=-0.894, p=0.001, n=9 ***
[2026-09-26 18:25:57 UTC] [INFO    ] [STEP 040]   Ratio vs Earth CMB Projection: r=-0.875, p=0.002, n=9 ***
[2026-09-26 18:25:57 UTC] [INFO    ] [STEP 040]   Ratio vs SC-Orbital Alignment: r=-0.854, p=0.003, n=9 ***
[2026-09-26 18:25:57 UTC] [INFO    ] [STEP 040]   Ratio vs SC-CMB cos(theta): r=-0.360, p=0.341, n=9
[2026-09-26 18:25:57 UTC] [INFO    ] [STEP 040]   Ratio vs SC-CMB Projection: r=-0.397, p=0.290, n=9
[2026-09-26 18:25:57 UTC] [INFO    ] [STEP 040]   Ratio vs CMB Disformal Enhancement: r=-0.079, p=0.841, n=9
[2026-09-26 18:25:57 UTC] [INFO    ] [STEP 040]   Difference vs Heliocentric Distance: r=-0.363, p=0.337, n=9
[2026-09-26 18:25:57 UTC] [INFO    ] [STEP 040]   Difference vs Heliocentric Modulation: r=+0.366, p=0.333, n=9
[2026-09-26 18:25:57 UTC] [INFO    ] [STEP 040]   Difference vs Radial Velocity: r=+0.514, p=0.157, n=9
[2026-09-26 18:25:57 UTC] [INFO    ] [STEP 040]   Difference vs CMB Modulation Factor: r=+0.157, p=0.686, n=9
[2026-09-26 18:25:57 UTC] [INFO    ] [STEP 040]   Difference vs CMB Solar Modulation: r=+0.157, p=0.686, n=9
[2026-09-26 18:25:57 UTC] [INFO    ] [STEP 040]   Difference vs Earth Orbital Speed: r=+0.373, p=0.323, n=9
[2026-09-26 18:25:57 UTC] [INFO    ] [STEP 040]   Difference vs Earth CMB Projection: r=+0.202, p=0.602, n=9
[2026-09-26 18:25:57 UTC] [INFO    ] [STEP 040]   Difference vs SC-Orbital Alignment: r=+0.099, p=0.801, n=9
[2026-09-26 18:25:57 UTC] [INFO    ] [STEP 040]   Difference vs SC-CMB cos(theta): r=+0.003, p=0.993, n=9
[2026-09-26 18:25:57 UTC] [INFO    ] [STEP 040]   Difference vs SC-CMB Projection: r=+0.042, p=0.914, n=9
[2026-09-26 18:25:57 UTC] [INFO    ] [STEP 040]   Difference vs CMB Disformal Enhancement: r=+0.258, p=0.503, n=9
[2026-09-26 18:25:57 UTC] [DEBUG   ] [STEP 040] 
[2026-09-26 18:25:57 UTC] [DEBUG   ] [STEP 040] ================================================================================
[2026-09-26 18:25:57 UTC] [DEBUG   ] [STEP 040] SECTION: MULTIVARIATE GEOMETRIC REGRESSION
[2026-09-26 18:25:57 UTC] [DEBUG   ] [STEP 040] ================================================================================
[2026-09-26 18:25:57 UTC] [INFO    ] [STEP 040] Model: ratio = b0 + b1*SC-CMB_cos + b2*Earth-CMB_proj/30 + b3*SC-orbital
[2026-09-26 18:25:57 UTC] [INFO    ] [STEP 040] Coefficients: b0=+165020.875, b1=+71630.496, b2=-189223.818, b3=-79438.498
[2026-09-26 18:25:57 UTC] [INFO    ] [STEP 040] R^2 = 0.9626, Adjusted R^2 = 0.9402
[2026-09-26 18:25:57 UTC] [INFO    ] [STEP 040] Residual std: 22285.949 (original: 115305.727, reduction: 80.7%)
[2026-09-26 18:25:57 UTC] [DEBUG   ] [STEP 040] 
[2026-09-26 18:25:57 UTC] [DEBUG   ] [STEP 040] ================================================================================
[2026-09-26 18:25:57 UTC] [DEBUG   ] [STEP 040] SECTION: BOTH-ALIGNED DIRECTIONAL CONSISTENCY TEST
[2026-09-26 18:25:57 UTC] [DEBUG   ] [STEP 040] ================================================================================
[2026-09-26 18:25:57 UTC] [INFO    ] [STEP 040] Both-aligned flag correlation: r = -0.567, p = 0.111
[2026-09-26 18:25:57 UTC] [INFO    ] [STEP 040] Aligned flybys (n=5): ratios = ['44.33', '143.65', '664.54', '1512.56', '0.00']
[2026-09-26 18:25:57 UTC] [INFO    ] [STEP 040] Unaligned flybys (n=4): ratios = ['188850.40', '51.49', '339558.33', '0.00']
[2026-09-26 18:25:57 UTC] [INFO    ] [STEP 040] Mann-Whitney U (aligned > unaligned): U=8, p=0.794 (exact)
[2026-09-26 18:25:57 UTC] [INFO    ] [STEP 040] Same-direction flag correlation: r = -0.333, p = 0.382
[2026-09-26 18:25:57 UTC] [DEBUG   ] [STEP 040] 
[2026-09-26 18:25:57 UTC] [DEBUG   ] [STEP 040] ================================================================================
[2026-09-26 18:25:57 UTC] [DEBUG   ] [STEP 040] SECTION: OPTIMAL WEIGHTED COMBINATION
[2026-09-26 18:25:57 UTC] [DEBUG   ] [STEP 040] ================================================================================
[2026-09-26 18:25:57 UTC] [INFO    ] [STEP 040] Optimal model: E = SC-CMB_cos(theta) + -2.000 * Earth-CMB_proj/30
[2026-09-26 18:25:57 UTC] [INFO    ] [STEP 040] Correlation: r = +0.956, p = 0.000
[2026-09-26 18:26:07 UTC] [INFO    ] [STEP 040] Permutation p (max |r| over w grid, exchangeable ratios, n_perm=4000): 0.0030
[2026-09-26 18:26:07 UTC] [DEBUG   ] [STEP 040] 
[2026-09-26 18:26:07 UTC] [DEBUG   ] [STEP 040] ================================================================================
[2026-09-26 18:26:07 UTC] [DEBUG   ] [STEP 040] SECTION: SENSITIVITY CHECKS
[2026-09-26 18:26:07 UTC] [DEBUG   ] [STEP 040] ================================================================================
[2026-09-26 18:26:07 UTC] [INFO    ] [STEP 040]   Excl. Rosetta 2007 (n=8): CMB disformal enhancement vs ratio r=-0.041, p=0.922
[2026-09-26 18:26:07 UTC] [INFO    ] [STEP 040]   Signed log|ratio| endpoint: n=7
[2026-09-26 18:26:07 UTC] [INFO    ] [STEP 040]   σ-normalized residual endpoint: n=9
[2026-09-26 18:26:07 UTC] [DEBUG   ] [STEP 040] 
[2026-09-26 18:26:07 UTC] [DEBUG   ] [STEP 040] ================================================================================
[2026-09-26 18:26:07 UTC] [DEBUG   ] [STEP 040] SECTION: SUMMARY TABLE
[2026-09-26 18:26:07 UTC] [DEBUG   ] [STEP 040] ================================================================================
[2026-09-26 18:26:07 UTC] [INFO    ] [STEP 040] Mission            r_AU  v_rad  v_E,cmb  sc_cmb  sc_orb  align     Obs    Pred   Ratio    Geom
[2026-09-26 18:26:07 UTC] [INFO    ] [STEP 040] ---------------------------------------------------------------------------------------------------------
[2026-09-26 18:26:07 UTC] [INFO    ] [STEP 040] NEAR             1998-01-23    0.984  +0.18    22.5     3.1  +0.674    YES   13.46   0.304   44.33 -12877.80
[2026-09-26 18:26:07 UTC] [INFO    ] [STEP 040] Galileo_1990     1990-12-08    0.985  -0.22    29.5     3.6  +0.158    YES    3.92   0.027  143.65 -15048.85
[2026-09-26 18:26:07 UTC] [INFO    ] [STEP 040] Cassini          1999-08-18    1.012  -0.34   -12.8   -18.1  +0.267     no   -2.00  -0.000 188850.40 156100.72
[2026-09-26 18:26:07 UTC] [INFO    ] [STEP 040] Galileo_1992     1992-12-08    0.985  -0.23    29.5    12.1  +0.788    YES   -4.60  -0.007  664.54 -22015.75
[2026-09-26 18:26:07 UTC] [INFO    ] [STEP 040] Rosetta_2005     2005-03-04    0.992  +0.44     4.6    -6.0  +0.679     no    1.80   0.035   51.49 40751.58
[2026-09-26 18:26:07 UTC] [INFO    ] [STEP 040] Rosetta_2007     2007-11-13    0.990  -0.40    25.4     7.6  +0.249    YES    0.02   0.000 1512.56 28876.50
[2026-09-26 18:26:07 UTC] [INFO    ] [STEP 040] Rosetta_2009     2009-11-13    0.990  -0.38    25.5    10.6  +0.703    YES    0.00   0.000    0.00 5362.63
[2026-09-26 18:26:07 UTC] [INFO    ] [STEP 040] MESSENGER_2005   2005-08-02    1.015  -0.22   -19.1     0.0  -0.741     no    0.02   0.000 339558.33 344532.90
[2026-09-26 18:26:07 UTC] [INFO    ] [STEP 040] Juno             2013-10-09    0.999  -0.51    12.4    -6.7  +0.623     no    0.00   0.003    0.00 5143.36
[2026-09-26 18:26:07 UTC] [DEBUG   ] [STEP 040] 
[2026-09-26 18:26:07 UTC] [DEBUG   ] [STEP 040] ================================================================================
[2026-09-26 18:26:07 UTC] [DEBUG   ] [STEP 040] SECTION: BEST CORRELATION
[2026-09-26 18:26:07 UTC] [DEBUG   ] [STEP 040] ================================================================================
[2026-09-26 18:26:07 UTC] [INFO    ] [STEP 040] Test: Ratio vs Earth Orbital Speed
[2026-09-26 18:26:07 UTC] [INFO    ] [STEP 040] Pearson r = -0.894
[2026-09-26 18:26:07 UTC] [INFO    ] [STEP 040] p-value = 0.001
[2026-09-26 18:26:07 UTC] [INFO    ] [STEP 040] Result: STATISTICALLY SIGNIFICANT at p < 0.05
[2026-09-26 18:26:07 UTC] [INFO    ] [STEP 040] 
Results saved to: /Users/matthewsmawfield/www/Temporal Equivalence Principle/TEP-EFA/results/step040_cosmographic_shear.json
[2026-09-26 18:26:07 UTC] [INFO    ] [STEP 040] 
[2026-09-26 18:26:07 UTC] [INFO    ] [STEP 040] ================================================================================
[2026-09-26 18:26:07 UTC] [INFO    ] [STEP 040] STEP SUMMARY: step_040_cosmographic_shear
[2026-09-26 18:26:07 UTC] [INFO    ] [STEP 040] ================================================================================
[2026-09-26 18:26:07 UTC] [INFO    ] [STEP 040] Step Number: 040
[2026-09-26 18:26:07 UTC] [INFO    ] [STEP 040] Status: SUCCESS
[2026-09-26 18:26:07 UTC] [INFO    ] [STEP 040] Duration: 0.00s
[2026-09-26 18:26:07 UTC] [INFO    ] [STEP 040] Calculations Logged: 0
[2026-09-26 18:26:07 UTC] [INFO    ] [STEP 040] Output Files: 0
[2026-09-26 18:26:07 UTC] [INFO    ] [STEP 040] Log file: /Users/matthewsmawfield/www/Temporal Equivalence Principle/TEP-EFA/logs/step_040_cosmographic_shear.log
[2026-09-26 18:26:07 UTC] [INFO    ] [STEP 040] No output files generated
[2026-09-26 18:26:07 UTC] [INFO    ] [STEP 040] ================================================================================
[2026-09-26 18:26:07 UTC] [INFO    ] [STEP 040] STEP 040 COMPLETE: SUCCESS
[2026-09-26 18:26:07 UTC] [INFO    ] [STEP 040] Provenance data saved to /Users/matthewsmawfield/www/Temporal Equivalence Principle/TEP-EFA/results/provenance/step_040_cosmographic_shear_provenance.json
[2026-09-26 17:26:07 UTC] [INFO    ] [STEP 040] 
[2026-09-26 17:26:07 UTC] [INFO    ] [STEP 040] ================================================================================
[2026-09-26 17:26:07 UTC] [INFO    ] [STEP 040] EXECUTIVE SUMMARY
[2026-09-26 17:26:07 UTC] [INFO    ] [STEP 040] ================================================================================
[2026-09-26 17:26:07 UTC] [INFO    ] [STEP 040] Step: step_040_cosmographic_shear (Step 040)
[2026-09-26 17:26:07 UTC] [INFO    ] [STEP 040] Status: SUCCESS
[2026-09-26 17:26:07 UTC] [INFO    ] [STEP 040] Duration: 0.00s
[2026-09-26 17:26:07 UTC] [INFO    ] [STEP 040] Calculations: 0
[2026-09-26 17:26:07 UTC] [INFO    ] [STEP 040] Output Files: 0
[2026-09-26 17:26:07 UTC] [INFO    ] [STEP 040] ================================================================================
