[INFO] [STEP 028] LOGGER INITIALIZED: step_028_dsn_processing (Step 028)
[INFO] [STEP 028] ================================================================================
[INFO] [STEP 028] STEP 028: DSN RAW DATA PROCESSING WITH MINIMAL ORBIT DETERMINATION
[INFO] [STEP 028] ================================================================================
[INFO] [STEP 028] Objective: Process raw DSN tracking data to recover TEP signals
[INFO] [STEP 028] ✓ NEAR_1998            NEAR-A-ES-4-EAR-VELOC-3-V1.0
[INFO] [STEP 028] ✓ Galileo_1990         GO-A-ES-5-SA-VISIB-2-V1.0
[INFO] [STEP 028] ✓ Galileo_1992         GO-A-ES-5-SA-VISIB-2-V1.0
[INFO] [STEP 028] ✓ Cassini_1999         CO-E/S/J/S-S-RPWS-4-FSW-10SEC-V1.0
[INFO] [STEP 028] ✓ MESSENGER_2005       MESS-E/V/H-RSS-1-EDS-V1.0
[INFO] [STEP 028] ✓ Juno_2013            JNO-J-E/J/SDC-2-EDR-L0-V1.0
[INFO] [STEP 028] ✓ Rosetta_2005         RO-X-ESAC-5-ESA1-ATT-V1.0
[WARNING] [STEP 028] ⚠ Rosetta_2007         Not available
[INFO] [STEP 028] ✓ Stardust_2001        SDU-A-RSS-1-Trajectory-2004-V1.0
[INFO] [STEP 028] Total available: 8/9 missions
[INFO] [STEP 028] Loaded TEP predictions for 12 flybys
[INFO] [STEP 028] NEAR_1998: ingest status no_indexed_products (0 files)
[INFO] [STEP 028] Galileo_1990: ingest status no_indexed_products (0 files)
[INFO] [STEP 028] Galileo_1992: ingest status no_indexed_products (0 files)
[INFO] [STEP 028] Cassini_1999: ingest status no_indexed_products (0 files)
[INFO] [STEP 028] MESSENGER_2005: ingest status no_indexed_products (0 files)
[INFO] [STEP 028] Juno_2013: ingest status no_indexed_products (0 files)
[INFO] [STEP 028] Rosetta_2005: ingest status no_indexed_products (0 files)
[INFO] [STEP 028] Stardust_2001: ingest status no_indexed_products (0 files)
[INFO] [STEP 028] Processing missions with available raw DSN data
[INFO] [STEP 028] No local DSN tracking product found under: /Users/matthewsmawfield/www/Temporal Equivalence Principle/TEP-EFA/data/raw/dsn_tracking/NEAR_1998
[INFO] [STEP 028] Raw DSN data must be downloaded from NASA PDS first
[INFO] [STEP 028] Use download script: bash download_dsn_data.sh
[INFO] [STEP 028] No local DSN tracking product found under: /Users/matthewsmawfield/www/Temporal Equivalence Principle/TEP-EFA/data/raw/dsn_tracking/Galileo_1990
[INFO] [STEP 028] Raw DSN data must be downloaded from NASA PDS first
[INFO] [STEP 028] Use download script: bash download_dsn_data.sh
[INFO] [STEP 028] No local DSN tracking product found under: /Users/matthewsmawfield/www/Temporal Equivalence Principle/TEP-EFA/data/raw/dsn_tracking/Galileo_1992
[INFO] [STEP 028] Raw DSN data must be downloaded from NASA PDS first
[INFO] [STEP 028] Use download script: bash download_dsn_data.sh
[INFO] [STEP 028] No local DSN tracking product found under: /Users/matthewsmawfield/www/Temporal Equivalence Principle/TEP-EFA/data/raw/dsn_tracking/Cassini_1999
[INFO] [STEP 028] Raw DSN data must be downloaded from NASA PDS first
[INFO] [STEP 028] Use download script: bash download_dsn_data.sh
[INFO] [STEP 028] No local DSN tracking product found under: /Users/matthewsmawfield/www/Temporal Equivalence Principle/TEP-EFA/data/raw/dsn_tracking/MESSENGER_2005
[INFO] [STEP 028] Raw DSN data must be downloaded from NASA PDS first
[INFO] [STEP 028] Use download script: bash download_dsn_data.sh
[INFO] [STEP 028] No local DSN tracking product found under: /Users/matthewsmawfield/www/Temporal Equivalence Principle/TEP-EFA/data/raw/dsn_tracking/Juno_2013
[INFO] [STEP 028] Raw DSN data must be downloaded from NASA PDS first
[INFO] [STEP 028] Use download script: bash download_dsn_data.sh
[INFO] [STEP 028] No local DSN tracking product found under: /Users/matthewsmawfield/www/Temporal Equivalence Principle/TEP-EFA/data/raw/dsn_tracking/Rosetta_2005
[INFO] [STEP 028] Raw DSN data must be downloaded from NASA PDS first
[INFO] [STEP 028] Use download script: bash download_dsn_data.sh
[INFO] [STEP 028] No local DSN tracking product found under: /Users/matthewsmawfield/www/Temporal Equivalence Principle/TEP-EFA/data/raw/dsn_tracking/Stardust_2001
[INFO] [STEP 028] Raw DSN data must be downloaded from NASA PDS first
[INFO] [STEP 028] Use download script: bash download_dsn_data.sh
[WARNING] [STEP 028] ⚠ No DSN data available - saved status to: /Users/matthewsmawfield/www/Temporal Equivalence Principle/TEP-EFA/results/step028_dsn_analysis.json
[INFO] [STEP 028] 
[INFO] [STEP 028] ================================================================================
[INFO] [STEP 028] STEP SUMMARY: step_028_dsn_processing
[INFO] [STEP 028] ================================================================================
[INFO] [STEP 028] Step Number: 028
[INFO] [STEP 028] Status: PARTIAL
[INFO] [STEP 028] Duration: 2.16m
[INFO] [STEP 028] Calculations Logged: 0
[INFO] [STEP 028] Output Files: 0
[INFO] [STEP 028] Log file: /Users/matthewsmawfield/www/Temporal Equivalence Principle/TEP-EFA/logs/step_028_dsn_processing.log
[INFO] [STEP 028] No output files generated
[INFO] [STEP 028] ================================================================================
[INFO] [STEP 028] STEP 028 COMPLETE: PARTIAL
[INFO] [STEP 028] Provenance data saved to /Users/matthewsmawfield/www/Temporal Equivalence Principle/TEP-EFA/results/provenance/step_028_dsn_processing_provenance.json
