[INFO] [STEP 041] LOGGER INITIALIZED: step_041_envelope_heuristic_sensitivity (Step 041)
[INFO] [STEP 041] ================================================================================
[INFO] [STEP 041] STEP 041: GEOMETRY ENVELOPE HEURISTIC SENSITIVITY
[INFO] [STEP 041] ================================================================================
[INFO] [STEP 017] LOGGER INITIALIZED: step_017_plasma_modulation (Step 017)
[INFO] [STEP 017] Loaded IRI trajectory profiles from step_033
[INFO] [STEP 041] Monte Carlo parallel workers: 10 (cpu_count=15)
[INFO] [STEP 017] LOGGER INITIALIZED: step_017_plasma_modulation (Step 017)
[INFO] [STEP 017] LOGGER INITIALIZED: step_017_plasma_modulation (Step 017)
[INFO] [STEP 017] LOGGER INITIALIZED: step_017_plasma_modulation (Step 017)
[INFO] [STEP 017] LOGGER INITIALIZED: step_017_plasma_modulation (Step 017)
[INFO] [STEP 017] LOGGER INITIALIZED: step_017_plasma_modulation (Step 017)
[INFO] [STEP 017] Loaded IRI trajectory profiles from step_033
[INFO] [STEP 017] Loaded IRI trajectory profiles from step_033
[INFO] [STEP 017] LOGGER INITIALIZED: step_017_plasma_modulation (Step 017)
[INFO] [STEP 017] Loaded IRI trajectory profiles from step_033
[INFO] [STEP 017] Loaded IRI trajectory profiles from step_033
[INFO] [STEP 017] Loaded IRI trajectory profiles from step_033
[INFO] [STEP 017] LOGGER INITIALIZED: step_017_plasma_modulation (Step 017)
[INFO] [STEP 017] Loaded IRI trajectory profiles from step_033
[INFO] [STEP 017] LOGGER INITIALIZED: step_017_plasma_modulation (Step 017)
[INFO] [STEP 017] LOGGER INITIALIZED: step_017_plasma_modulation (Step 017)
[INFO] [STEP 017] LOGGER INITIALIZED: step_017_plasma_modulation (Step 017)
[INFO] [STEP 017] Loaded IRI trajectory profiles from step_033
[INFO] [STEP 017] Loaded IRI trajectory profiles from step_033
[INFO] [STEP 017] Loaded IRI trajectory profiles from step_033
[INFO] [STEP 017] Loaded IRI trajectory profiles from step_033
[INFO] [STEP 041] ✓ Wrote /Users/matthewsmawfield/www/Temporal Equivalence Principle/TEP-EFA/results/step041_envelope_heuristic_sensitivity.json
[INFO] [STEP 041]   Output: step041_envelope_heuristic_sensitivity.json (Envelope heuristic sensitivity)
[INFO] [STEP 041] 
[INFO] [STEP 041] ================================================================================
[INFO] [STEP 041] STEP SUMMARY: step_041_envelope_heuristic_sensitivity
[INFO] [STEP 041] ================================================================================
[INFO] [STEP 041] Step Number: 041
[INFO] [STEP 041] Status: SUCCESS
[INFO] [STEP 041] Duration: 15.80s
[INFO] [STEP 041] Calculations Logged: 0
[INFO] [STEP 041] Output Files: 1
[INFO] [STEP 041] Log file: /Users/matthewsmawfield/www/Temporal Equivalence Principle/TEP-EFA/logs/step_041_envelope_heuristic_sensitivity.log
[INFO] [STEP 041] 
[INFO] [STEP 041] Generated 1 output file(s):
[INFO] [STEP 041]   • step041_envelope_heuristic_sensitivity.json: 231.70 KB - Envelope heuristic sensitivity
[INFO] [STEP 041] ================================================================================
[INFO] [STEP 041] STEP 041 COMPLETE: SUCCESS
[INFO] [STEP 041] Provenance data saved to /Users/matthewsmawfield/www/Temporal Equivalence Principle/TEP-EFA/results/provenance/step_041_envelope_heuristic_sensitivity_provenance.json
