[2026-09-26 15:48:37 UTC] [INFO    ] [STEP 019] LOGGER INITIALIZED: step_019_3d_field_integration (Step 019)
[2026-09-26 15:48:37 UTC] [DEBUG   ] [STEP 019] Log file: /Users/matthewsmawfield/www/Temporal Equivalence Principle/TEP-EFA/logs/step_019_3d_field_integration.log
[2026-09-26 15:48:37 UTC] [DEBUG   ] [STEP 019] Project root: /Users/matthewsmawfield/www/Temporal Equivalence Principle/TEP-EFA
[2026-09-26 15:48:37 UTC] [DEBUG   ] [STEP 019] 
[2026-09-26 15:48:37 UTC] [DEBUG   ] [STEP 019] --- INTEGRATION PARAMETERS ---
[2026-09-26 15:48:37 UTC] [INFO    ] [STEP 019] β = 1.00e-04
[2026-09-26 15:48:37 UTC] [INFO    ] [STEP 019] J2 = 1.08e-03
[2026-09-26 15:48:37 UTC] [DEBUG   ] [STEP 019] 
[2026-09-26 15:48:37 UTC] [DEBUG   ] [STEP 019] --- TRAJECTORY INTEGRATION ---
[2026-09-26 15:48:37 UTC] [WARNING ] [STEP 019] ⚠ Using idealized analytic hypoflyby paths (metadata.trajectory_source); results are diagnostic only, not mission-true arcs.
[2026-09-26 15:48:37 UTC] [INFO    ] [STEP 019] Processing NEAR...
[2026-09-26 15:48:37 UTC] [INFO    ] [STEP 019]   3D integration: 8.7040 mm/s
[2026-09-26 15:48:37 UTC] [INFO    ] [STEP 019]   Simplified: 6.9329 mm/s
[2026-09-26 15:48:37 UTC] [INFO    ] [STEP 019]   Current: 1.5270 mm/s
[2026-09-26 15:48:37 UTC] [INFO    ] [STEP 019]   Ratio: 1.26
[2026-09-26 15:48:37 UTC] [INFO    ] [STEP 019] Processing Galileo_1990...
[2026-09-26 15:48:37 UTC] [INFO    ] [STEP 019]   3D integration: 8.3963 mm/s
[2026-09-26 15:48:37 UTC] [INFO    ] [STEP 019]   Simplified: 6.3756 mm/s
[2026-09-26 15:48:37 UTC] [INFO    ] [STEP 019]   Current: 0.1372 mm/s
[2026-09-26 15:48:37 UTC] [INFO    ] [STEP 019]   Ratio: 1.32
[2026-09-26 15:48:37 UTC] [INFO    ] [STEP 019] Processing Cassini...
[2026-09-26 15:48:37 UTC] [INFO    ] [STEP 019]   3D integration: 8.2474 mm/s
[2026-09-26 15:48:37 UTC] [INFO    ] [STEP 019]   Simplified: 6.1179 mm/s
[2026-09-26 15:48:37 UTC] [INFO    ] [STEP 019]   Current: -0.0001 mm/s
[2026-09-26 15:48:37 UTC] [INFO    ] [STEP 019]   Ratio: 1.35
[2026-09-26 15:48:37 UTC] [INFO    ] [STEP 019] Processing Galileo_1992...
[2026-09-26 15:48:37 UTC] [INFO    ] [STEP 019]   3D integration: 8.8865 mm/s
[2026-09-26 15:48:37 UTC] [INFO    ] [STEP 019]   Simplified: 7.2800 mm/s
[2026-09-26 15:48:37 UTC] [INFO    ] [STEP 019]   Current: -0.0348 mm/s
[2026-09-26 15:48:37 UTC] [INFO    ] [STEP 019]   Ratio: 1.22
[2026-09-26 15:48:37 UTC] [INFO    ] [STEP 019] Processing Rosetta_2005...
[2026-09-26 15:48:37 UTC] [INFO    ] [STEP 019]   3D integration: 7.7489 mm/s
[2026-09-26 15:48:37 UTC] [INFO    ] [STEP 019]   Simplified: 5.3081 mm/s
[2026-09-26 15:48:37 UTC] [INFO    ] [STEP 019]   Current: 0.1758 mm/s
[2026-09-26 15:48:37 UTC] [INFO    ] [STEP 019]   Ratio: 1.46
[2026-09-26 15:48:37 UTC] [INFO    ] [STEP 019] Processing Rosetta_2007...
[2026-09-26 15:48:37 UTC] [INFO    ] [STEP 019]   3D integration: 6.1535 mm/s
[2026-09-26 15:48:37 UTC] [INFO    ] [STEP 019]   Simplified: 3.2005 mm/s
[2026-09-26 15:48:37 UTC] [INFO    ] [STEP 019]   Current: 0.0001 mm/s
[2026-09-26 15:48:37 UTC] [INFO    ] [STEP 019]   Ratio: 1.92
[2026-09-26 15:48:37 UTC] [INFO    ] [STEP 019] Processing MESSENGER_2005...
[2026-09-26 15:48:37 UTC] [INFO    ] [STEP 019]   3D integration: 7.5205 mm/s
[2026-09-26 15:48:37 UTC] [INFO    ] [STEP 019]   Simplified: 4.9630 mm/s
[2026-09-26 15:48:37 UTC] [INFO    ] [STEP 019]   Current: 0.0000 mm/s
[2026-09-26 15:48:37 UTC] [INFO    ] [STEP 019]   Ratio: 1.52
[2026-09-26 15:48:37 UTC] [INFO    ] [STEP 019] Processing Stardust...
[2026-09-26 15:48:37 UTC] [INFO    ] [STEP 019]   3D integration: 5.8966 mm/s
[2026-09-26 15:48:37 UTC] [INFO    ] [STEP 019]   Simplified: 2.9218 mm/s
[2026-09-26 15:48:37 UTC] [INFO    ] [STEP 019]   Current: -0.0003 mm/s
[2026-09-26 15:48:37 UTC] [INFO    ] [STEP 019]   Ratio: 2.02
[2026-09-26 15:48:37 UTC] [INFO    ] [STEP 019] Processing OSIRIS-REx...
[2026-09-26 15:48:37 UTC] [INFO    ] [STEP 019]   3D integration: 3.5475 mm/s
[2026-09-26 15:48:37 UTC] [INFO    ] [STEP 019]   Simplified: 1.0194 mm/s
[2026-09-26 15:48:37 UTC] [INFO    ] [STEP 019]   Current: 0.0000 mm/s
[2026-09-26 15:48:37 UTC] [INFO    ] [STEP 019]   Ratio: 3.48
[2026-09-26 15:48:37 UTC] [INFO    ] [STEP 019] Processing BepiColombo...
[2026-09-26 15:48:37 UTC] [INFO    ] [STEP 019]   3D integration: 4.2288 mm/s
[2026-09-26 15:48:37 UTC] [INFO    ] [STEP 019]   Simplified: 1.4598 mm/s
[2026-09-26 15:48:37 UTC] [INFO    ] [STEP 019]   Current: -0.0000 mm/s
[2026-09-26 15:48:37 UTC] [INFO    ] [STEP 019]   Ratio: 2.90
[2026-09-26 15:48:37 UTC] [DEBUG   ] [STEP 019] 
[2026-09-26 15:48:37 UTC] [DEBUG   ] [STEP 019] ================================================================================
[2026-09-26 15:48:37 UTC] [DEBUG   ] [STEP 019] SECTION: SAVING RESULTS
[2026-09-26 15:48:37 UTC] [DEBUG   ] [STEP 019] ================================================================================
[2026-09-26 15:48:37 UTC] [INFO    ] [STEP 019] Results saved to: /Users/matthewsmawfield/www/Temporal Equivalence Principle/TEP-EFA/results/step019_3d_field_integration_results.json
[2026-09-26 15:48:37 UTC] [INFO    ] [STEP 019] 
[2026-09-26 15:48:37 UTC] [INFO    ] [STEP 019] ================================================================================
[2026-09-26 15:48:37 UTC] [INFO    ] [STEP 019] STEP SUMMARY: step_019_3d_field_integration
[2026-09-26 15:48:37 UTC] [INFO    ] [STEP 019] ================================================================================
[2026-09-26 15:48:37 UTC] [INFO    ] [STEP 019] Step Number: 019
[2026-09-26 15:48:37 UTC] [INFO    ] [STEP 019] Status: SUCCESS
[2026-09-26 15:48:37 UTC] [INFO    ] [STEP 019] Duration: 0.00s
[2026-09-26 15:48:37 UTC] [INFO    ] [STEP 019] Calculations Logged: 0
[2026-09-26 15:48:37 UTC] [INFO    ] [STEP 019] Output Files: 0
[2026-09-26 15:48:37 UTC] [INFO    ] [STEP 019] Log file: /Users/matthewsmawfield/www/Temporal Equivalence Principle/TEP-EFA/logs/step_019_3d_field_integration.log
[2026-09-26 15:48:37 UTC] [INFO    ] [STEP 019] No output files generated
[2026-09-26 15:48:37 UTC] [INFO    ] [STEP 019] ================================================================================
[2026-09-26 15:48:37 UTC] [INFO    ] [STEP 019] STEP 019 COMPLETE: SUCCESS
[2026-09-26 15:48:37 UTC] [INFO    ] [STEP 019] Provenance data saved to /Users/matthewsmawfield/www/Temporal Equivalence Principle/TEP-EFA/results/provenance/step_019_3d_field_integration_provenance.json
[2026-09-26 14:48:37 UTC] [INFO    ] [STEP 019] 
[2026-09-26 14:48:37 UTC] [INFO    ] [STEP 019] ================================================================================
[2026-09-26 14:48:37 UTC] [INFO    ] [STEP 019] EXECUTIVE SUMMARY
[2026-09-26 14:48:37 UTC] [INFO    ] [STEP 019] ================================================================================
[2026-09-26 14:48:37 UTC] [INFO    ] [STEP 019] Step: step_019_3d_field_integration (Step 019)
[2026-09-26 14:48:37 UTC] [INFO    ] [STEP 019] Status: SUCCESS
[2026-09-26 14:48:37 UTC] [INFO    ] [STEP 019] Duration: 0.00s
[2026-09-26 14:48:37 UTC] [INFO    ] [STEP 019] Calculations: 0
[2026-09-26 14:48:37 UTC] [INFO    ] [STEP 019] Output Files: 0
[2026-09-26 14:48:37 UTC] [INFO    ] [STEP 019] ================================================================================
