[INFO] [STEP 039] LOGGER INITIALIZED: step_039_flyby_prediction_table (Step 039)
[INFO] [STEP 039] ================================================================================
[INFO] [STEP 039] STEP 039: PER-FLYBY POST-OD PREDICTION AND CLASSIFICATION TABLE
[INFO] [STEP 039] ================================================================================
[INFO] [STEP 039] Step 008 pooled beta = 4.740427e-03; prediction uncertainty uses random_effects_uncertainty = 1.284638e-03
[INFO] [STEP 039] Scale factor (beta^(3/4)) = 18.0660
[INFO] [STEP 039] Relative uncertainty on raw prediction = 0.2032
[INFO] [STEP 039] NEAR                 | obs=   13.46 | raw=   5.486 | raw_cls= true_positive | raw_unc= true_positive | FOD=  None | post=    None | f_od_unavailable
[INFO] [STEP 039] Galileo 1990         | obs=    3.92 | raw=   0.493 | raw_cls= true_positive | raw_unc= true_positive | FOD=  None | post=    None | f_od_unavailable
[INFO] [STEP 039] Rosetta 2005         | obs=     1.8 | raw=   0.632 | raw_cls= true_positive | raw_unc= true_positive | FOD=  None | post=    None | f_od_unavailable
[INFO] [STEP 039] Cassini              | obs=    -2.0 | raw=    -0.0 | raw_cls=     true_null | raw_unc=     true_null | FOD=  None | post=    None | f_od_unavailable
[INFO] [STEP 039] Galileo 1992         | obs=    -4.6 | raw=  -0.125 | raw_cls=   raw_surplus | raw_unc=observed_detection_prediction_uncertain | FOD=  None | post=    None | f_od_unavailable
[INFO] [STEP 039] MESSENGER            | obs=    0.02 | raw=     0.0 | raw_cls=     true_null | raw_unc=     true_null | FOD=  None | post=    None | f_od_unavailable
[INFO] [STEP 039] Rosetta 2009         | obs=     0.0 | raw=   0.004 | raw_cls=     true_null | raw_unc=     true_null | FOD=  None | post=    None | f_od_unavailable
[INFO] [STEP 039] Juno                 | obs=     0.0 | raw=   0.047 | raw_cls=     true_null | raw_unc=     true_null | FOD=  None | post=    None | f_od_unavailable
[INFO] [STEP 039] Rosetta 2007         | obs=    0.02 | raw=     0.0 | raw_cls=     true_null | raw_unc=     true_null | FOD=  None | post=    None | f_od_unavailable
[INFO] [STEP 039] Stardust             | obs=    None | raw=  -0.001 | raw_cls=uncertainty_unavailable | raw_unc=uncertainty_unavailable | FOD=  None | post=    None | f_od_unavailable
[INFO] [STEP 039] OSIRIS-REx           | obs=    None | raw=     0.0 | raw_cls=uncertainty_unavailable | raw_unc=uncertainty_unavailable | FOD=  None | post=    None | f_od_unavailable
[INFO] [STEP 039] BepiColombo          | obs=    None | raw=    -0.0 | raw_cls=uncertainty_unavailable | raw_unc=uncertainty_unavailable | FOD=  None | post=    None | f_od_unavailable
[INFO] [STEP 039] 
[INFO] [STEP 039] Raw pooled-amplitude classification summary:
[INFO] [STEP 039]   true_positive            : 3
[INFO] [STEP 039]   true_null                : 5
[INFO] [STEP 039]   raw_tension              : 0
[INFO] [STEP 039]   raw_surplus              : 1
[INFO] [STEP 039] 
[INFO] [STEP 039] Uncertainty-aware raw classification summary:
[INFO] [STEP 039]   true_positive            : 3
[INFO] [STEP 039]   true_null                : 5
[INFO] [STEP 039]   raw_tension              : 0
[INFO] [STEP 039]   raw_surplus              : 0
[INFO] [STEP 039]   observed_detection_prediction_uncertain: 1
[INFO] [STEP 039] 
[INFO] [STEP 039] Post-OD classification summary:
[INFO] [STEP 039]   true_positive            : 0
[INFO] [STEP 039]   true_null                : 0
[INFO] [STEP 039]   suppressed_positive      : 0
[INFO] [STEP 039]   false_positive           : 0
[INFO] [STEP 039]   false_negative           : 0
[INFO] [STEP 039] 
[INFO] [STEP 039] Output written to: /Users/matthewsmawfield/www/Temporal Equivalence Principle/TEP-EFA/results/step039_flyby_prediction_table.json
[INFO] [STEP 039] 
[INFO] [STEP 039] ================================================================================
[INFO] [STEP 039] STEP SUMMARY: step_039_flyby_prediction_table
[INFO] [STEP 039] ================================================================================
[INFO] [STEP 039] Step Number: 039
[INFO] [STEP 039] Status: SUCCESS
[INFO] [STEP 039] Duration: 12.00s
[INFO] [STEP 039] Calculations Logged: 0
[INFO] [STEP 039] Output Files: 0
[INFO] [STEP 039] Log file: /Users/matthewsmawfield/www/Temporal Equivalence Principle/TEP-EFA/logs/step_039_flyby_prediction_table.log
[INFO] [STEP 039] No output files generated
[INFO] [STEP 039] ================================================================================
[INFO] [STEP 039] STEP 039 COMPLETE: SUCCESS
[INFO] [STEP 039] Provenance data saved to /Users/matthewsmawfield/www/Temporal Equivalence Principle/TEP-EFA/results/provenance/step_039_flyby_prediction_table_provenance.json
