[INFO] [STEP 011] LOGGER INITIALIZED: step_011_trajectory_integration (Step 011)
[INFO] [STEP 011] ================================================================================
[INFO] [STEP 011] STEP 011: 3D TRAJECTORY INTEGRATION WITH β MODULATION
[INFO] [STEP 011] ================================================================================
[INFO] [STEP 011] Transforming β scatter from limitation to predictive triumph
[INFO] [STEP 011] 
Integrating: NEAR
[INFO] [STEP 011]   Generated Keplerian ephemeris for NEAR (4320 points)
[INFO] [STEP 011]   Integrated Δv: 5.656 mm/s
[INFO] [STEP 011]   Perigee Δv: 0.304 mm/s
[INFO] [STEP 011]   β_eff: 9.027e-04 (β₀ × 0.190)
[INFO] [STEP 011] 
Integrating: Galileo_1990
[INFO] [STEP 011]   Generated Keplerian ephemeris for Galileo_1990 (4320 points)
[INFO] [STEP 011]   Integrated Δv: 0.397 mm/s
[INFO] [STEP 011]   Perigee Δv: 0.027 mm/s
[INFO] [STEP 011]   β_eff: 1.329e-03 (β₀ × 0.280)
[INFO] [STEP 011] 
Integrating: Cassini
[INFO] [STEP 011]   Generated Keplerian ephemeris for Cassini (4320 points)
[INFO] [STEP 011]   Integrated Δv: -0.002 mm/s
[INFO] [STEP 011]   Perigee Δv: -0.000 mm/s
[INFO] [STEP 011]   β_eff: 1.675e-03 (β₀ × 0.353)
[INFO] [STEP 011] 
Integrating: Galileo_1992
[INFO] [STEP 011]   Generated Keplerian ephemeris for Galileo_1992 (4320 points)
[INFO] [STEP 011]   Integrated Δv: 0.304 mm/s
[INFO] [STEP 011]   Perigee Δv: -0.007 mm/s
[INFO] [STEP 011]   β_eff: 7.139e-04 (β₀ × 0.151)
[INFO] [STEP 011] 
Integrating: Rosetta_2005
[INFO] [STEP 011]   Generated Keplerian ephemeris for Rosetta_2005 (4320 points)
[INFO] [STEP 011]   Integrated Δv: 0.216 mm/s
[INFO] [STEP 011]   Perigee Δv: 0.035 mm/s
[INFO] [STEP 011]   β_eff: 1.853e-03 (β₀ × 0.391)
[INFO] [STEP 011] 
Integrating: Rosetta_2007
[INFO] [STEP 011]   Generated Keplerian ephemeris for Rosetta_2007 (4320 points)
[INFO] [STEP 011]   Integrated Δv: 0.000 mm/s
[INFO] [STEP 011]   Perigee Δv: 0.000 mm/s
[INFO] [STEP 011]   β_eff: 3.753e-04 (β₀ × 0.079)
[INFO] [STEP 011] 
Integrating: Rosetta_2009
[INFO] [STEP 011]   Generated Keplerian ephemeris for Rosetta_2009 (4320 points)
[INFO] [STEP 011]   Integrated Δv: 0.005 mm/s
[INFO] [STEP 011]   Perigee Δv: 0.000 mm/s
[INFO] [STEP 011]   β_eff: 1.318e-03 (β₀ × 0.278)
[INFO] [STEP 011] 
Integrating: MESSENGER_2005
[INFO] [STEP 011]   Generated Keplerian ephemeris for MESSENGER_2005 (4320 points)
[INFO] [STEP 011]   Integrated Δv: 0.000 mm/s
[INFO] [STEP 011]   Perigee Δv: 0.000 mm/s
[INFO] [STEP 011]   β_eff: 1.606e-03 (β₀ × 0.339)
[INFO] [STEP 011] 
Integrating: Juno
[INFO] [STEP 011]   Generated Keplerian ephemeris for Juno (4320 points)
[INFO] [STEP 011]   Integrated Δv: 0.077 mm/s
[INFO] [STEP 011]   Perigee Δv: 0.003 mm/s
[INFO] [STEP 011]   β_eff: 1.192e-03 (β₀ × 0.252)
[INFO] [STEP 011] 
Integrating: Stardust
[INFO] [STEP 011]   Generated Keplerian ephemeris for Stardust (4320 points)
[INFO] [STEP 011]   Integrated Δv: 0.000 mm/s
[INFO] [STEP 011]   Perigee Δv: -0.000 mm/s
[INFO] [STEP 011]   β_eff: 2.544e-04 (β₀ × 0.054)
[INFO] [STEP 011] 
Integrating: OSIRIS-REx
[INFO] [STEP 011]   Generated Keplerian ephemeris for OSIRIS-REx (4320 points)
[INFO] [STEP 011]   Integrated Δv: 0.000 mm/s
[INFO] [STEP 011]   Perigee Δv: 0.000 mm/s
[INFO] [STEP 011]   β_eff: 9.670e-07 (β₀ × 0.000)
[INFO] [STEP 011] 
Integrating: BepiColombo
[INFO] [STEP 011]   Generated Keplerian ephemeris for BepiColombo (4320 points)
[INFO] [STEP 011]   Integrated Δv: 0.000 mm/s
[INFO] [STEP 011]   Perigee Δv: -0.000 mm/s
[INFO] [STEP 011]   β_eff: 8.594e-06 (β₀ × 0.002)
[INFO] [STEP 011] ✓ 
Full 3D integration complete. Results saved to: /Users/matthewsmawfield/www/Temporal Equivalence Principle/TEP-EFA/results/step011_trajectory_integration.json
[INFO] [STEP 011] β_eff range: 1916.65× (explains observed heterogeneity)
[INFO] [STEP 011] 
[INFO] [STEP 011] ================================================================================
[INFO] [STEP 011] STEP SUMMARY: step_011_trajectory_integration
[INFO] [STEP 011] ================================================================================
[INFO] [STEP 011] Step Number: 011
[INFO] [STEP 011] Status: SUCCESS
[INFO] [STEP 011] Duration: 2.86s
[INFO] [STEP 011] Calculations Logged: 1
[INFO] [STEP 011] Output Files: 0
[INFO] [STEP 011] Log file: /Users/matthewsmawfield/www/Temporal Equivalence Principle/TEP-EFA/logs/step_011_trajectory_integration.log
[INFO] [STEP 011] No output files generated
[INFO] [STEP 011] ================================================================================
[INFO] [STEP 011] STEP 011 COMPLETE: SUCCESS
[INFO] [STEP 011] Provenance data saved to /Users/matthewsmawfield/www/Temporal Equivalence Principle/TEP-EFA/results/provenance/step_011_trajectory_integration_provenance.json
