[INFO] [STEP 020] LOGGER INITIALIZED: step_020_plasma_environment_reconstruction (Step 020)
[INFO] [STEP 020] Loaded IRI trajectory profiles from step_033
[INFO] [STEP 020] ================================================================================
[INFO] [STEP 020] STEP 020: PLASMA ENVIRONMENT RECONSTRUCTION
[INFO] [STEP 020] ================================================================================
[INFO] [STEP 020] Solar activity from Celestrak SW-All.csv (F10.7_OBS/F10.7_ADJ, KP_SUM)
[INFO] [STEP 020] IRI model electron density profiles from step_033 (continuous trajectory data)
[INFO] [STEP 020] Plasma attenuation: phenomenological ansatz S = exp(-n_e / n_ref)
[INFO] [STEP 020] n_ref = 2.3e+03 cm^-3 (median peak IRI n_e from step_033)
[INFO] [STEP 020] Computing F_plasma factors from IRI electron density profiles
[INFO] [STEP 020] NEAR:
[INFO] [STEP 020]   n_e = 19504.3 ± 0.1 cm³
[INFO] [STEP 020]   F10.7 = 96.9 ± 0.1 sfu
[INFO] [STEP 020]   Activity = moderate
[INFO] [STEP 020]   F_screening = 0.0002 ± 0.5000
[INFO] [STEP 020]   F_sign = 1.0 ± 0.2
[INFO] [STEP 020]   Combined uncertainty: ±57%
[INFO] [STEP 020]   Data source: IRI_model_step_033
[INFO] [STEP 020] Galileo_1990:
[INFO] [STEP 020]   n_e = 53166.9 ± 0.1 cm³
[INFO] [STEP 020]   F10.7 = 230.4 ± 0.1 sfu
[INFO] [STEP 020]   Activity = high
[INFO] [STEP 020]   F_screening = 0.0000 ± 0.5000
[INFO] [STEP 020]   F_sign = 1.0 ± 0.2
[INFO] [STEP 020]   Combined uncertainty: ±57%
[INFO] [STEP 020]   Data source: IRI_model_step_033
[INFO] [STEP 020] Cassini:
[INFO] [STEP 020]   n_e = 15813.4 ± 0.1 cm³
[INFO] [STEP 020]   F10.7 = 130.7 ± 0.1 sfu
[INFO] [STEP 020]   Activity = moderate
[INFO] [STEP 020]   F_screening = 0.0010 ± 0.5000
[INFO] [STEP 020]   F_sign = 1.0 ± 0.2
[INFO] [STEP 020]   Combined uncertainty: ±57%
[INFO] [STEP 020]   Data source: IRI_model_step_033
[INFO] [STEP 020] Galileo_1992:
[INFO] [STEP 020]   n_e = 1384167.6 ± 0.1 cm³
[INFO] [STEP 020]   F10.7 = 129.0 ± 0.1 sfu
[INFO] [STEP 020]   Activity = moderate
[INFO] [STEP 020]   F_screening = 0.0000 ± 0.5000
[INFO] [STEP 020]   F_sign = 1.0 ± 0.2
[INFO] [STEP 020]   Combined uncertainty: ±57%
[INFO] [STEP 020]   Data source: IRI_model_step_033
[INFO] [STEP 020] Rosetta_2005:
[INFO] [STEP 020]   n_e = 1748.6 ± 0.1 cm³
[INFO] [STEP 020]   F10.7 = 78.9 ± 0.1 sfu
[INFO] [STEP 020]   Activity = low
[INFO] [STEP 020]   F_screening = 0.4679 ± 0.5000
[INFO] [STEP 020]   F_sign = 1.0 ± 0.2
[INFO] [STEP 020]   Combined uncertainty: ±57%
[INFO] [STEP 020]   Data source: IRI_model_step_033
[INFO] [STEP 020] Rosetta_2007:
[INFO] [STEP 020]   n_e = 251.2 ± 0.1 cm³
[INFO] [STEP 020]   F10.7 = 69.9 ± 0.1 sfu
[INFO] [STEP 020]   Activity = low
[INFO] [STEP 020]   F_screening = 0.8967 ± 0.5000
[INFO] [STEP 020]   F_sign = 1.0 ± 0.2
[INFO] [STEP 020]   Combined uncertainty: ±57%
[INFO] [STEP 020]   Data source: IRI_model_step_033
[INFO] [STEP 020] MESSENGER_2005:
[INFO] [STEP 020]   n_e = 1716.7 ± 0.1 cm³
[INFO] [STEP 020]   F10.7 = 110.2 ± 0.1 sfu
[INFO] [STEP 020]   Activity = moderate
[INFO] [STEP 020]   F_screening = 0.4745 ± 0.5000
[INFO] [STEP 020]   F_sign = 1.0 ± 0.2
[INFO] [STEP 020]   Combined uncertainty: ±57%
[INFO] [STEP 020]   Data source: IRI_model_step_033
[INFO] [STEP 020] Stardust:
[INFO] [STEP 020]   n_e = 982.9 ± 0.1 cm³
[INFO] [STEP 020]   F10.7 = 169.2 ± 0.1 sfu
[INFO] [STEP 020]   Activity = high
[INFO] [STEP 020]   F_screening = 0.6525 ± 0.5000
[INFO] [STEP 020]   F_sign = 1.0 ± 0.2
[INFO] [STEP 020]   Combined uncertainty: ±57%
[INFO] [STEP 020]   Data source: IRI_model_step_033
[INFO] [STEP 020] OSIRIS-REx:
[INFO] [STEP 020]   n_e = 1.8 ± 0.1 cm³
[INFO] [STEP 020]   F10.7 = 77.5 ± 0.1 sfu
[INFO] [STEP 020]   Activity = low
[INFO] [STEP 020]   F_screening = 0.9992 ± 0.5000
[INFO] [STEP 020]   F_sign = 1.0 ± 0.2
[INFO] [STEP 020]   Combined uncertainty: ±57%
[INFO] [STEP 020]   Data source: IRI_model_step_033
[INFO] [STEP 020] BepiColombo:
[INFO] [STEP 020]   n_e = 40.5 ± 0.1 cm³
[INFO] [STEP 020]   F10.7 = 69.2 ± 0.1 sfu
[INFO] [STEP 020]   Activity = low
[INFO] [STEP 020]   F_screening = 0.9826 ± 0.5000
[INFO] [STEP 020]   F_sign = 1.0 ± 0.2
[INFO] [STEP 020]   Combined uncertainty: ±57%
[INFO] [STEP 020]   Data source: IRI_model_step_033
[INFO] [STEP 020] Plasma environment reconstruction saved to /Users/matthewsmawfield/www/Temporal Equivalence Principle/TEP-EFA/results/step020_plasma_environment.json
[INFO] [STEP 020]   Output: step020_plasma_environment.json (Plasma environment reconstruction)
[INFO] [STEP 020] Flybys with non-trivial plasma screening: NEAR, Galileo_1990, Cassini, Galileo_1992, Rosetta_2005, Rosetta_2007, MESSENGER_2005, Stardust, BepiColombo
[INFO] [STEP 020] 
[INFO] [STEP 020] ================================================================================
[INFO] [STEP 020] STEP SUMMARY: step_020_plasma_environment_reconstruction
[INFO] [STEP 020] ================================================================================
[INFO] [STEP 020] Step Number: 020
[INFO] [STEP 020] Status: SUCCESS
[INFO] [STEP 020] Duration: 0.00s
[INFO] [STEP 020] Calculations Logged: 0
[INFO] [STEP 020] Output Files: 1
[INFO] [STEP 020] Log file: /Users/matthewsmawfield/www/Temporal Equivalence Principle/TEP-EFA/logs/step_020_plasma_environment_reconstruction.log
[INFO] [STEP 020] 
[INFO] [STEP 020] Generated 1 output file(s):
[INFO] [STEP 020]   • step020_plasma_environment.json: 11.70 KB - Plasma environment reconstruction
[INFO] [STEP 020] ================================================================================
[INFO] [STEP 020] STEP 020 COMPLETE: SUCCESS
[INFO] [STEP 020] Provenance data saved to /Users/matthewsmawfield/www/Temporal Equivalence Principle/TEP-EFA/results/provenance/step_020_plasma_environment_reconstruction_provenance.json
