[INFO] [STEP 032] LOGGER INITIALIZED: step_032_tep_suppression (Step 032)
[INFO] [STEP 032] ================================================================================
[INFO] [STEP 032] STEP 032: TEP SUPPRESSION ANALYSIS
[INFO] [STEP 032] ================================================================================
[INFO] [STEP 032] Testing hypothesis: Modern OD filters TEP signals
[INFO] [STEP 032] LOGGER INITIALIZED: step_032_tep_suppression (Step 032)
[INFO] [STEP 032] ✓ Results loaded successfully
[INFO] [STEP 032] Mission              Std OD (mm/s)   TEP Pred (mm/s)    Status                   
[INFO] [STEP 032] NEAR_1998                     13.46             14.18 OK                       
[INFO] [STEP 032] Galileo_1990                   3.92              7.96 OK                       
[INFO] [STEP 032] Galileo_1992                  -4.60             25.23 LEGACY FLAG              
[INFO] [STEP 032] Cassini_1999                  -2.00              6.51 LEGACY FLAG              
[INFO] [STEP 032] Rosetta_2005                   1.80              3.91 OK                       
[INFO] [STEP 032] Rosetta_2007                   0.02              0.09 OK                       
[INFO] [STEP 032] Rosetta_2009                   0.00              2.77 LEGACY FLAG              
[INFO] [STEP 032] MESSENGER_2005                 0.02              3.26 LEGACY FLAG              
[INFO] [STEP 032] Juno_2013                      0.00              9.35 LEGACY FLAG              
[INFO] [STEP 032] Stardust_2001                  0.00              0.00 OK                       
[INFO] [STEP 032] OSIRIS-REx_2017                0.00              0.00 OK                       
[INFO] [STEP 032] BepiColombo_2020               0.00              0.00 OK                       
[INFO] [STEP 032] Total missions: 12
[INFO] [STEP 032] TEP-predicted detectable: 8
[INFO] [STEP 032] Legacy flags: 5
[INFO] [STEP 032] Legacy diagnostic flags 5 null missions where the superseded altitude-only scaling predicts a detectable signal. Do not treat this as evidence for OD absorption; use Step 039 and raw DSN re-analysis for inference.
[INFO] [STEP 032] ✓ Report saved to: /Users/matthewsmawfield/www/Temporal Equivalence Principle/TEP-EFA/results/step032_tep_suppression_analysis.json
[INFO] [STEP 032]   Output: step032_tep_suppression_analysis.json (TEP suppression analysis report)
[INFO] [STEP 032] 
[INFO] [STEP 032] ================================================================================
[INFO] [STEP 032] STEP SUMMARY: step_032_tep_suppression
[INFO] [STEP 032] ================================================================================
[INFO] [STEP 032] Step Number: 032
[INFO] [STEP 032] Status: SUCCESS
[INFO] [STEP 032] Duration: 0.30s
[INFO] [STEP 032] Calculations Logged: 0
[INFO] [STEP 032] Output Files: 1
[INFO] [STEP 032] Log file: /Users/matthewsmawfield/www/Temporal Equivalence Principle/TEP-EFA/logs/step_032_tep_suppression.log
[INFO] [STEP 032] 
[INFO] [STEP 032] Generated 1 output file(s):
[INFO] [STEP 032]   • step032_tep_suppression_analysis.json: 10.23 KB - TEP suppression analysis report
[INFO] [STEP 032] ================================================================================
[INFO] [STEP 032] STEP 032 COMPLETE: SUCCESS
[INFO] [STEP 032] Provenance data saved to /Users/matthewsmawfield/www/Temporal Equivalence Principle/TEP-EFA/results/provenance/step_032_tep_suppression_provenance.json
