[2026-09-26 18:21:42 UTC] [INFO    ] [STEP 026] LOGGER INITIALIZED: step_026_stable_model_comparison (Step 026)
[2026-09-26 18:21:42 UTC] [DEBUG   ] [STEP 026] Log file: /Users/matthewsmawfield/www/Temporal Equivalence Principle/TEP-EFA/logs/step_026_stable_model_comparison.log
[2026-09-26 18:21:42 UTC] [DEBUG   ] [STEP 026] Project root: /Users/matthewsmawfield/www/Temporal Equivalence Principle/TEP-EFA
[2026-09-26 18:21:42 UTC] [INFO    ] [STEP 026] ================================================================================
[2026-09-26 18:21:42 UTC] [INFO    ] [STEP 026] STEP 026: FOUR-TIER MODEL COMPARISON
[2026-09-26 18:21:42 UTC] [INFO    ] [STEP 026] ================================================================================
[2026-09-26 18:21:42 UTC] [DEBUG   ] [STEP 026] 
[2026-09-26 18:21:42 UTC] [DEBUG   ] [STEP 026] ================================================================================
[2026-09-26 18:21:42 UTC] [DEBUG   ] [STEP 026] SECTION: FRAMEWORK
[2026-09-26 18:21:42 UTC] [DEBUG   ] [STEP 026] ================================================================================
[2026-09-26 18:21:42 UTC] [INFO    ] [STEP 026] Tiers: Null (0 param) | Anderson (2 param) | TEP restricted (1 param) | TEP flexible (3 param)
[2026-09-26 18:21:42 UTC] [INFO    ] [STEP 026] TEP restricted is the primary evidence claim: all parameters except beta are pre-specified.
[2026-09-26 18:21:42 UTC] [INFO    ] [STEP 026] Skipping Rosetta_2007 for model comparison: snr_below_threshold
[2026-09-26 18:21:42 UTC] [INFO    ] [STEP 026] Skipping Rosetta_2009 for model comparison: snr_below_threshold
[2026-09-26 18:21:42 UTC] [INFO    ] [STEP 026] Skipping Juno for model comparison: snr_below_threshold
[2026-09-26 18:21:42 UTC] [INFO    ] [STEP 026] Skipping Stardust for model comparison: missing_observation
[2026-09-26 18:21:42 UTC] [INFO    ] [STEP 026] Skipping OSIRIS-REx for model comparison: missing_observation
[2026-09-26 18:21:42 UTC] [INFO    ] [STEP 026] Skipping BepiColombo for model comparison: missing_observation
[2026-09-26 18:21:42 UTC] [INFO    ] [STEP 026] Loaded 6 flybys passing Step 008 ensemble gates
[2026-09-26 18:21:42 UTC] [INFO    ] [STEP 026] Catalog entries excluded from ensemble: 6
[2026-09-26 18:21:42 UTC] [INFO    ] [STEP 026] Ensemble config: strict_sign_gate=False (pipeline default: false)
[2026-09-26 18:21:42 UTC] [DEBUG   ] [STEP 026] 
[2026-09-26 18:21:42 UTC] [DEBUG   ] [STEP 026] ================================================================================
[2026-09-26 18:21:42 UTC] [DEBUG   ] [STEP 026] SECTION: FOUR-TIER MODEL COMPARISON
[2026-09-26 18:21:42 UTC] [DEBUG   ] [STEP 026] ================================================================================
[2026-09-26 18:21:42 UTC] [INFO    ] [STEP 026] Using 6 flybys passing Step 008 ensemble gates
[2026-09-26 18:21:42 UTC] [INFO    ] [STEP 026] Headline IC/BF: extra σ_sys = 0.121 mm/s (geometry-prediction spread, ddof=1).
[2026-09-26 18:21:42 UTC] [INFO    ] [STEP 026] This accounts for the fact that published per-flyby uncertainties (~0.01–0.05 mm/s) are inconsistent with the ~1–10 mm/s residuals of the single-β restricted scaling model.
[2026-09-26 18:21:42 UTC] [INFO    ] [STEP 026] 
[2026-09-26 18:21:42 UTC] [INFO    ] [STEP 026] Fitted parameters:
[2026-09-26 18:21:42 UTC] [INFO    ] [STEP 026]   Anderson: A=21.695, B=-0.491
[2026-09-26 18:21:42 UTC] [INFO    ] [STEP 026]   TEP restricted: beta=4.57e-03
[2026-09-26 18:21:42 UTC] [INFO    ] [STEP 026]   TEP flexible: beta=2.48e-03, b_disf=2.58e+00, offset=1.092
[2026-09-26 18:21:42 UTC] [INFO    ] [STEP 026] 
[2026-09-26 18:21:42 UTC] [INFO    ] [STEP 026] Log-likelihoods:
[2026-09-26 18:21:42 UTC] [INFO    ] [STEP 026]   Null:        -3362.26
[2026-09-26 18:21:42 UTC] [INFO    ] [STEP 026]   Anderson:    -108.60
[2026-09-26 18:21:42 UTC] [INFO    ] [STEP 026]   TEP res:     -183.32
[2026-09-26 18:21:42 UTC] [INFO    ] [STEP 026]   TEP flex:    -154.44
[2026-09-26 18:21:42 UTC] [INFO    ] [STEP 026] 
[2026-09-26 18:21:42 UTC] [INFO    ] [STEP 026] Information Criteria:
[2026-09-26 18:21:42 UTC] [INFO    ] [STEP 026]   Null:        AIC=6724.5, BIC=6724.5
[2026-09-26 18:21:42 UTC] [INFO    ] [STEP 026]   Anderson:    AIC=221.2, BIC=220.8
[2026-09-26 18:21:42 UTC] [INFO    ] [STEP 026]   TEP res:     AIC=368.6, BIC=368.4
[2026-09-26 18:21:42 UTC] [INFO    ] [STEP 026]   TEP flex:    AIC=314.9, BIC=314.2
[2026-09-26 18:21:42 UTC] [INFO    ] [STEP 026] 
[2026-09-26 18:21:42 UTC] [INFO    ] [STEP 026] Bayes Factors (via BIC; log10 shown):
[2026-09-26 18:21:42 UTC] [INFO    ] [STEP 026]   WARNING: n=6 is too small for the BIC large-sample approximation.
[2026-09-26 18:21:42 UTC] [INFO    ] [STEP 026]   log10(BF) values exceeding 100.0 are driven by formal
[2026-09-26 18:21:42 UTC] [INFO    ] [STEP 026]   uncertainties and should not be reported as literal probability ratios.
[2026-09-26 18:21:42 UTC] [INFO    ] [STEP 026]   Anderson vs Null:       log10(B)=1412.27 (ΔBIC=6503.7)
[2026-09-26 18:21:42 UTC] [INFO    ] [STEP 026]   TEP restricted vs Null: log10(B)=1380.21 (ΔBIC=6356.1)
[2026-09-26 18:21:42 UTC] [INFO    ] [STEP 026]   TEP flexible vs Null:   log10(B)=1391.97 (ΔBIC=6410.3)
[2026-09-26 18:21:42 UTC] [INFO    ] [STEP 026]   TEP res vs Anderson:    log10(B)=-32.06 (ΔBIC=-147.6)
[2026-09-26 18:21:42 UTC] [INFO    ] [STEP 026] Sign-agreement diagnostic: n=6 (TEP vs Null log10 B = 1380.21)
[2026-09-26 18:21:42 UTC] [DEBUG   ] [STEP 026] 
[2026-09-26 18:21:42 UTC] [DEBUG   ] [STEP 026] ================================================================================
[2026-09-26 18:21:42 UTC] [DEBUG   ] [STEP 026] SECTION: ENSEMBLE COMPOSITION ROBUSTNESS
[2026-09-26 18:21:42 UTC] [DEBUG   ] [STEP 026] ================================================================================
[2026-09-26 18:21:42 UTC] [INFO    ] [STEP 026] Testing whether model-comparison conclusions are sensitive to the n=3 vs n=4 choice (Cassini excluded vs included).
[2026-09-26 18:21:42 UTC] [INFO    ] [STEP 026] Cassini already in eligible ensemble (strict_sign_gate=false); skipping separate n=4 re-merge.
[2026-09-26 18:21:42 UTC] [DEBUG   ] [STEP 026] 
[2026-09-26 18:21:42 UTC] [DEBUG   ] [STEP 026] ================================================================================
[2026-09-26 18:21:42 UTC] [DEBUG   ] [STEP 026] SECTION: FULL-CATALOG MODEL COMPARISON (n=9)
[2026-09-26 18:21:42 UTC] [DEBUG   ] [STEP 026] ================================================================================
[2026-09-26 18:21:42 UTC] [INFO    ] [STEP 026] Testing whether model-preference conclusions hold when the comparison is forced to explain ALL published flybys, not only the three sign-gated primary detections.
[2026-09-26 18:21:42 UTC] [INFO    ] [STEP 026] Using 9 flybys with published observations from Step 007
[2026-09-26 18:21:42 UTC] [INFO    ] [STEP 026] Geometry-spread sigma_sys = 0.100 mm/s (sample std of 9 reference-scale TEP predictions, ddof=1).
[2026-09-26 18:21:42 UTC] [INFO    ] [STEP 026] This includes both primary detections and null-result bounds, providing a more conservative test of model discrimination.
[2026-09-26 18:21:42 UTC] [INFO    ] [STEP 026] 
[2026-09-26 18:21:42 UTC] [INFO    ] [STEP 026] Fitted parameters:
[2026-09-26 18:21:42 UTC] [INFO    ] [STEP 026]   Anderson: A=22.116, B=-0.811
[2026-09-26 18:21:42 UTC] [INFO    ] [STEP 026]   TEP restricted: beta=4.58e-03
[2026-09-26 18:21:42 UTC] [INFO    ] [STEP 026]   TEP flexible: beta=2.48e-03, b_disf=2.78e+00, offset=0.504
[2026-09-26 18:21:42 UTC] [INFO    ] [STEP 026] 
[2026-09-26 18:21:42 UTC] [INFO    ] [STEP 026] Log-likelihoods:
[2026-09-26 18:21:42 UTC] [INFO    ] [STEP 026]   Null:        -3997.14
[2026-09-26 18:21:42 UTC] [INFO    ] [STEP 026]   Anderson:    -178.37
[2026-09-26 18:21:42 UTC] [INFO    ] [STEP 026]   TEP res:     -228.44
[2026-09-26 18:21:42 UTC] [INFO    ] [STEP 026]   TEP flex:    -266.61
[2026-09-26 18:21:42 UTC] [INFO    ] [STEP 026] 
[2026-09-26 18:21:42 UTC] [INFO    ] [STEP 026] Information Criteria:
[2026-09-26 18:21:42 UTC] [INFO    ] [STEP 026]   Null:        AIC=7994.3, BIC=7994.3
[2026-09-26 18:21:42 UTC] [INFO    ] [STEP 026]   Anderson:    AIC=360.7, BIC=361.1
[2026-09-26 18:21:42 UTC] [INFO    ] [STEP 026]   TEP res:     AIC=458.9, BIC=459.1
[2026-09-26 18:21:42 UTC] [INFO    ] [STEP 026]   TEP flex:    AIC=539.2, BIC=539.8
[2026-09-26 18:21:42 UTC] [INFO    ] [STEP 026] 
[2026-09-26 18:21:42 UTC] [INFO    ] [STEP 026] Bayes Factors (via BIC; log10 shown):
[2026-09-26 18:21:42 UTC] [INFO    ] [STEP 026]   WARNING: n=9 is too small for the BIC large-sample approximation.
[2026-09-26 18:21:42 UTC] [INFO    ] [STEP 026]   log10(BF) values exceeding 100.0 are driven by formal
[2026-09-26 18:21:42 UTC] [INFO    ] [STEP 026]   uncertainties and should not be reported as literal probability ratios.
[2026-09-26 18:21:42 UTC] [INFO    ] [STEP 026]   Anderson vs Null:       log10(B)=1657.51 (ΔBIC=7633.1)
[2026-09-26 18:21:42 UTC] [INFO    ] [STEP 026]   TEP restricted vs Null: log10(B)=1636.25 (ΔBIC=7535.2)
[2026-09-26 18:21:42 UTC] [INFO    ] [STEP 026]   TEP flexible vs Null:   log10(B)=1618.72 (ΔBIC=7454.5)
[2026-09-26 18:21:42 UTC] [INFO    ] [STEP 026]   TEP res vs Anderson:    log10(B)=-21.27 (ΔBIC=-97.9)
[2026-09-26 18:21:42 UTC] [INFO    ] [STEP 026] 
[2026-09-26 18:21:42 UTC] [INFO    ] [STEP 026] ======================================================================
[2026-09-26 18:21:42 UTC] [INFO    ] [STEP 026] FULL-CATALOG RESULTS SUMMARY
[2026-09-26 18:21:42 UTC] [INFO    ] [STEP 026]   n_data = 9
[2026-09-26 18:21:42 UTC] [INFO    ] [STEP 026]   TEP restricted vs Null log10(BF) = 1636.25
[2026-09-26 18:21:42 UTC] [INFO    ] [STEP 026]   TEP restricted vs Anderson log10(BF) = -21.27
[2026-09-26 18:21:42 UTC] [INFO    ] [STEP 026]   Best model (BIC) = Anderson
[2026-09-26 18:21:42 UTC] [INFO    ] [STEP 026] ======================================================================
[2026-09-26 18:21:42 UTC] [INFO    ] [STEP 026] ✓ Stable model comparison complete. Saved to /Users/matthewsmawfield/www/Temporal Equivalence Principle/TEP-EFA/results/step026_stable_model_comparison.json
[2026-09-26 18:21:42 UTC] [INFO    ] [STEP 026]   Output: step026_stable_model_comparison.json (Stable model comparison results)
[2026-09-26 18:21:42 UTC] [INFO    ] [STEP 026] 
[2026-09-26 18:21:42 UTC] [INFO    ] [STEP 026] ================================================================================
[2026-09-26 18:21:42 UTC] [INFO    ] [STEP 026] STEP SUMMARY: step_026_stable_model_comparison
[2026-09-26 18:21:42 UTC] [INFO    ] [STEP 026] ================================================================================
[2026-09-26 18:21:42 UTC] [INFO    ] [STEP 026] Step Number: 026
[2026-09-26 18:21:42 UTC] [INFO    ] [STEP 026] Status: SUCCESS
[2026-09-26 18:21:42 UTC] [INFO    ] [STEP 026] Duration: 0.19s
[2026-09-26 18:21:42 UTC] [INFO    ] [STEP 026] Calculations Logged: 0
[2026-09-26 18:21:42 UTC] [INFO    ] [STEP 026] Output Files: 1
[2026-09-26 18:21:42 UTC] [INFO    ] [STEP 026] Log file: /Users/matthewsmawfield/www/Temporal Equivalence Principle/TEP-EFA/logs/step_026_stable_model_comparison.log
[2026-09-26 18:21:42 UTC] [INFO    ] [STEP 026] 
[2026-09-26 18:21:42 UTC] [INFO    ] [STEP 026] Generated 1 output file(s):
[2026-09-26 18:21:42 UTC] [INFO    ] [STEP 026]   • step026_stable_model_comparison.json: 17.33 KB - Stable model comparison results
[2026-09-26 18:21:42 UTC] [INFO    ] [STEP 026] ================================================================================
[2026-09-26 18:21:42 UTC] [INFO    ] [STEP 026] STEP 026 COMPLETE: SUCCESS
[2026-09-26 18:21:42 UTC] [INFO    ] [STEP 026] Provenance data saved to /Users/matthewsmawfield/www/Temporal Equivalence Principle/TEP-EFA/results/provenance/step_026_stable_model_comparison_provenance.json
[2026-09-26 17:21:42 UTC] [INFO    ] [STEP 026] 
[2026-09-26 17:21:42 UTC] [INFO    ] [STEP 026] ================================================================================
[2026-09-26 17:21:42 UTC] [INFO    ] [STEP 026] EXECUTIVE SUMMARY
[2026-09-26 17:21:42 UTC] [INFO    ] [STEP 026] ================================================================================
[2026-09-26 17:21:42 UTC] [INFO    ] [STEP 026] Step: step_026_stable_model_comparison (Step 026)
[2026-09-26 17:21:42 UTC] [INFO    ] [STEP 026] Status: SUCCESS
[2026-09-26 17:21:42 UTC] [INFO    ] [STEP 026] Duration: 0.19s
[2026-09-26 17:21:42 UTC] [INFO    ] [STEP 026] Calculations: 0
[2026-09-26 17:21:42 UTC] [INFO    ] [STEP 026] Output Files: 1
[2026-09-26 17:21:42 UTC] [INFO    ] [STEP 026] Key Outputs:
[2026-09-26 17:21:42 UTC] [INFO    ] [STEP 026]   - step026_stable_model_comparison.json (17.33 KB)
[2026-09-26 17:21:42 UTC] [INFO    ] [STEP 026] ================================================================================
