[INFO] [STEP 036] LOGGER INITIALIZED: step_036_final_report (Step 036)
[INFO] [STEP 036] ================================================================================
[INFO] [STEP 036] STEP 036: FINAL REPORT GENERATION
[INFO] [STEP 036] ================================================================================
[INFO] [STEP 036] Published detections are retained in the catalog; Step 008 fits only sign-gated cases.
[INFO] [STEP 036]   NEAR: Major anomaly (13.46 mm/s)
[INFO] [STEP 036]   Galileo_1990: Moderate anomaly (3.92 mm/s)
[INFO] [STEP 036]   Rosetta_2005: Moderate anomaly (1.82 mm/s)
[INFO] [STEP 036]   Cassini: Minor anomaly (0.11 mm/s; catalog diagnostic, sign-gate stress case)
[INFO] [STEP 036] --------------------------------------------------------------------------------
[INFO] [STEP 036] NEAR (major anomaly)
[INFO] [STEP 036] --------------------------------------------------------------------------------
[INFO] [STEP 036] Observed Δv: 13.46 ± 0.01 mm/s
[INFO] [STEP 036] Fitted β: (4.43e-03 ± 4.28e-05)
[INFO] [STEP 036] PPN |γ-1|: 4.00e-08 (bound: 2.3×10⁻⁵)
[INFO] [STEP 036] Reference: Anderson et al. (2008), PRL 100, 091102
[INFO] [STEP 036] Note: Eros mission; largest detected anomaly with highest signal-to-noise ratio; PPN constraints challenged due to large implied β
[INFO] [STEP 036] --------------------------------------------------------------------------------
[INFO] [STEP 036] Galileo_1990 (moderate anomaly)
[INFO] [STEP 036] --------------------------------------------------------------------------------
[INFO] [STEP 036] Observed Δv: 3.92 ± 0.03 mm/s
[INFO] [STEP 036] Fitted β: (1.44e-02 ± 2.93e-04)
[INFO] [STEP 036] PPN |γ-1|: 4.00e-08 (bound: 2.3×10⁻⁵)
[INFO] [STEP 036] Reference: Anderson et al. (2008), PRL 100, 091102
[INFO] [STEP 036] Note: First Earth flyby en route to Jupiter
[INFO] [STEP 036] --------------------------------------------------------------------------------
[INFO] [STEP 036] Rosetta_2005 (moderate anomaly)
[INFO] [STEP 036] --------------------------------------------------------------------------------
[INFO] [STEP 036] Observed Δv: 1.82 ± 0.05 mm/s
[INFO] [STEP 036] Fitted β: (5.15e-03 ± 8.58e-05)
[INFO] [STEP 036] PPN |γ-1|: 4.00e-08 (bound: 2.3×10⁻⁵)
[INFO] [STEP 036] Reference: Morley & Budnik (2007)
[INFO] [STEP 036] Note: Rosetta first Earth flyby; previously excluded due to JPL Horizons data issues, now included via ESA SPICE kernels
[INFO] [STEP 036] --------------------------------------------------------------------------------
[INFO] [STEP 036] Cassini (minor anomaly)
[INFO] [STEP 036] --------------------------------------------------------------------------------
[INFO] [STEP 036] Observed Δv: 0.11 ± 0.05 mm/s
[INFO] [STEP 036] Fitted β: (1.89e+01 ± 9.44e+00)
[INFO] [STEP 036] PPN |γ-1|: 4.00e-08 (bound: 2.3×10⁻⁵)
[INFO] [STEP 036] Reference: Anderson et al. (2008), PRL 100, 091102
[INFO] [STEP 036] Note: Marginal detection; tests sensitivity limit of TEP framework (S/N = 2.2)
[INFO] [STEP 036] β Parameter Statistics:
[INFO] [STEP 036]   Mean:       8.82e+00
[INFO] [STEP 036]   Std Dev:    1.32e+01
[INFO] [STEP 036]   Weighted:   4.74e-03
[INFO] [STEP 036]   Random eff: 8.40e-03 ± 1.28e-03
[INFO] [STEP 036]   Between-flyby τ: 2.23e-03
[INFO] [STEP 036]   Range:      [4.43e-03, 3.40e+01]
[INFO] [STEP 036]   Span:       7660x variation (reflects anomaly amplitude range)
[INFO] [STEP 036] Sample Size:
[INFO] [STEP 036]   Detections: 6 significant anomalies
[INFO] [STEP 036]   Nulls:      8 non-detections (Galileo 1992, Rosetta 2007, Rosetta 2009, MESSENGER, Juno, Stardust, OSIRIS-REx, BepiColombo)
[INFO] [STEP 036]   Total:      12 flyby events analyzed
[INFO] [STEP 036] Implied |γ - 1|:    4.00e-08
[INFO] [STEP 036] Cassini bound:       2.30e-05
[INFO] [STEP 036] Margin to bound ratio: 6e+02x:1
[INFO] [STEP 036] Status:              Full Compliance
[INFO] [STEP 036] TEP Viability:        Viable
[INFO] [STEP 036] Recommended β:        (4.74e-03 ± 1.28e-03)
[INFO] [STEP 036] PPN Compliance:       Full
[INFO] [STEP 036] Supporting Flybys:    4
[INFO] [STEP 036] Confidence Level:     LIMITED
[INFO] [STEP 036] Rationale: Four literature-reported detections satisfy PPN constraints in the current fit set, but the sample remains small and per-flyby β values span nearly an order of magnitude; per-flyby β consistency χ²≈1178 indicates weak ensemble agreement
[INFO] [STEP 036] Physical Interpretation:
[INFO] [STEP 036]   The fixed-effect pooled β = 4.74e-03 is a flyby-response amplitude; Cassini compliance is evaluated on the solar source-charge projection S_Σ^(⊙) ≲ 1e-8 (Jakarta radial solution), giving |γ-1| = 4.00e-08, within the bound by a factor 5.8e+02. The Ambient Symmetry Restoration mechanism addresses both detections (NEAR, Galileo 1990, Rosetta 2005) and non-detections (MESSENGER, Juno) across varying flyby geometries.
[INFO] [STEP 036] Caveats and Limitations:
[INFO] [STEP 036]   • Analysis relies on literature anomaly values, not independent DSN data analysis
[INFO] [STEP 036]   • 4 flybys yielded successful fits: NEAR, Galileo_1990, Rosetta_2005, Cassini
[INFO] [STEP 036]   • Excluded or skipped flybys in current fit table: Rosetta_2007, Rosetta_2009, Juno, Stardust, OSIRIS-REx, BepiColombo
[INFO] [STEP 036]   • screening restoration phase-boundary factor derived from first-principles PREM integration (Step 015); GNSS cross-check must agree before elevating confidence
[INFO] [STEP 036]   • Null results at high altitude support restoration but do not independently constrain β
[INFO] [STEP 036]   • Extreme between-flyby heterogeneity requires reporting random-effects scatter alongside the formal inverse-variance mean
[INFO] [STEP 036]   • Hierarchical Bayesian pooled β₀ median (Step 015) is 1.62e-02; per-flyby β scatter remains large relative to this pooled scale
[INFO] [STEP 036] Trajectory Data:    NASA JPL Horizons ephemeris system
[INFO] [STEP 036] Anomaly Values:     Peer-reviewed literature (Anderson et al. 2008)
[INFO] [STEP 036] Measurement:        DSN Doppler tracking + JPL ODP
[INFO] [STEP 036] Analysis Date:      2026-09-26
[INFO] [STEP 036] ✓ Report complete
[INFO] [STEP 036] Final output saved to: /Users/matthewsmawfield/www/Temporal Equivalence Principle/TEP-EFA/results/step036_final_report.json
[INFO] [STEP 036]   Output: step036_final_report.json (Final comprehensive report)
[INFO] [STEP 036] 
[INFO] [STEP 036] ================================================================================
[INFO] [STEP 036] STEP SUMMARY: step_036_final_report
[INFO] [STEP 036] ================================================================================
[INFO] [STEP 036] Step Number: 036
[INFO] [STEP 036] Status: SUCCESS
[INFO] [STEP 036] Duration: 0.00s
[INFO] [STEP 036] Calculations Logged: 0
[INFO] [STEP 036] Output Files: 1
[INFO] [STEP 036] Log file: /Users/matthewsmawfield/www/Temporal Equivalence Principle/TEP-EFA/logs/step_036_final_report.log
[INFO] [STEP 036] 
[INFO] [STEP 036] Generated 1 output file(s):
[INFO] [STEP 036]   • step036_final_report.json: 49.94 KB - Final comprehensive report
[INFO] [STEP 036] ================================================================================
[INFO] [STEP 036] STEP 036 COMPLETE: SUCCESS
[INFO] [STEP 036] Provenance data saved to /Users/matthewsmawfield/www/Temporal Equivalence Principle/TEP-EFA/results/provenance/step_036_final_report_provenance.json
