[INFO] [STEP 014] LOGGER INITIALIZED: step_014_sensitivity_analysis (Step 014)
[INFO] [STEP 014] ================================================================================
[INFO] [STEP 014] STEP 014: SENSITIVITY ANALYSIS
[INFO] [STEP 014] ================================================================================
[INFO] [STEP 014] Loaded 6 flyby predictions
[INFO] [STEP 014]   Avg sensitivity: 1.000
[INFO] [STEP 014]   Max impact: 1.000
[INFO] [STEP 014]   Assessment: high
[INFO] [STEP 014]   Avg sensitivity: 0.361
[INFO] [STEP 014]   Max impact: 0.482
[INFO] [STEP 014]   Assessment: moderate
[INFO] [STEP 014]   Avg sensitivity: 1.000
[INFO] [STEP 014]   Max impact: 1.000
[INFO] [STEP 014]   Assessment: high
[INFO] [STEP 014]   Avg sensitivity: 0.050
[INFO] [STEP 014]   Max impact: 0.050
[INFO] [STEP 014]   Assessment: low
[INFO] [STEP 014]   Avg sensitivity: 0.050
[INFO] [STEP 014]   Max impact: 0.050
[INFO] [STEP 014]   Assessment: low
[INFO] [STEP 014]   Avg sensitivity: 0.050
[INFO] [STEP 014]   Max impact: 0.050
[INFO] [STEP 014]   Assessment: low
[INFO] [STEP 014] Correlation (β vs altitude): r = 0.676, p = 0.140
[INFO] [STEP 014] 1. characteristic_suppression S = +1.000 (high)
[INFO] [STEP 014] 2. beta                 S = +1.000 (high)
[INFO] [STEP 014] 3. lambda_tep_km        S = +0.361 (moderate)
[INFO] [STEP 014] 4. disformal_coupling   S = +0.050 (low)
[INFO] [STEP 014] 5. j2                   S = +0.050 (low)
[INFO] [STEP 014] 6. j3                   S = +0.050 (low)
[INFO] [STEP 014] ✓ Sensitivity analysis complete. Saved to /Users/matthewsmawfield/www/Temporal Equivalence Principle/TEP-EFA/results/step014_sensitivity_analysis.json
[INFO] [STEP 014] 
[INFO] [STEP 014] ================================================================================
[INFO] [STEP 014] STEP SUMMARY: step_014_sensitivity_analysis
[INFO] [STEP 014] ================================================================================
[INFO] [STEP 014] Step Number: 014
[INFO] [STEP 014] Status: SUCCESS
[INFO] [STEP 014] Duration: 0.00s
[INFO] [STEP 014] Calculations Logged: 0
[INFO] [STEP 014] Output Files: 0
[INFO] [STEP 014] Log file: /Users/matthewsmawfield/www/Temporal Equivalence Principle/TEP-EFA/logs/step_014_sensitivity_analysis.log
[INFO] [STEP 014] No output files generated
[INFO] [STEP 014] ================================================================================
[INFO] [STEP 014] STEP 014 COMPLETE: SUCCESS
[INFO] [STEP 014] Provenance data saved to /Users/matthewsmawfield/www/Temporal Equivalence Principle/TEP-EFA/results/provenance/step_014_sensitivity_analysis_provenance.json
