[2026-09-26 15:19:24 UTC] [INFO    ] [STEP 015] LOGGER INITIALIZED: step_015_hierarchical_bayesian (Step 015)
[2026-09-26 15:19:24 UTC] [DEBUG   ] [STEP 015] Log file: /Users/matthewsmawfield/www/Temporal Equivalence Principle/TEP-EFA/logs/step_015_hierarchical_bayesian.log
[2026-09-26 15:19:24 UTC] [DEBUG   ] [STEP 015] Project root: /Users/matthewsmawfield/www/Temporal Equivalence Principle/TEP-EFA
[2026-09-26 15:19:24 UTC] [DEBUG   ] [STEP 015] 
[2026-09-26 15:19:24 UTC] [DEBUG   ] [STEP 015] ================================================================================
[2026-09-26 15:19:24 UTC] [DEBUG   ] [STEP 015] SECTION: BUILDING HIERARCHICAL BAYESIAN MODEL
[2026-09-26 15:19:24 UTC] [DEBUG   ] [STEP 015] ================================================================================
[2026-09-26 15:19:24 UTC] [INFO    ] [STEP 015] Model structure:
[2026-09-26 15:19:24 UTC] [INFO    ] [STEP 015]   Level 1: Universal parameters (β_0, b_disf, σ, α_res)
[2026-09-26 15:19:24 UTC] [INFO    ] [STEP 015]   Level 2: Residual geometry modulations
[2026-09-26 15:19:24 UTC] [INFO    ] [STEP 015]   Level 3: Observations with measurement noise
[2026-09-26 15:19:24 UTC] [DEBUG   ] [STEP 015] 
[2026-09-26 15:19:24 UTC] [DEBUG   ] [STEP 015] --- PRIORS ---
[2026-09-26 15:19:24 UTC] [INFO    ] [STEP 015] β_0 ~ LogNormal(ln(1.949e-03), σ_ln=1.344)  # center from Step 008 (overall_analysis.recommended_beta), hierarchical_beta_prior_center=step008_recommended
[2026-09-26 15:19:24 UTC] [INFO    ] [STEP 015] b_disf ~ LogNormal(ln(0.05), 1.0)  # Disformal coupling strength
[2026-09-26 15:19:24 UTC] [INFO    ] [STEP 015] σ ~ LogNormal(ln(0.5), 1.0)  # Flyby-to-flyby scatter
[2026-09-26 15:19:24 UTC] [INFO    ] [STEP 015] α_res ~ Normal(0, 0.3)  # Residual geometry modulation
[2026-09-26 15:19:24 UTC] [INFO    ] [STEP 015] Loaded 10 flybys with observations
[2026-09-26 15:19:24 UTC] [DEBUG   ] [STEP 015] 
[2026-09-26 15:19:24 UTC] [DEBUG   ] [STEP 015] ================================================================================
[2026-09-26 15:19:24 UTC] [DEBUG   ] [STEP 015] SECTION: PER-FLYBY GEOMETRY FACTOR EXTRACTION
[2026-09-26 15:19:24 UTC] [DEBUG   ] [STEP 015] ================================================================================
[2026-09-26 15:19:24 UTC] [INFO    ] [STEP 015] G_i,eff = dv_obs / dv_grad  (reference beta_0 = 1e-4)
[2026-09-26 15:19:24 UTC] [DEBUG   ] [STEP 015] 
[2026-09-26 15:19:24 UTC] [DEBUG   ] [STEP 015] --- PER-FLYBY GEOMETRY FACTORS ---
[2026-09-26 15:19:24 UTC] [INFO    ] [STEP 015]   NEAR           : G_eff =  15.07, alt=  539km, v=12.7km/s, asym=+0.625
[2026-09-26 15:19:24 UTC] [INFO    ] [STEP 015]   Galileo_1990   : G_eff =  33.46, alt=  960km, v=13.7km/s, asym=+0.149
[2026-09-26 15:19:24 UTC] [INFO    ] [STEP 015]   Cassini        : G_eff = 35852.44, alt= 1175km, v=19.0km/s, asym=-0.022
[2026-09-26 15:19:24 UTC] [INFO    ] [STEP 015]   Galileo_1992   : G_eff =  61.20, alt=  303km, v=14.1km/s, asym=-0.170
[2026-09-26 15:19:24 UTC] [INFO    ] [STEP 015]   Rosetta_2005   : G_eff =  10.29, alt= 1955km, v=10.5km/s, asym=+0.173
[2026-09-26 15:19:24 UTC] [INFO    ] [STEP 015]   Rosetta_2007   : G_eff = 312.45, alt= 5301km, v=12.5km/s, asym=+0.034
[2026-09-26 15:19:24 UTC] [DEBUG   ] [STEP 015] 
[2026-09-26 15:19:24 UTC] [DEBUG   ] [STEP 015] --- TRAJECTORY CORRELATIONS ---
[2026-09-26 15:19:24 UTC] [INFO    ] [STEP 015]   G_eff vs altitude:   r = -0.133 (p ≈ 0.816)
[2026-09-26 15:19:24 UTC] [INFO    ] [STEP 015]   G_eff vs velocity:   r = +0.900 (p ≈ 0.011)
[2026-09-26 15:19:24 UTC] [INFO    ] [STEP 015]   G_eff vs asymmetry:  r = -0.279 (p ≈ 0.619)
[2026-09-26 15:19:24 UTC] [DEBUG   ] [STEP 015] 
[2026-09-26 15:19:24 UTC] [DEBUG   ] [STEP 015] --- GEOMETRY FACTOR REGRESSION ---
[2026-09-26 15:19:24 UTC] [INFO    ] [STEP 015]   log10|G_eff| = c0 + c1·alt_norm + c2·vel_norm + c3·asym_norm
[2026-09-26 15:19:24 UTC] [INFO    ] [STEP 015]   c0 = 2.092, c1 = 0.510, c2 = 1.202, c3 = -0.032
[2026-09-26 15:19:24 UTC] [INFO    ] [STEP 015]   R² = 0.968
[2026-09-26 15:19:24 UTC] [DEBUG   ] [STEP 015] 
[2026-09-26 15:19:24 UTC] [DEBUG   ] [STEP 015] --- SUMMARY ---
[2026-09-26 15:19:24 UTC] [INFO    ] [STEP 015]   Median G_eff = 47.33
[2026-09-26 15:19:24 UTC] [INFO    ] [STEP 015]   Mean   G_eff = 6047.49 ± 13329.59
[2026-09-26 15:19:24 UTC] [INFO    ] [STEP 015]   Range: [10.29, 35852.44]
[2026-09-26 15:19:24 UTC] [INFO    ] [STEP 015] 
[2026-09-26 15:19:24 UTC] [INFO    ] [STEP 015]   If beta_0 = 1.00e-4 (theoretical reference):
[2026-09-26 15:19:24 UTC] [INFO    ] [STEP 015]     The effective geometry factor varies by a factor of 3482.7 across flybys.
[2026-09-26 15:19:24 UTC] [INFO    ] [STEP 015]     This confirms geometry-dependent TEP coupling.
[2026-09-26 15:19:24 UTC] [INFO    ] [STEP 015] 
[2026-09-26 15:19:24 UTC] [INFO    ] [STEP 015]   Empirically, the median implied coupling is:
[2026-09-26 15:19:24 UTC] [INFO    ] [STEP 015]     beta_0,implied = 1e-4 × G_eff,median = 4.73e-03
[2026-09-26 15:19:24 UTC] [INFO    ] [STEP 015] MCMC init: log β_0 = ln(1.948773e-03) from Step 008 (overall_analysis.recommended_beta), prior σ_lnβ = 1.3443
[2026-09-26 15:19:24 UTC] [INFO    ] [STEP 015] Running 2000 steps with 32 walkers...
[2026-09-26 15:19:25 UTC] [DEBUG   ] [STEP 015] 
[2026-09-26 15:19:25 UTC] [DEBUG   ] [STEP 015] --- POSTERIOR PREDICTIVE CHECKS ---
[2026-09-26 15:19:25 UTC] [INFO    ] [STEP 015]   NEAR           : obs =   13.46, pred =   13.51 ±  1.81 mm/s, residual = -0.05 mm/s
[2026-09-26 15:19:25 UTC] [INFO    ] [STEP 015]   Galileo_1990   : obs =    3.92, pred =    1.39 ±  0.28 mm/s, residual = +2.53 mm/s
[2026-09-26 15:19:25 UTC] [INFO    ] [STEP 015]   Cassini        : obs =   -2.00, pred =   -0.00 ±  0.00 mm/s, residual = -2.00 mm/s
[2026-09-26 15:19:25 UTC] [INFO    ] [STEP 015]   Galileo_1992   : obs =   -4.60, pred =   -0.59 ±  0.33 mm/s, residual = -4.01 mm/s
[2026-09-26 15:19:25 UTC] [INFO    ] [STEP 015]   Rosetta_2005   : obs =    1.80, pred =    1.92 ±  0.48 mm/s, residual = -0.12 mm/s
[2026-09-26 15:19:25 UTC] [INFO    ] [STEP 015]   Rosetta_2007   : obs =    0.02, pred =    0.00 ±  0.00 mm/s, residual = +0.02 mm/s
[2026-09-26 15:19:25 UTC] [INFO    ] [STEP 015]   MESSENGER_2005 : obs =    0.02, pred =    0.00 ±  0.00 mm/s, residual = +0.02 mm/s
[2026-09-26 15:19:25 UTC] [INFO    ] [STEP 015] Likelihood profile (prior-free): max at β_0 = 2.517e-03; ΔLL(Step-008 center vs max) = -1.23
[2026-09-26 15:19:25 UTC] [DEBUG   ] [STEP 015] 
[2026-09-26 15:19:25 UTC] [DEBUG   ] [STEP 015] --- POSTERIOR STATISTICS ---
[2026-09-26 15:19:25 UTC] [INFO    ] [STEP 015] β_0 = 2.38e-03 ± 1.35e-03
[2026-09-26 15:19:25 UTC] [INFO    ] [STEP 015] σ = 1.64e+00 ± 6.23e-01
[2026-09-26 15:19:25 UTC] [INFO    ] [STEP 015] α_res = -0.002 ± 0.290
[2026-09-26 15:19:26 UTC] [INFO    ] [STEP 015] Corner plot saved to: /Users/matthewsmawfield/www/Temporal Equivalence Principle/TEP-EFA/results/step015_hierarchical_bayesian_corner.png
[2026-09-26 15:19:26 UTC] [INFO    ] [STEP 015]   Output: step015_hierarchical_bayesian_corner.png (Hierarchical Bayesian corner plot)
[2026-09-26 15:19:26 UTC] [DEBUG   ] [STEP 015] 
[2026-09-26 15:19:26 UTC] [DEBUG   ] [STEP 015] ================================================================================
[2026-09-26 15:19:26 UTC] [DEBUG   ] [STEP 015] SECTION: SAVING RESULTS
[2026-09-26 15:19:26 UTC] [DEBUG   ] [STEP 015] ================================================================================
[2026-09-26 15:19:26 UTC] [INFO    ] [STEP 015] Results saved to: /Users/matthewsmawfield/www/Temporal Equivalence Principle/TEP-EFA/results/step015_hierarchical_bayesian_results.json
[2026-09-26 15:19:26 UTC] [INFO    ] [STEP 015] 
[2026-09-26 15:19:26 UTC] [INFO    ] [STEP 015] ================================================================================
[2026-09-26 15:19:26 UTC] [INFO    ] [STEP 015] STEP SUMMARY: step_015_hierarchical_bayesian
[2026-09-26 15:19:26 UTC] [INFO    ] [STEP 015] ================================================================================
[2026-09-26 15:19:26 UTC] [INFO    ] [STEP 015] Step Number: 015
[2026-09-26 15:19:26 UTC] [INFO    ] [STEP 015] Status: SUCCESS
[2026-09-26 15:19:26 UTC] [INFO    ] [STEP 015] Duration: 0.00s
[2026-09-26 15:19:26 UTC] [INFO    ] [STEP 015] Calculations Logged: 0
[2026-09-26 15:19:26 UTC] [INFO    ] [STEP 015] Output Files: 1
[2026-09-26 15:19:26 UTC] [INFO    ] [STEP 015] Log file: /Users/matthewsmawfield/www/Temporal Equivalence Principle/TEP-EFA/logs/step_015_hierarchical_bayesian.log
[2026-09-26 15:19:26 UTC] [INFO    ] [STEP 015] 
[2026-09-26 15:19:26 UTC] [INFO    ] [STEP 015] Generated 1 output file(s):
[2026-09-26 15:19:26 UTC] [INFO    ] [STEP 015]   • step015_hierarchical_bayesian_corner.png: 196.69 KB - Hierarchical Bayesian corner plot
[2026-09-26 15:19:26 UTC] [INFO    ] [STEP 015] ================================================================================
[2026-09-26 15:19:26 UTC] [INFO    ] [STEP 015] STEP 015 COMPLETE: SUCCESS
[2026-09-26 15:19:26 UTC] [INFO    ] [STEP 015] Provenance data saved to /Users/matthewsmawfield/www/Temporal Equivalence Principle/TEP-EFA/results/provenance/step_015_hierarchical_bayesian_provenance.json
[2026-09-26 14:19:26 UTC] [INFO    ] [STEP 015] 
[2026-09-26 14:19:26 UTC] [INFO    ] [STEP 015] ================================================================================
[2026-09-26 14:19:26 UTC] [INFO    ] [STEP 015] EXECUTIVE SUMMARY
[2026-09-26 14:19:26 UTC] [INFO    ] [STEP 015] ================================================================================
[2026-09-26 14:19:26 UTC] [INFO    ] [STEP 015] Step: step_015_hierarchical_bayesian (Step 015)
[2026-09-26 14:19:26 UTC] [INFO    ] [STEP 015] Status: SUCCESS
[2026-09-26 14:19:26 UTC] [INFO    ] [STEP 015] Duration: 0.00s
[2026-09-26 14:19:26 UTC] [INFO    ] [STEP 015] Calculations: 0
[2026-09-26 14:19:26 UTC] [INFO    ] [STEP 015] Output Files: 1
[2026-09-26 14:19:26 UTC] [INFO    ] [STEP 015] Key Outputs:
[2026-09-26 14:19:26 UTC] [INFO    ] [STEP 015]   - step015_hierarchical_bayesian_corner.png (196.69 KB)
[2026-09-26 14:19:26 UTC] [INFO    ] [STEP 015] ================================================================================
