[INFO] [STEP 010] LOGGER INITIALIZED: step_010_tep_first_principles (Step 010)
[INFO] [STEP 010] LOGGER INITIALIZED: step_010_tep_first_principles (Step 010)
[INFO] [STEP 010] ================================================================================
[INFO] [STEP 010] STEP 010: FIRST-PRINCIPLES UCD SATURATION TOPOLOGY CALCULATION
[INFO] [STEP 010] ================================================================================
[INFO] [STEP 010] Reference: TEP Paper 6 (UCD) - Universal Temporal Topology Density Analysis
[INFO] [STEP 010] LOGGER INITIALIZED: step_010_tep_first_principles (Step 010)
[INFO] [STEP 010] Temporal Topology Saturation Scale: ρ_T = 20.0 g/cm³
[INFO] [STEP 010] Empirical screening exponent: γ = 0.334
[INFO] [STEP 010] Soliton Radius: R_sol = 4145.9 km
[INFO] [STEP 010] Earth Radius:   R_⊕ = 6371.0 km
[INFO] [STEP 010] ΔR = R_⊕ - R_sol = 2225.1 km
[INFO] [STEP 010] Formula: R_sol = (3M/4πρ_T)^(1/3)
[INFO] [STEP 010] ρ_T = 20.0 g/cm³ → R_sol = 4145.9 km
[INFO] [STEP 010] S_⊕ = 0.34925 ≈ 0.35
[INFO] [STEP 010] Formula: S_⊕ = (R_earth - L_c) / R_earth
[INFO] [STEP 010] L_c = 4201 km (Paper 5, GTE)
[INFO] [STEP 010] R_sol ≈ L_c = 4201.0 km
[INFO] [STEP 010] S_⊕ = 0.34061 ≈ 0.34
[INFO] [STEP 010] Literature: Paper 5 (GTE), Paper 15 (EFA)
[INFO] [STEP 010] Formula: λ = ℏc/m_φ,  S_⊕ = (R_earth - λ)/R_earth
[INFO] [STEP 010] m_φ = 5e-14 eV/c² (Paper 6)
[INFO] [STEP 010] λ = 3947 km (Compton wavelength)
[INFO] [STEP 010] S_⊕ = 0.38055 ≈ 0.38
[INFO] [STEP 010] Literature: Standard QFT, de Broglie wavelength
[INFO] [STEP 010] Formula: R_sol ≈ R_earth - altitude_threshold
[INFO] [STEP 010] Threshold = 2500 km (Paper 15: null results above)
[INFO] [STEP 010] R_sol = 3871.0 km
[INFO] [STEP 010] S_⊕ = 0.39240 ≈ 0.39
[INFO] [STEP 010] Literature: Paper 15 (EFA), Anderson et al. 2008
[INFO] [STEP 010] Starting SCF solver on the EXCLUDED inverse-power realization (contrast diagnostic)...
[INFO] [STEP 010] Solving d²φ/dr² + (2/r)dφ/dr = V'(φ) + βρ(r)/M_Pl with V = Λ^(4+n)/φ^n
[INFO] [STEP 010]   SCF characteristic suppression: S_⊕ = 0.998
[INFO] [STEP 010]   UCD saturation: R_sol = 4145.9 km
[INFO] [STEP 010]   As expected, excluded-branch SCF differs from UCD by 99.7% (inverse-power realization yields no suppression shell)
[INFO] [STEP 010] Method                | S_⊕   | vs Target (0.34)
[INFO] [STEP 010] -------------------------------------------------------
[INFO] [STEP 010] UCD Saturation (Simple) | 0.349 |  +2.7%
[INFO] [STEP 010] Inverse-power SCF (excluded) | 0.998 | +193.5%
[INFO] [STEP 010] GNSS Direct          | 0.341 |  +0.2%
[INFO] [STEP 010] Compton λ            | 0.381 | +11.9%
[INFO] [STEP 010] Altitude Threshold   | 0.392 | +15.4%
[INFO] [STEP 010] -------------------------------------------------------
[INFO] [STEP 010] Average              | 0.492 | ±0.254 std
[INFO] [STEP 010] 
All 4 TEP methods consistent with 0.34 ± 20%
[INFO] [STEP 010] Independence ledger: GNSS Direct and Compton λ share the terrestrial calibration anchor (ρ_T is set by L_c; m_φ reproduces the same scale), so their agreement is a shared-input consistency check; the altitude threshold is flyby-empirical.
[INFO] [STEP 010] Best agreement: UCD Saturation (0.349) and GNSS Direct (0.341)
[INFO] [STEP 010] 
GNSS Empirical Value: 0.34900
[INFO] [STEP 010] ✓ CONSISTENT: UCD Saturation matches GNSS value (0.07% diff; shared-input check, not independent validation)
[INFO] [STEP 010] GNSS L_c = 4201 km → ρ_T = 19.2 g/cm³
[INFO] [STEP 010] Adopted corpus ρ_T = 20.0 g/cm³
[INFO] [STEP 010] Consistency: 3.9% difference
[INFO] [STEP 010] → the adopted global ρ_T recovers its own terrestrial anchor to ~4% (shared-input check under the L_c ~ O(1)·R_T(M_⊕) identification, Paper 6 §2 transfer sketch — not an independent validation)
[INFO] [STEP 010] Test 1: GNSS correlation length → ρ_c consistency...
[INFO] [STEP 010]   L_c = 2234 km → ρ_T = 127.8 g/cm³
[INFO] [STEP 010]   L_c = 4201 km → ρ_T = 19.2 g/cm³
[INFO] [STEP 010]   L_c = 6168 km → ρ_T = 6.1 g/cm³
[INFO] [STEP 010]   GNSS Consistency: PASS
[INFO] [STEP 010] Test 2: Multi-scale ρ_T validation...
[INFO] [STEP 010]   Proton: M = 1.67e-27 kg, R_sol = 0.0 km
[INFO] [STEP 010]   Earth: M = 5.97e+24 kg, R_sol = 4145.9 km
[INFO] [STEP 010]   Sun: M = 1.99e+30 kg, R_sol = 287460.5 km
[INFO] [STEP 010]   Multi-scale: PASS
[INFO] [STEP 010] Test 3: Parameter sensitivity analysis...
[INFO] [STEP 010]   ρ_T = 15.0 g/cm³ → R_sol = 4563 km, S_⊕ = 0.284
[INFO] [STEP 010]   ρ_T = 18.0 g/cm³ → R_sol = 4294 km, S_⊕ = 0.326
[INFO] [STEP 010]   ρ_T = 20.0 g/cm³ → R_sol = 4146 km, S_⊕ = 0.349
[INFO] [STEP 010]   ρ_T = 22.0 g/cm³ → R_sol = 4016 km, S_⊕ = 0.370
[INFO] [STEP 010]   ρ_T = 25.0 g/cm³ → R_sol = 3849 km, S_⊕ = 0.396
[INFO] [STEP 010] Test 4: Cross-method agreement...
[INFO] [STEP 010]   Cross-method: PASS
[INFO] [STEP 010] Concern: Origin of 0.34 characteristic suppression needs verification.
[INFO] [STEP 010] Resolution: UCD saturation model provides first-principles derivation.
[INFO] [STEP 010] Key Finding: ρ_T = 20 g/cm³ → R_sol ≈ 4146 km → S_⊕ ≈ 0.34
[INFO] [STEP 010] 
Results saved to: /Users/matthewsmawfield/www/Temporal Equivalence Principle/TEP-EFA/results/step010_ucd_saturation_results.json
[INFO] [STEP 010] 
[INFO] [STEP 010] ================================================================================
[INFO] [STEP 010] STEP SUMMARY: step_010_tep_first_principles
[INFO] [STEP 010] ================================================================================
[INFO] [STEP 010] Step Number: 010
[INFO] [STEP 010] Status: SUCCESS
[INFO] [STEP 010] Duration: 0.00s
[INFO] [STEP 010] Calculations Logged: 0
[INFO] [STEP 010] Output Files: 0
[INFO] [STEP 010] Log file: /Users/matthewsmawfield/www/Temporal Equivalence Principle/TEP-EFA/logs/step_010_tep_first_principles.log
[INFO] [STEP 010] No output files generated
[INFO] [STEP 010] ================================================================================
[INFO] [STEP 010] STEP 010 COMPLETE: SUCCESS
[INFO] [STEP 010] Provenance data saved to /Users/matthewsmawfield/www/Temporal Equivalence Principle/TEP-EFA/results/provenance/step_010_tep_first_principles_provenance.json
