[2026-09-14 12:16:50 UTC] [INFO    ] [STEP 033] LOGGER INITIALIZED: step_033_iri_trajectory_profile (Step 033)
[2026-09-14 12:16:50 UTC] [DEBUG   ] [STEP 033] Log file: /Users/matthewsmawfield/www/Temporal Equivalence Principle/TEP-EFA/logs/step_033_iri_trajectory_profile.log
[2026-09-14 12:16:50 UTC] [DEBUG   ] [STEP 033] Project root: /Users/matthewsmawfield/www/Temporal Equivalence Principle/TEP-EFA
[2026-09-14 12:16:50 UTC] [INFO    ] [STEP 033] ================================================================================
[2026-09-14 12:16:50 UTC] [INFO    ] [STEP 033] STEP 033: CONTINUOUS IRI TRAJECTORY PROFILES
[2026-09-14 12:16:50 UTC] [INFO    ] [STEP 033] ================================================================================
[2026-09-14 12:16:50 UTC] [INFO    ] [STEP 033] IRI sampling: stride=6, perigee_halfwidth=200, mission_parallel_workers=12 (cpu_count=15)
[2026-09-14 12:17:30 UTC] [DEBUG   ] [STEP 033] 
[2026-09-14 12:17:30 UTC] [DEBUG   ] [STEP 033] --- Processed NEAR_1998 (1055 altitude samples) ---
[2026-09-14 12:17:30 UTC] [DEBUG   ] [STEP 033] 
[2026-09-14 12:17:30 UTC] [DEBUG   ] [STEP 033] --- Processed Stardust_2001 (1055 altitude samples) ---
[2026-09-14 12:17:30 UTC] [DEBUG   ] [STEP 033] 
[2026-09-14 12:17:30 UTC] [DEBUG   ] [STEP 033] --- Processed OSIRIS-REx_2017 (1055 altitude samples) ---
[2026-09-14 12:17:30 UTC] [DEBUG   ] [STEP 033] 
[2026-09-14 12:17:30 UTC] [DEBUG   ] [STEP 033] --- Processed Juno_2013 (1056 altitude samples) ---
[2026-09-14 12:17:30 UTC] [DEBUG   ] [STEP 033] 
[2026-09-14 12:17:30 UTC] [DEBUG   ] [STEP 033] --- Processed Galileo_1990 (1055 altitude samples) ---
[2026-09-14 12:17:30 UTC] [DEBUG   ] [STEP 033] 
[2026-09-14 12:17:30 UTC] [DEBUG   ] [STEP 033] --- Processed Rosetta_2005 (1056 altitude samples) ---
[2026-09-14 12:17:30 UTC] [DEBUG   ] [STEP 033] 
[2026-09-14 12:17:30 UTC] [DEBUG   ] [STEP 033] --- Processed Rosetta_2009 (1055 altitude samples) ---
[2026-09-14 12:17:30 UTC] [DEBUG   ] [STEP 033] 
[2026-09-14 12:17:30 UTC] [DEBUG   ] [STEP 033] --- Processed Cassini_1999 (1055 altitude samples) ---
[2026-09-14 12:17:30 UTC] [DEBUG   ] [STEP 033] 
[2026-09-14 12:17:30 UTC] [DEBUG   ] [STEP 033] --- Processed Rosetta_2007 (1056 altitude samples) ---
[2026-09-14 12:17:30 UTC] [DEBUG   ] [STEP 033] 
[2026-09-14 12:17:30 UTC] [DEBUG   ] [STEP 033] --- Processed MESSENGER_2005 (1055 altitude samples) ---
[2026-09-14 12:17:30 UTC] [DEBUG   ] [STEP 033] 
[2026-09-14 12:17:30 UTC] [DEBUG   ] [STEP 033] --- Processed BepiColombo_2020 (1055 altitude samples) ---
[2026-09-14 12:17:30 UTC] [DEBUG   ] [STEP 033] 
[2026-09-14 12:17:30 UTC] [DEBUG   ] [STEP 033] --- Processed Galileo_1992 (1056 altitude samples) ---
[2026-09-14 12:17:31 UTC] [INFO    ] [STEP 033] ✓ IRI trajectory profiles saved to: /Users/matthewsmawfield/www/Temporal Equivalence Principle/TEP-EFA/results/step033_iri_trajectory_profiles.json
[2026-09-14 12:17:31 UTC] [INFO    ] [STEP 033] ✓ STEP 033 COMPLETE
