[INFO] [STEP 008] LOGGER INITIALIZED: step_008_fitting (Step 008)
[INFO] [STEP 008] ================================================================================
[INFO] [STEP 008] STEP 008: TEP PARAMETER FITTING
[INFO] [STEP 008] ================================================================================
[INFO] [STEP 008] Fitting β parameter for 12 flybys
[INFO] [STEP 008] 
[INFO] [STEP 008] Scientific Context:
[INFO] [STEP 008]   The TEP coupling parameter β quantifies the strength of the conformal coupling
[INFO] [STEP 008]   between matter and the Temporal Topology scalar field. It is determined by fitting
[INFO] [STEP 008]   the predicted velocity anomaly from the scalar force model to the observed
[INFO] [STEP 008]   Doppler measurements from NASA's Deep Space Network.
[INFO] [STEP 008] 
[INFO] [STEP 008] Selection Criterion (a priori, S/N > 2):
[INFO] [STEP 008]   Flybys are included in fitting only if the observed anomaly has signal-to-noise
[INFO] [STEP 008]   ratio ≥ 2. This prevents confirmation bias by excluding marginal detections.
[INFO] [STEP 008]   Current analysis: Will show count after fitting completes.
[INFO] [STEP 008]   Sign agreement at β_ref: not enforced for fitting (strict_sign_gate=false); inverse-variance headline uses all S/N-qualified fits; sign-gated diagnostic is separate.
[INFO] [STEP 008] --------------------------------------------------------------------------------
[INFO] [STEP 008] Processing: NEAR
[INFO] [STEP 008] --------------------------------------------------------------------------------
[INFO] [STEP 008] Observed Δv: 13.46 mm/s
[INFO] [STEP 008] TEP predicted: 0.30 mm/s
[INFO] [STEP 008] THRESHOLD [S/N >= 2]: 103.53846153846155 >= 2.0 → PASS
[INFO] [STEP 008] THRESHOLD [PPN Compliance]: 3.9999999200000014e-08 < 2.3e-05 → PASS
[INFO] [STEP 008] Fitted β: 4.43e-03 ± 4.28e-05
[INFO] [STEP 008] β_eff (with Temporal Shear screening): 1.55e-03
[INFO] [STEP 008] |γ-1| from β_eff: 4.00e-08 (bound: 2.3e-5)
[INFO] [STEP 008] Status: allowed
[INFO] [STEP 008] 
[INFO] [STEP 008]   Physics Interpretation:
[INFO] [STEP 008]     The fitted coupling β = 4.43e-03 implies an effective
[INFO] [STEP 008]     coupling β_eff = 1.55e-03 after Temporal Topology screening.
[INFO] [STEP 008]     This corresponds to PPN parameter deviation |γ-1| = 4.00e-08,
[INFO] [STEP 008]     ratio to Cassini bound: 5.75e+02
[INFO] [STEP 008]     PPN constraint satisfied.
[INFO] [STEP 008] --------------------------------------------------------------------------------
[INFO] [STEP 008] Processing: Galileo_1990
[INFO] [STEP 008] --------------------------------------------------------------------------------
[INFO] [STEP 008] Observed Δv: 3.92 mm/s
[INFO] [STEP 008] TEP predicted: 0.03 mm/s
[INFO] [STEP 008] THRESHOLD [S/N >= 2]: 49.0 >= 2.0 → PASS
[INFO] [STEP 008] THRESHOLD [PPN Compliance]: 3.9999999200000014e-08 < 2.3e-05 → PASS
[INFO] [STEP 008] Fitted β: 1.44e-02 ± 2.93e-04
[INFO] [STEP 008] β_eff (with Temporal Shear screening): 5.02e-03
[INFO] [STEP 008] |γ-1| from β_eff: 4.00e-08 (bound: 2.3e-5)
[INFO] [STEP 008] Status: allowed
[INFO] [STEP 008] 
[INFO] [STEP 008]   Physics Interpretation:
[INFO] [STEP 008]     The fitted coupling β = 1.44e-02 implies an effective
[INFO] [STEP 008]     coupling β_eff = 5.02e-03 after Temporal Topology screening.
[INFO] [STEP 008]     This corresponds to PPN parameter deviation |γ-1| = 4.00e-08,
[INFO] [STEP 008]     ratio to Cassini bound: 5.75e+02
[INFO] [STEP 008]     PPN constraint satisfied.
[INFO] [STEP 008] --------------------------------------------------------------------------------
[INFO] [STEP 008] Processing: Cassini
[INFO] [STEP 008] --------------------------------------------------------------------------------
[INFO] [STEP 008] Observed Δv: -2.00 mm/s
[INFO] [STEP 008] TEP predicted: -0.00 mm/s
[INFO] [STEP 008] THRESHOLD [S/N >= 2]: 2.0 >= 2.0 → PASS
[INFO] [STEP 008] THRESHOLD [PPN Compliance]: 3.9999999200000014e-08 < 2.3e-05 → PASS
[INFO] [STEP 008] Fitted β: 1.89e+01 ± 9.44e+00
[INFO] [STEP 008] β_eff (with Temporal Shear screening): 6.60e+00
[INFO] [STEP 008] |γ-1| from β_eff: 4.00e-08 (bound: 2.3e-5)
[INFO] [STEP 008] Status: allowed
[INFO] [STEP 008] 
[INFO] [STEP 008]   Physics Interpretation:
[INFO] [STEP 008]     The fitted coupling β = 1.89e+01 implies an effective
[INFO] [STEP 008]     coupling β_eff = 6.60e+00 after Temporal Topology screening.
[INFO] [STEP 008]     This corresponds to PPN parameter deviation |γ-1| = 4.00e-08,
[INFO] [STEP 008]     ratio to Cassini bound: 5.75e+02
[INFO] [STEP 008]     PPN constraint satisfied.
[INFO] [STEP 008] --------------------------------------------------------------------------------
[INFO] [STEP 008] Processing: Galileo_1992
[INFO] [STEP 008] --------------------------------------------------------------------------------
[INFO] [STEP 008] Observed Δv: -4.60 mm/s
[INFO] [STEP 008] TEP predicted: -0.01 mm/s
[INFO] [STEP 008] THRESHOLD [S/N >= 2]: 4.6 >= 2.0 → PASS
[INFO] [STEP 008] THRESHOLD [PPN Compliance]: 3.9999999200000014e-08 < 2.3e-05 → PASS
[INFO] [STEP 008] Fitted β: 6.65e-02 ± 1.44e-02
[INFO] [STEP 008] β_eff (with Temporal Shear screening): 2.32e-02
[INFO] [STEP 008] |γ-1| from β_eff: 4.00e-08 (bound: 2.3e-5)
[INFO] [STEP 008] Status: allowed
[INFO] [STEP 008] 
[INFO] [STEP 008]   Physics Interpretation:
[INFO] [STEP 008]     The fitted coupling β = 6.65e-02 implies an effective
[INFO] [STEP 008]     coupling β_eff = 2.32e-02 after Temporal Topology screening.
[INFO] [STEP 008]     This corresponds to PPN parameter deviation |γ-1| = 4.00e-08,
[INFO] [STEP 008]     ratio to Cassini bound: 5.75e+02
[INFO] [STEP 008]     PPN constraint satisfied.
[INFO] [STEP 008] --------------------------------------------------------------------------------
[INFO] [STEP 008] Processing: Rosetta_2005
[INFO] [STEP 008] --------------------------------------------------------------------------------
[INFO] [STEP 008] Observed Δv: 1.80 mm/s
[INFO] [STEP 008] TEP predicted: 0.03 mm/s
[INFO] [STEP 008] THRESHOLD [S/N >= 2]: 60.00000000000001 >= 2.0 → PASS
[INFO] [STEP 008] THRESHOLD [PPN Compliance]: 3.9999999200000014e-08 < 2.3e-05 → PASS
[INFO] [STEP 008] Fitted β: 5.15e-03 ± 8.58e-05
[INFO] [STEP 008] β_eff (with Temporal Shear screening): 1.80e-03
[INFO] [STEP 008] |γ-1| from β_eff: 4.00e-08 (bound: 2.3e-5)
[INFO] [STEP 008] Status: allowed
[INFO] [STEP 008] 
[INFO] [STEP 008]   Physics Interpretation:
[INFO] [STEP 008]     The fitted coupling β = 5.15e-03 implies an effective
[INFO] [STEP 008]     coupling β_eff = 1.80e-03 after Temporal Topology screening.
[INFO] [STEP 008]     This corresponds to PPN parameter deviation |γ-1| = 4.00e-08,
[INFO] [STEP 008]     ratio to Cassini bound: 5.75e+02
[INFO] [STEP 008]     PPN constraint satisfied.
[INFO] [STEP 008] --------------------------------------------------------------------------------
[INFO] [STEP 008] Processing: Rosetta_2007
[INFO] [STEP 008] --------------------------------------------------------------------------------
[INFO] [STEP 008] Observed Δv: 0.02 mm/s
[INFO] [STEP 008] TEP predicted: 0.00 mm/s
[INFO] [STEP 008] THRESHOLD [S/N >= 2]: 0.39999999999999997 >= 2.0 → FAIL
[INFO] [STEP 008]   Excluded: S/N = 0.40 < 2.0 (below threshold)
[INFO] [STEP 008] Status: below_snr_threshold
[INFO] [STEP 008] 
[INFO] [STEP 008]   Reason for exclusion:
[INFO] [STEP 008]     Signal-to-noise ratio < 2 (a priori selection criterion).
[INFO] [STEP 008]     This is a null-result flyby used for effect size comparison.
[INFO] [STEP 008] --------------------------------------------------------------------------------
[INFO] [STEP 008] Processing: Rosetta_2009
[INFO] [STEP 008] --------------------------------------------------------------------------------
[INFO] [STEP 008] Observed Δv: 0.00 mm/s
[INFO] [STEP 008] TEP predicted: 0.00 mm/s
[INFO] [STEP 008] THRESHOLD [S/N >= 2]: 0.0 >= 2.0 → FAIL
[INFO] [STEP 008]   Excluded: S/N = 0.00 < 2.0 (below threshold)
[INFO] [STEP 008] Status: below_snr_threshold
[INFO] [STEP 008] 
[INFO] [STEP 008]   Reason for exclusion:
[INFO] [STEP 008]     Signal-to-noise ratio < 2 (a priori selection criterion).
[INFO] [STEP 008]     This is a null-result flyby used for effect size comparison.
[INFO] [STEP 008] --------------------------------------------------------------------------------
[INFO] [STEP 008] Processing: MESSENGER_2005
[INFO] [STEP 008] --------------------------------------------------------------------------------
[INFO] [STEP 008] Observed Δv: 0.02 mm/s
[INFO] [STEP 008] TEP predicted: 0.00 mm/s
[INFO] [STEP 008] THRESHOLD [S/N >= 2]: 2.0 >= 2.0 → PASS
[INFO] [STEP 008] THRESHOLD [PPN Compliance]: 3.9999999200000014e-08 < 2.3e-05 → PASS
[INFO] [STEP 008] Fitted β: 3.40e+01 ± 1.70e+01
[INFO] [STEP 008] β_eff (with Temporal Shear screening): 1.19e+01
[INFO] [STEP 008] |γ-1| from β_eff: 4.00e-08 (bound: 2.3e-5)
[INFO] [STEP 008] Status: allowed
[INFO] [STEP 008] 
[INFO] [STEP 008]   Physics Interpretation:
[INFO] [STEP 008]     The fitted coupling β = 3.40e+01 implies an effective
[INFO] [STEP 008]     coupling β_eff = 1.19e+01 after Temporal Topology screening.
[INFO] [STEP 008]     This corresponds to PPN parameter deviation |γ-1| = 4.00e-08,
[INFO] [STEP 008]     ratio to Cassini bound: 5.75e+02
[INFO] [STEP 008]     PPN constraint satisfied.
[INFO] [STEP 008] --------------------------------------------------------------------------------
[INFO] [STEP 008] Processing: Juno
[INFO] [STEP 008] --------------------------------------------------------------------------------
[INFO] [STEP 008] Observed Δv: 0.00 mm/s
[INFO] [STEP 008] TEP predicted: 0.00 mm/s
[INFO] [STEP 008] THRESHOLD [S/N >= 2]: 0.0 >= 2.0 → FAIL
[INFO] [STEP 008]   Excluded: S/N = 0.00 < 2.0 (below threshold)
[INFO] [STEP 008] Status: below_snr_threshold
[INFO] [STEP 008] 
[INFO] [STEP 008]   Reason for exclusion:
[INFO] [STEP 008]     Signal-to-noise ratio < 2 (a priori selection criterion).
[INFO] [STEP 008]     This is a null-result flyby used for effect size comparison.
[INFO] [STEP 008] --------------------------------------------------------------------------------
[INFO] [STEP 008] Processing: Stardust
[INFO] [STEP 008] --------------------------------------------------------------------------------
[INFO] [STEP 008] Observed Δv: N/A
[INFO] [STEP 008] TEP predicted: -0.00 mm/s
[INFO] [STEP 008]   Skipping Stardust: Missing real observational data
[INFO] [STEP 008] Status: skipped
[INFO] [STEP 008] 
[INFO] [STEP 008]   Reason for exclusion:
[INFO] [STEP 008] --------------------------------------------------------------------------------
[INFO] [STEP 008] Processing: OSIRIS-REx
[INFO] [STEP 008] --------------------------------------------------------------------------------
[INFO] [STEP 008] Observed Δv: N/A
[INFO] [STEP 008] TEP predicted: 0.00 mm/s
[INFO] [STEP 008]   Skipping OSIRIS-REx: Missing real observational data
[INFO] [STEP 008] Status: skipped
[INFO] [STEP 008] 
[INFO] [STEP 008]   Reason for exclusion:
[INFO] [STEP 008] --------------------------------------------------------------------------------
[INFO] [STEP 008] Processing: BepiColombo
[INFO] [STEP 008] --------------------------------------------------------------------------------
[INFO] [STEP 008] Observed Δv: N/A
[INFO] [STEP 008] TEP predicted: -0.00 mm/s
[INFO] [STEP 008]   Skipping BepiColombo: Missing real observational data
[INFO] [STEP 008] Status: skipped
[INFO] [STEP 008] 
[INFO] [STEP 008]   Reason for exclusion:
[INFO] [STEP 008] 
[INFO] [STEP 008] Purpose:
[INFO] [STEP 008]   Aggregate individual flyby fits to assess overall TEP framework viability.
[INFO] [STEP 008]   Key question: Do fitted β values converge to a consistent coupling strength
[INFO] [STEP 008]   across diverse flyby geometries, supporting a common scalar sector with path-resolved effective amplitudes?
[INFO] [STEP 008] 
[INFO] [STEP 008] 
[INFO] [STEP 008] Purpose:
[INFO] [STEP 008]   Test whether including geometry-dependent modulation reduces heterogeneity.
[INFO] [STEP 008]   Model: β_eff = β_0 × exp(α_d × log(ρ/ρ_c) + α_g × f(geometry))
[INFO] [STEP 008]   where α_d = 0.334 (fixed from Paper 7), β_0 and α_g are fitted.
[INFO] [STEP 008] 
[INFO] [STEP 008] LOGGER INITIALIZED: step_008_multi_parameter (Step 008)
[INFO] [STEP 008] Multi-parameter empirical geometry fitting disabled.
[INFO] [STEP 008] Reason: The Holonomic Integration model structurally computes the geometric 
[INFO] [STEP 008] couplings directly without unconstrained curve fitting.
[WARNING] [STEP 008] ⚠ Multi-parameter fitting status: disabled
[INFO] [STEP 008] Successful fits: 6
[INFO] [STEP 008] Excluded by PPN: 0
[INFO] [STEP 008] 
[INFO] [STEP 008] Interpretation:
[INFO] [STEP 008]   6 flybys provide valid β constraints that satisfy PPN bounds.
[INFO] [STEP 008]   All fitted β values are PPN-compliant (no exclusions required).
[INFO] [STEP 008] Mean: 8.82e+00
[INFO] [STEP 008] Std:  1.32e+01
[INFO] [STEP 008] Weighted mean: 4.74e-03 ± 5.83e-04
[INFO] [STEP 008] Inflated unc:  5.83e-04 (accounts for scatter)
[INFO] [STEP 008] Random-effects mean: 8.40e-03 ± 1.28e-03
[INFO] [STEP 008] Between-flyby τ: 2.23e-03; prediction-scale σ: 2.57e-03
[INFO] [STEP 008] 
[INFO] [STEP 008] Purpose: Test whether fitted β values are consistent with a single
[INFO] [STEP 008] a single pooled amplitude across the gated tier, or if geometry-dependent modulation dominates.
[INFO] [STEP 008] 
[INFO] [STEP 008] χ² = 1.18e+03
[INFO] [STEP 008] Reduced χ² = 2.36e+02
[INFO] [STEP 008] I² = 99.6% (extreme)
[INFO] [STEP 008] 
[INFO] [STEP 008] Interpretation (TEP v0.8):
[INFO] [STEP 008]   I² = 99.6% indicates substantial PHYSICAL heterogeneity.
[INFO] [STEP 008]   Per TEP v0.8 Temporal Topology, each flyby samples different Temporal Shear
[INFO] [STEP 008]   Σ_μ = ∇_μ ln A(φ) due to altitude, latitude, velocity, and trajectory asymmetry.
[INFO] [STEP 008]   The fitted-amplitude span should be reported as geometry-driven scatter,
[INFO] [STEP 008] 
[INFO] [STEP 008]   The weighted mean β is the Step 008 fixed-effect diagnostic over all qualified fits; see beta_statistics_sign_gated_diagnostic for the sign-agreement-restricted subset.
[INFO] [STEP 008]   The random-effects summary is the honest uncertainty scale for cross-flyby scatter.
[INFO] [STEP 008] 
[INFO] [STEP 008] Purpose: Verify that TEP framework conclusions are stable against
[INFO] [STEP 008] statistical fluctuations and do not depend on any single flyby.
[INFO] [STEP 008] Three complementary approaches:
[INFO] [STEP 008]   1. Bootstrap resampling - assess uncertainty from small sample size
[INFO] [STEP 008]   2. Leave-one-out cross-validation - test sensitivity to single flyby
[INFO] [STEP 008]   3. Statistical power analysis - evaluate sample size adequacy
[INFO] [STEP 008] 
[INFO] [STEP 008] Method: Parametric bootstrap with n=10,000 iterations addresses the
[INFO] [STEP 008] fundamental limitation of small sample size (n=3 primary detections).
[INFO] [STEP 008] Each iteration resamples with replacement and adds measurement noise.
[INFO] [STEP 008] 
[INFO] [STEP 008] Bootstrap samples: n=10000
[INFO] [STEP 008] Mean:   4.50e-02
[INFO] [STEP 008] Std:    9.54e-01
[INFO] [STEP 008] Median: 4.77e-03
[INFO] [STEP 008] 95% CI: [4.42e-03, 1.47e-02]
[INFO] [STEP 008] 
[INFO] [STEP 008] Interpretation:
[INFO] [STEP 008]   The 95% confidence interval spans a factor of 3.32,
[INFO] [STEP 008]   reflecting the intrinsic scatter in β from geometry-dependent effects.
[INFO] [STEP 008]   The bootstrap distribution suggests the weighted mean is stable and
[INFO] [STEP 008]   the central value is not an artifact of small sample size.
[INFO] [STEP 008] 
[INFO] [STEP 008] Method: Systematically exclude each detection and recompute weighted mean.
[INFO] [STEP 008] Tests whether conclusion depends on any single flyby (especially NEAR,
[INFO] [STEP 008] which dominates due to superior measurement precision).
[INFO] [STEP 008] 
[INFO] [STEP 008] Excluding NEAR: β = 5.88e-03
[INFO] [STEP 008] Excluding Galileo_1990: β = 4.58e-03
[INFO] [STEP 008] Excluding Cassini: β = 4.74e-03
[INFO] [STEP 008] Excluding Galileo_1992: β = 4.74e-03
[INFO] [STEP 008] Excluding Rosetta_2005: β = 4.64e-03
[INFO] [STEP 008] Excluding MESSENGER_2005: β = 4.74e-03
[INFO] [STEP 008] 
[INFO] [STEP 008] Stability coefficient: 0.092
[INFO] [STEP 008] Interpretation: highly robust
[INFO] [STEP 008] Conclusion robust: Yes
[INFO] [STEP 008] 
[INFO] [STEP 008] Interpretation:
[INFO] [STEP 008]   The TEP viability conclusion is not eliminated by any single deletion.
[INFO] [STEP 008]   Excluding the dominant NEAR detection still leaves a positive pooled amplitude,
[INFO] [STEP 008]   but the small n=2 remainder should be treated as a stress test, not a precision estimate.
[INFO] [STEP 008] Current sample size: n = 6
[INFO] [STEP 008] Effect size (CV): 1.494
[INFO] [STEP 008] Min detectable CV at 80% power: 1.144
[INFO] [STEP 008] Heterogeneity detectable: Yes
[INFO] [STEP 008] Required n to detect current CV: 4
[INFO] [STEP 008] Interpretation: detectable
[INFO] [STEP 008] Note: Current sample can detect CV > 1.14 at 80% power
[INFO] [STEP 008] 
[INFO] [STEP 008] Purpose: Five complementary statistical tests validate the TEP framework
[INFO] [STEP 008] against alternative explanations and quantify evidence strength.
[INFO] [STEP 008] 
[INFO] [STEP 008] 
[INFO] [STEP 008] Method: Cohen's d quantifies signal magnitude independent of sample size.
[INFO] [STEP 008] Compares each detection against the null-result population (n=8 flybys).
[INFO] [STEP 008] 
[INFO] [STEP 008] Null population: n = 3
[INFO] [STEP 008] Null mean Δv: 0.007 mm/s
[INFO] [STEP 008] Null std Δv: 0.012 mm/s
[INFO] [STEP 008] 
[INFO] [STEP 008] Effect sizes (convention: d < 0.2 negligible, 0.2-0.5 small, 0.5-0.8 medium, > 0.8 large):
[INFO] [STEP 008]   NEAR: d = 2.5 (large, strong significance)
[INFO] [STEP 008]   Galileo_1990: d = 0.7 (medium, weak significance)
[INFO] [STEP 008]   Cassini: d = -0.4 (small, weak significance)
[INFO] [STEP 008]   Galileo_1992: d = -0.9 (large, weak significance)
[INFO] [STEP 008]   Rosetta_2005: d = 0.3 (small, weak significance)
[INFO] [STEP 008]   MESSENGER_2005: d = 0.0 (negligible, weak significance)
[INFO] [STEP 008] 
[INFO] [STEP 008] Interpretation:
[INFO] [STEP 008]   Effect sizes are computed for published detections against the null-result population.
[INFO] [STEP 008]   This is a catalog-level anomaly contrast, distinct from the Step 008 inverse-variance β diagnostic.
[INFO] [STEP 008] 
[INFO] [STEP 008] Method: Information-theoretic model selection using AIC and BIC.
[INFO] [STEP 008] Headline comparison evaluates TEP and Null on the same observational Doppler uncertainties.
[INFO] [STEP 008] A separate TEP sensitivity calculation includes additional structured theoretical uncertainty.
[INFO] [STEP 008] 
[INFO] [STEP 008] Models compared:
[INFO] [STEP 008]   TEP: Physical model with single-parameter β rescaling (restricted tier) and Disformal Temporal Topology gradient suppression
[INFO] [STEP 008]   Null: No anomaly (measurement artifacts only)
[INFO] [STEP 008]   Empirical: Ad hoc fits with independent β per flyby (no physics)
[INFO] [STEP 008] 
[INFO] [STEP 008] TEP AIC: 1166.1, BIC: 1165.9
[INFO] [STEP 008] Null AIC: 16736.0, BIC: 16736.0
[INFO] [STEP 008] Empirical AIC: -2.3, BIC: -3.6
[INFO] [STEP 008] TEP structured-uncertainty sensitivity AIC: 48.6, BIC: 48.4
[INFO] [STEP 008] 
[INFO] [STEP 008] Best model (BIC): Empirical
[INFO] [STEP 008] TEP evidence weight: 100.0%
[INFO] [STEP 008] BIC-map TEP vs Null (capped at exp(700)): 1.0e+304; log_evidence_delta=7785.1. BIC-based BF ~ exp(0.5*(BIC_null-BIC_tep)) is a large-sample surrogate; with published formal sigma only, chi^2_null is enormous and log_evidence_delta reaches ~1e6 while the reported BF is capped at exp(700). Do not interpret as posterior odds. Prefer Step 026 headline likelihood with sigma_geom added in quadrature.
[INFO] [STEP 008] 
[INFO] [STEP 008] Interpretation:
[INFO] [STEP 008]   On shared observational uncertainties, the TEP model achieves 100.0% evidence weight
[INFO] [STEP 008]   relative to the null model. This supports a structured physical explanation
[INFO] [STEP 008]   for the detected anomalies, while remaining distinct from the saturated empirical bound.
[INFO] [STEP 008]   The structured-uncertainty sensitivity result should be read as robustness testing,
[INFO] [STEP 008]   not as the headline evidence calculation.
[INFO] [STEP 008] R² = 0.8487 (good)
[INFO] [STEP 008] Correlation = 0.9304
[INFO] [STEP 008] MAE = 1.6658 mm/s
[INFO] [STEP 008] RMSE = 2.2375 mm/s
[INFO] [STEP 008] MAPE = 62.45%
[INFO] [STEP 008] Residuals mean: -0.7360 mm/s
[INFO] [STEP 008] Residuals std: 2.1130 mm/s
[INFO] [STEP 008] Normality p-value: 0.9463
[INFO] [STEP 008] Interpretation: residuals_appear_normal
[INFO] [STEP 008] 
[INFO] [STEP 008] Method: Propagate uncertainties from five independent sources through
[INFO] [STEP 008] the TEP model using root-sum-square combination (uncorrelated errors).
[INFO] [STEP 008] 
[INFO] [STEP 008] Uncertainty sources:
[INFO] [STEP 008]   1. Measurement (Doppler): 4405884.1%
[INFO] [STEP 008]   2. Trajectory reconstruction: 1.0%
[INFO] [STEP 008]   3. Characteristic suppression (UCD): 25.0% ← DOMINANT
[INFO] [STEP 008]   4. Relaxation length (UCD): 15.0%
[INFO] [STEP 008]   5. Multipole coefficients: 0.1%
[INFO] [STEP 008] 
[INFO] [STEP 008] Total relative systematic uncertainty: 4405884.1%
[INFO] [STEP 008] Dominant source: measurement_uncertainty (4405884.1%)
[INFO] [STEP 008] 
[INFO] [STEP 008] Interpretation:
[INFO] [STEP 008]   The large systematic uncertainty (4405884.1%) reflects genuine physical
[INFO] [STEP 008]   uncertainty in the Temporal Topology Temporal Shear mechanism, not a bookkeeping artifact
[INFO] [STEP 008]   of the fitting procedure. The dominant source (measurement_uncertainty,
[INFO] [STEP 008]   4405884.1% of the total variance) remains the main target
[INFO] [STEP 008]   for further first-principles refinement. Even with this uncertainty budget,
[INFO] [STEP 008]   the fitted β values remain PPN-compliant by a wide margin.
[INFO] [STEP 008] Recommended β: 4.74e-03
[INFO] [STEP 008] PPN compliant: Yes
[INFO] [STEP 008] ✓ Fitting complete
[INFO] [STEP 008] Results saved to: /Users/matthewsmawfield/www/Temporal Equivalence Principle/TEP-EFA/results/step008_fitting_results.json
[INFO] [STEP 008]   Output: step008_fitting_results.json (TEP parameter fitting results)
[INFO] [STEP 008] 
[INFO] [STEP 008] ================================================================================
[INFO] [STEP 008] STEP SUMMARY: step_008_fitting
[INFO] [STEP 008] ================================================================================
[INFO] [STEP 008] Step Number: 008
[INFO] [STEP 008] Status: SUCCESS
[INFO] [STEP 008] Duration: 0.11s
[INFO] [STEP 008] Calculations Logged: 48
[INFO] [STEP 008] Output Files: 1
[INFO] [STEP 008] Log file: /Users/matthewsmawfield/www/Temporal Equivalence Principle/TEP-EFA/logs/step_008_fitting.log
[INFO] [STEP 008] 
[INFO] [STEP 008] Generated 1 output file(s):
[INFO] [STEP 008]   • step008_fitting_results.json: 39.33 KB - TEP parameter fitting results
[INFO] [STEP 008] ================================================================================
[INFO] [STEP 008] STEP 008 COMPLETE: SUCCESS
[INFO] [STEP 008] Provenance data saved to /Users/matthewsmawfield/www/Temporal Equivalence Principle/TEP-EFA/results/provenance/step_008_fitting_provenance.json
